[2018-10-18T14:56:46.168+0000][7458859.939s] GC(1155) Pause Young (Allocation Failure) 121M->36M(490M) 8.495ms
[2018-10-18T14:56:46.168+0000][7458859.939s] GC(1155) User=0.01s Sys=0.00s Real=0.01s
[2018-10-18T16:38:46.474+0000][7464980.245s] GC(1156) Pause Young (Allocation Failure)
[2018-10-18T16:38:46.474+0000][7464980.245s] GC(1156) Using 4 workers of 4 for evacuation
[2018-10-18T16:38:46.482+0000][7464980.253s] GC(1156) ParNew: 87915K->493K(109248K)
[2018-10-18T16:38:46.482+0000][7464980.253s] GC(1156) CMS: 36576K->36577K(393216K)
[2018-10-18T16:38:46.482+0000][7464980.253s] GC(1156) Metaspace: 48886K->48886K(1095680K)
[2018-10-18T16:38:46.482+0000][7464980.253s] GC(1156) Pause Young (Allocation Failure) 121M->36M(490M) 7.650ms
[2018-10-18T16:38:46.482+0000][7464980.253s] GC(1156) User=0.01s Sys=0.00s Real=0.01s
[2018-10-18T17:57:46.711+0000][7469720.482s] GC(1157) Pause Young (Allocation Failure)
[2018-10-18T17:57:46.711+0000][7469720.482s] GC(1157) Using 4 workers of 4 for evacuation
[2018-10-18T17:57:46.717+0000][7469720.488s] GC(1157) ParNew: 87917K->440K(109248K)
[2018-10-18T17:57:46.717+0000][7469720.489s] GC(1157) CMS: 36577K->36577K(393216K)
[2018-10-18T17:57:46.717+0000][7469720.489s] GC(1157) Metaspace: 48886K->48886K(1095680K)
[2018-10-18T17:57:46.717+0000][7469720.489s] GC(1157) Pause Young (Allocation Failure) 121M->36M(490M) 6.923ms
[2018-10-18T17:57:46.717+0000][7469720.489s] GC(1157) User=0.01s Sys=0.00s Real=0.01s
[2018-10-18T20:01:47.076+0000][7477160.847s] GC(1158) Pause Young (Allocation Failure)
[2018-10-18T20:01:47.076+0000][7477160.847s] GC(1158) Using 4 workers of 4 for evacuation
[2018-10-18T20:01:47.082+0000][7477160.853s] GC(1158) ParNew: 87864K->415K(109248K)
[2018-10-18T20:01:47.082+0000][7477160.853s] GC(1158) CMS: 36577K->36577K(393216K)
[2018-10-18T20:01:47.082+0000][7477160.853s] GC(1158) Metaspace: 48886K->48886K(1095680K)
[2018-10-18T20:01:47.082+0000][7477160.853s] GC(1158) Pause Young (Allocation Failure) 121M->36M(490M) 5.881ms
[2018-10-18T20:01:47.082+0000][7477160.853s] GC(1158) User=0.01s Sys=0.00s Real=0.00s
[2018-10-18T21:41:47.365+0000][7483161.136s] GC(1159) Pause Young (Allocation Failure)
[2018-10-18T21:41:47.366+0000][7483161.137s] GC(1159) Using 4 workers of 4 for evacuation
[2018-10-18T21:41:47.373+0000][7483161.144s] GC(1159) ParNew: 87839K->525K(109248K)
[2018-10-18T21:41:47.373+0000][7483161.144s] GC(1159) CMS: 36577K->36577K(393216K)
[2018-10-18T21:41:47.373+0000][7483161.144s] GC(1159) Metaspace: 48886K->48886K(1095680K)
[2018-10-18T21:41:47.373+0000][7483161.144s] GC(1159) Pause Young (Allocation Failure) 121M->36M(490M) 7.739ms
[2018-10-18T21:41:47.373+0000][7483161.144s] GC(1159) User=0.02s Sys=0.00s Real=0.01s
[2018-10-18T23:19:26.877+0000][7489020.648s] GC(1160) Pause Young (Allocation Failure)
[2018-10-18T23:19:26.877+0000][7489020.648s] GC(1160) Using 4 workers of 4 for evacuation
[2018-10-18T23:19:26.885+0000][7489020.656s] GC(1160) ParNew: 87949K->446K(109248K)
[2018-10-18T23:19:26.885+0000][7489020.656s] GC(1160) CMS: 36577K->36577K(393216K)
[2018-10-18T23:19:26.885+0000][7489020.656s] GC(1160) Metaspace: 48886K->48886K(1095680K)
[2018-10-18T23:19:26.885+0000][7489020.656s] GC(1160) Pause Young (Allocation Failure) 121M->36M(490M) 8.019ms
[2018-10-18T23:19:26.885+0000][7489020.656s] GC(1160) User=0.02s Sys=0.01s Real=0.00s
[2018-10-19T00:29:36.142+0000][7493229.913s] GC(1161) Pause Young (Allocation Failure)
[2018-10-19T00:29:36.142+0000][7493229.913s] GC(1161) Using 4 workers of 4 for evacuation
[2018-10-19T00:29:36.149+0000][7493229.920s] GC(1161) ParNew: 87870K->572K(109248K)
[2018-10-19T00:29:36.149+0000][7493229.920s] GC(1161) CMS: 36577K->36577K(393216K)
[2018-10-19T00:29:36.149+0000][7493229.920s] GC(1161) Metaspace: 48886K->48886K(1095680K)
[2018-10-19T00:29:36.149+0000][7493229.920s] GC(1161) Pause Young (Allocation Failure) 121M->36M(490M) 7.215ms
[2018-10-19T00:29:36.149+0000][7493229.920s] GC(1161) User=0.01s Sys=0.01s Real=0.01s
[2018-10-19T02:20:41.799+0000][7499895.570s] GC(1162) Pause Young (Allocation Failure)
[2018-10-19T02:20:41.799+0000][7499895.570s] GC(1162) Using 4 workers of 4 for evacuation
[2018-10-19T02:20:41.809+0000][7499895.581s] GC(1162) ParNew: 87996K->378K(109248K)
[2018-10-19T02:20:41.809+0000][7499895.581s] GC(1162) CMS: 36577K->36577K(393216K)
[2018-10-19T02:20:41.809+0000][7499895.581s] GC(1162) Metaspace: 48886K->48886K(1095680K)
[2018-10-19T02:20:41.809+0000][7499895.581s] GC(1162) Pause Young (Allocation Failure) 121M->36M(490M) 10.213ms
[2018-10-19T02:20:41.809+0000][7499895.581s] GC(1162) User=0.02s Sys=0.00s Real=0.01s
[2018-10-19T03:41:48.430+0000][7504762.201s] GC(1163) Pause Young (Allocation Failure)
[2018-10-19T03:41:48.430+0000][7504762.201s] GC(1163) Using 4 workers of 4 for evacuation
[2018-10-19T03:41:48.444+0000][7504762.215s] GC(1163) ParNew: 87802K->412K(109248K)
[2018-10-19T03:41:48.444+0000][7504762.215s] GC(1163) CMS: 36577K->36577K(393216K)
[2018-10-19T03:41:48.444+0000][7504762.215s] GC(1163) Metaspace: 48886K->48886K(1095680K)
[2018-10-19T03:41:48.444+0000][7504762.215s] GC(1163) Pause Young (Allocation Failure) 121M->36M(490M) 14.434ms
[2018-10-19T03:41:48.444+0000][7504762.215s] GC(1163) User=0.02s Sys=0.00s Real=0.01s
[2018-10-19T05:00:00.924+0000][7509454.695s] GC(1164) Pause Young (Allocation Failure)
[2018-10-19T05:00:00.924+0000][7509454.695s] GC(1164) Using 4 workers of 4 for evacuation
[2018-10-19T05:00:00.933+0000][7509454.704s] GC(1164) ParNew: 87836K->484K(109248K)
[2018-10-19T05:00:00.933+0000][7509454.704s] GC(1164) CMS: 36577K->36577K(393216K)
[2018-10-19T05:00:00.933+0000][7509454.704s] GC(1164) Metaspace: 48886K->48886K(1095680K)
[2018-10-19T05:00:00.933+0000][7509454.704s] GC(1164) Pause Young (Allocation Failure) 121M->36M(490M) 8.938ms
[2018-10-19T05:00:00.933+0000][7509454.704s] GC(1164) User=0.02s Sys=0.00s Real=0.01s
[2018-10-19T07:25:49.107+0000][7518202.878s] GC(1165) Pause Young (Allocation Failure)
[2018-10-19T07:25:49.107+0000][7518202.878s] GC(1165) Using 4 workers of 4 for evacuation
[2018-10-19T07:25:49.117+0000][7518202.888s] GC(1165) ParNew: 87908K->437K(109248K)
[2018-10-19T07:25:49.117+0000][7518202.888s] GC(1165) CMS: 36577K->36577K(393216K)
[2018-10-19T07:25:49.117+0000][7518202.888s] GC(1165) Metaspace: 48886K->48886K(1095680K)
[2018-10-19T07:25:49.117+0000][7518202.888s] GC(1165) Pause Young (Allocation Failure) 121M->36M(490M) 10.257ms
[2018-10-19T07:25:49.117+0000][7518202.888s] GC(1165) User=0.02s Sys=0.00s Real=0.01s
[2018-10-19T09:50:49.544+0000][7526903.315s] GC(1166) Pause Young (Allocation Failure)
[2018-10-19T09:50:49.544+0000][7526903.316s] GC(1166) Using 4 workers of 4 for evacuation
[2018-10-19T09:50:49.555+0000][7526903.326s] GC(1166) ParNew: 87861K->493K(109248K)
[2018-10-19T09:50:49.555+0000][7526903.326s] GC(1166) CMS: 36577K->36577K(393216K)
[2018-10-19T09:50:49.555+0000][7526903.326s] GC(1166) Metaspace: 48886K->48886K(1095680K)
[2018-10-19T09:50:49.555+0000][7526903.326s] GC(1166) Pause Young (Allocation Failure) 121M->36M(490M) 10.798ms
[2018-10-19T09:50:49.555+0000][7526903.326s] GC(1166) User=0.01s Sys=0.00s Real=0.01s
[2018-10-19T12:10:21.776+0000][7535275.547s] GC(1167) Pause Young (Allocation Failure)
[2018-10-19T12:10:21.776+0000][7535275.547s] GC(1167) Using 4 workers of 4 for evacuation
[2018-10-19T12:10:21.791+0000][7535275.562s] GC(1167) ParNew: 87917K->384K(109248K)
[2018-10-19T12:10:21.791+0000][7535275.562s] GC(1167) CMS: 36577K->36577K(393216K)
[2018-10-19T12:10:21.791+0000][7535275.562s] GC(1167) Metaspace: 48886K->48886K(1095680K)
[2018-10-19T12:10:21.791+0000][7535275.562s] GC(1167) Pause Young (Allocation Failure) 121M->36M(490M) 15.366ms
[2018-10-19T12:10:21.791+0000][7535275.562s] GC(1167) User=0.02s Sys=0.00s Real=0.01s
[2018-10-19T13:57:05.878+0000][7541679.649s] GC(1168) Pause Young (Allocation Failure)
[2018-10-19T13:57:05.878+0000][7541679.649s] GC(1168) Using 4 workers of 4 for evacuation
[2018-10-19T13:57:05.890+0000][7541679.662s] GC(1168) ParNew: 87808K->526K(109248K)
[2018-10-19T13:57:05.891+0000][7541679.662s] GC(1168) CMS: 36577K->36577K(393216K)
[2018-10-19T13:57:05.891+0000][7541679.662s] GC(1168) Metaspace: 48886K->48886K(1095680K)
[2018-10-19T13:57:05.891+0000][7541679.662s] GC(1168) Pause Young (Allocation Failure) 121M->36M(490M) 12.555ms
[2018-10-19T13:57:05.891+0000][7541679.662s] GC(1168) User=0.02s Sys=0.00s Real=0.01s
[2018-10-19T15:37:55.052+0000][7547728.823s] GC(1169) Pause Young (Allocation Failure)
[2018-10-19T15:37:55.052+0000][7547728.823s] GC(1169) Using 4 workers of 4 for evacuation
[2018-10-19T15:37:55.066+0000][7547728.837s] GC(1169) ParNew: 87950K->400K(109248K)
[2018-10-19T15:37:55.066+0000][7547728.837s] GC(1169) CMS: 36577K->36577K(393216K)
[2018-10-19T15:37:55.066+0000][7547728.837s] GC(1169) Metaspace: 48886K->48886K(1095680K)
[2018-10-19T15:37:55.066+0000][7547728.837s] GC(1169) Pause Young (Allocation Failure) 121M->36M(490M) 13.807ms
[2018-10-19T15:37:55.066+0000][7547728.837s] GC(1169) User=0.03s Sys=0.00s Real=0.02s
[2018-10-19T17:29:30.806+0000][7554424.577s] GC(1170) Pause Young (Allocation Failure)
[2018-10-19T17:29:30.806+0000][7554424.577s] GC(1170) Using 4 workers of 4 for evacuation
[2018-10-19T17:29:30.816+0000][7554424.587s] GC(1170) ParNew: 87824K->434K(109248K)
[2018-10-19T17:29:30.816+0000][7554424.587s] GC(1170) CMS: 36577K->36577K(393216K)
[2018-10-19T17:29:30.816+0000][7554424.587s] GC(1170) Metaspace: 48886K->48886K(1095680K)
[2018-10-19T17:29:30.816+0000][7554424.587s] GC(1170) Pause Young (Allocation Failure) 121M->36M(490M) 10.265ms
[2018-10-19T17:29:30.816+0000][7554424.587s] GC(1170) User=0.02s Sys=0.00s Real=0.01s
[2018-10-19T19:42:51.396+0000][7562425.167s] GC(1171) Pause Young (Allocation Failure)
[2018-10-19T19:42:51.396+0000][7562425.167s] GC(1171) Using 4 workers of 4 for evacuation
[2018-10-19T19:42:51.405+0000][7562425.176s] GC(1171) ParNew: 87858K->494K(109248K)
[2018-10-19T19:42:51.405+0000][7562425.176s] GC(1171) CMS: 36577K->36577K(393216K)
[2018-10-19T19:42:51.405+0000][7562425.176s] GC(1171) Metaspace: 48886K->48886K(1095680K)
[2018-10-19T19:42:51.405+0000][7562425.176s] GC(1171) Pause Young (Allocation Failure) 121M->36M(490M) 9.471ms
[2018-10-19T19:42:51.405+0000][7562425.176s] GC(1171) User=0.02s Sys=0.00s Real=0.00s
[2018-10-19T21:46:51.783+0000][7569865.554s] GC(1172) Pause Young (Allocation Failure)
[2018-10-19T21:46:51.783+0000][7569865.554s] GC(1172) Using 4 workers of 4 for evacuation
[2018-10-19T21:46:51.796+0000][7569865.567s] GC(1172) ParNew: 87918K->361K(109248K)
[2018-10-19T21:46:51.796+0000][7569865.567s] GC(1172) CMS: 36577K->36577K(393216K)
[2018-10-19T21:46:51.796+0000][7569865.567s] GC(1172) Metaspace: 48886K->48886K(1095680K)
[2018-10-19T21:46:51.796+0000][7569865.567s] GC(1172) Pause Young (Allocation Failure) 121M->36M(490M) 13.513ms
[2018-10-19T21:46:51.796+0000][7569865.567s] GC(1172) User=0.02s Sys=0.00s Real=0.02s
[2018-10-19T23:49:52.163+0000][7577245.934s] GC(1173) Pause Young (Allocation Failure)
[2018-10-19T23:49:52.163+0000][7577245.934s] GC(1173) Using 4 workers of 4 for evacuation
[2018-10-19T23:49:52.171+0000][7577245.942s] GC(1173) ParNew: 87785K->523K(109248K)
[2018-10-19T23:49:52.171+0000][7577245.942s] GC(1173) CMS: 36577K->36577K(393216K)
[2018-10-19T23:49:52.171+0000][7577245.942s] GC(1173) Metaspace: 48886K->48886K(1095680K)
[2018-10-19T23:49:52.171+0000][7577245.942s] GC(1173) Pause Young (Allocation Failure) 121M->36M(490M) 8.100ms
[2018-10-19T23:49:52.171+0000][7577245.942s] GC(1173) User=0.01s Sys=0.00s Real=0.01s
[2018-10-20T01:49:04.255+0000][7584398.026s] GC(1174) Pause Young (Allocation Failure)
[2018-10-20T01:49:04.255+0000][7584398.026s] GC(1174) Using 4 workers of 4 for evacuation
[2018-10-20T01:49:04.263+0000][7584398.034s] GC(1174) ParNew: 87947K->472K(109248K)
[2018-10-20T01:49:04.263+0000][7584398.034s] GC(1174) CMS: 36577K->36577K(393216K)
[2018-10-20T01:49:04.263+0000][7584398.034s] GC(1174) Metaspace: 48886K->48886K(1095680K)
[2018-10-20T01:49:04.263+0000][7584398.034s] GC(1174) Pause Young (Allocation Failure) 121M->36M(490M) 8.242ms
[2018-10-20T01:49:04.263+0000][7584398.034s] GC(1174) User=0.01s Sys=0.00s Real=0.01s
[2018-10-20T03:53:52.940+0000][7591886.711s] GC(1175) Pause Young (Allocation Failure)
[2018-10-20T03:53:52.940+0000][7591886.711s] GC(1175) Using 4 workers of 4 for evacuation
[2018-10-20T03:53:52.947+0000][7591886.719s] GC(1175) ParNew: 87896K->642K(109248K)
[2018-10-20T03:53:52.947+0000][7591886.719s] GC(1175) CMS: 36577K->36577K(393216K)
[2018-10-20T03:53:52.947+0000][7591886.719s] GC(1175) Metaspace: 48886K->48886K(1095680K)
[2018-10-20T03:53:52.948+0000][7591886.719s] GC(1175) Pause Young (Allocation Failure) 121M->36M(490M) 7.793ms
[2018-10-20T03:53:52.948+0000][7591886.719s] GC(1175) User=0.01s Sys=0.00s Real=0.01s
[2018-10-20T05:13:18.234+0000][7596652.005s] GC(1176) Pause Young (Allocation Failure)
[2018-10-20T05:13:18.234+0000][7596652.005s] GC(1176) Using 4 workers of 4 for evacuation
[2018-10-20T05:13:18.256+0000][7596652.027s] GC(1176) ParNew: 88066K->357K(109248K)
[2018-10-20T05:13:18.256+0000][7596652.027s] GC(1176) CMS: 36577K->36577K(393216K)
[2018-10-20T05:13:18.256+0000][7596652.027s] GC(1176) Metaspace: 48886K->48886K(1095680K)
[2018-10-20T05:13:18.256+0000][7596652.027s] GC(1176) Pause Young (Allocation Failure) 121M->36M(490M) 21.754ms
[2018-10-20T05:13:18.256+0000][7596652.027s] GC(1176) User=0.03s Sys=0.00s Real=0.03s
[2018-10-20T07:16:53.604+0000][7604067.375s] GC(1177) Pause Young (Allocation Failure)
[2018-10-20T07:16:53.604+0000][7604067.375s] GC(1177) Using 4 workers of 4 for evacuation
[2018-10-20T07:16:53.616+0000][7604067.387s] GC(1177) ParNew: 87781K->480K(109248K)
[2018-10-20T07:16:53.616+0000][7604067.387s] GC(1177) CMS: 36577K->36577K(393216K)
[2018-10-20T07:16:53.616+0000][7604067.387s] GC(1177) Metaspace: 48886K->48886K(1095680K)
[2018-10-20T07:16:53.616+0000][7604067.387s] GC(1177) Pause Young (Allocation Failure) 121M->36M(490M) 11.603ms
[2018-10-20T07:16:53.616+0000][7604067.387s] GC(1177) User=0.03s Sys=0.00s Real=0.02s
[2018-10-20T07:47:20.079+0000][7605893.850s] GC(1178) Pause Young (Allocation Failure)
[2018-10-20T07:47:20.079+0000][7605893.850s] GC(1178) Using 4 workers of 4 for evacuation
[2018-10-20T07:47:20.094+0000][7605893.865s] GC(1178) ParNew: 87904K->418K(109248K)
[2018-10-20T07:47:20.094+0000][7605893.865s] GC(1178) CMS: 36577K->36577K(393216K)
[2018-10-20T07:47:20.094+0000][7605893.865s] GC(1178) Metaspace: 48886K->48886K(1095680K)
[2018-10-20T07:47:20.094+0000][7605893.865s] GC(1178) Pause Young (Allocation Failure) 121M->36M(490M) 15.159ms
[2018-10-20T07:47:20.094+0000][7605893.865s] GC(1178) User=0.03s Sys=0.00s Real=0.01s
[2018-10-20T08:48:53.902+0000][7609587.673s] GC(1179) Pause Young (Allocation Failure)
[2018-10-20T08:48:53.902+0000][7609587.673s] GC(1179) Using 4 workers of 4 for evacuation
[2018-10-20T08:48:53.911+0000][7609587.682s] GC(1179) ParNew: 87842K->508K(109248K)
[2018-10-20T08:48:53.911+0000][7609587.682s] GC(1179) CMS: 36577K->36577K(393216K)
[2018-10-20T08:48:53.911+0000][7609587.682s] GC(1179) Metaspace: 48886K->48886K(1095680K)
[2018-10-20T08:48:53.911+0000][7609587.682s] GC(1179) Pause Young (Allocation Failure) 121M->36M(490M) 8.717ms
[2018-10-20T08:48:53.911+0000][7609587.682s] GC(1179) User=0.01s Sys=0.00s Real=0.01s
[2018-10-20T10:59:32.777+0000][7617426.548s] GC(1180) Pause Young (Allocation Failure)
[2018-10-20T10:59:32.777+0000][7617426.548s] GC(1180) Using 4 workers of 4 for evacuation
[2018-10-20T10:59:32.790+0000][7617426.561s] GC(1180) ParNew: 87932K->432K(109248K)
[2018-10-20T10:59:32.790+0000][7617426.561s] GC(1180) CMS: 36577K->36577K(393216K)
[2018-10-20T10:59:32.790+0000][7617426.561s] GC(1180) Metaspace: 48886K->48886K(1095680K)
[2018-10-20T10:59:32.790+0000][7617426.561s] GC(1180) Pause Young (Allocation Failure) 121M->36M(490M) 13.032ms
[2018-10-20T10:59:32.790+0000][7617426.561s] GC(1180) User=0.02s Sys=0.00s Real=0.01s
[2018-10-20T12:41:01.116+0000][7623514.887s] GC(1181) Pause Young (Allocation Failure)
[2018-10-20T12:41:01.116+0000][7623514.887s] GC(1181) Using 4 workers of 4 for evacuation
[2018-10-20T12:41:01.131+0000][7623514.902s] GC(1181) ParNew: 87856K->536K(109248K)
[2018-10-20T12:41:01.131+0000][7623514.902s] GC(1181) CMS: 36577K->36577K(393216K)
[2018-10-20T12:41:01.131+0000][7623514.902s] GC(1181) Metaspace: 48886K->48886K(1095680K)
[2018-10-20T12:41:01.131+0000][7623514.902s] GC(1181) Pause Young (Allocation Failure) 121M->36M(490M) 15.120ms
[2018-10-20T12:41:01.131+0000][7623514.902s] GC(1181) User=0.02s Sys=0.00s Real=0.01s
[2018-10-20T14:44:17.570+0000][7630911.341s] GC(1182) Pause Young (Allocation Failure)
[2018-10-20T14:44:17.570+0000][7630911.341s] GC(1182) Using 4 workers of 4 for evacuation
[2018-10-20T14:44:17.582+0000][7630911.353s] GC(1182) ParNew: 87960K->491K(109248K)
[2018-10-20T14:44:17.582+0000][7630911.353s] GC(1182) CMS: 36577K->36577K(393216K)
[2018-10-20T14:44:17.582+0000][7630911.353s] GC(1182) Metaspace: 48886K->48886K(1095680K)
[2018-10-20T14:44:17.582+0000][7630911.353s] GC(1182) Pause Young (Allocation Failure) 121M->36M(490M) 11.881ms
[2018-10-20T14:44:17.582+0000][7630911.353s] GC(1182) User=0.02s Sys=0.00s Real=0.01s
[2018-10-20T16:55:55.464+0000][7638809.235s] GC(1183) Pause Young (Allocation Failure)
[2018-10-20T16:55:55.464+0000][7638809.235s] GC(1183) Using 4 workers of 4 for evacuation
[2018-10-20T16:55:55.485+0000][7638809.256s] GC(1183) ParNew: 87915K->379K(109248K)
[2018-10-20T16:55:55.485+0000][7638809.256s] GC(1183) CMS: 36577K->36577K(393216K)
[2018-10-20T16:55:55.485+0000][7638809.256s] GC(1183) Metaspace: 48886K->48886K(1095680K)
[2018-10-20T16:55:55.485+0000][7638809.256s] GC(1183) Pause Young (Allocation Failure) 121M->36M(490M) 21.294ms
[2018-10-20T16:55:55.485+0000][7638809.256s] GC(1183) User=0.03s Sys=0.00s Real=0.02s
[2018-10-20T18:32:09.214+0000][7644582.986s] GC(1184) Pause Young (Allocation Failure)
[2018-10-20T18:32:09.214+0000][7644582.986s] GC(1184) Using 4 workers of 4 for evacuation
[2018-10-20T18:32:09.221+0000][7644582.992s] GC(1184) ParNew: 87803K->453K(109248K)
[2018-10-20T18:32:09.221+0000][7644582.992s] GC(1184) CMS: 36577K->36577K(393216K)
[2018-10-20T18:32:09.221+0000][7644582.992s] GC(1184) Metaspace: 48886K->48886K(1095680K)
[2018-10-20T18:32:09.221+0000][7644582.992s] GC(1184) Pause Young (Allocation Failure) 121M->36M(490M) 6.788ms
[2018-10-20T18:32:09.221+0000][7644582.992s] GC(1184) User=0.01s Sys=0.00s Real=0.01s
[2018-10-20T19:41:04.504+0000][7648718.275s] GC(1185) Pause Young (Allocation Failure)
[2018-10-20T19:41:04.504+0000][7648718.275s] GC(1185) Using 4 workers of 4 for evacuation
[2018-10-20T19:41:04.512+0000][7648718.283s] GC(1185) ParNew: 87877K->516K(109248K)
[2018-10-20T19:41:04.512+0000][7648718.283s] GC(1185) CMS: 36577K->36577K(393216K)
[2018-10-20T19:41:04.512+0000][7648718.283s] GC(1185) Metaspace: 48886K->48886K(1095680K)
[2018-10-20T19:41:04.512+0000][7648718.283s] GC(1185) Pause Young (Allocation Failure) 121M->36M(490M) 8.332ms
[2018-10-20T19:41:04.512+0000][7648718.283s] GC(1185) User=0.02s Sys=0.01s Real=0.01s
[2018-10-20T20:17:51.299+0000][7650925.070s] GC(1186) Pause Young (Allocation Failure)
[2018-10-20T20:17:51.299+0000][7650925.070s] GC(1186) Using 4 workers of 4 for evacuation
[2018-10-20T20:17:51.311+0000][7650925.082s] GC(1186) ParNew: 87940K->401K(109248K)
[2018-10-20T20:17:51.311+0000][7650925.082s] GC(1186) CMS: 36577K->36577K(393216K)
[2018-10-20T20:17:51.311+0000][7650925.082s] GC(1186) Metaspace: 48886K->48886K(1095680K)
[2018-10-20T20:17:51.311+0000][7650925.082s] GC(1186) Pause Young (Allocation Failure) 121M->36M(490M) 11.938ms
[2018-10-20T20:17:51.311+0000][7650925.082s] GC(1186) User=0.02s Sys=0.00s Real=0.01s
[2018-10-20T22:09:56.454+0000][7657650.225s] GC(1187) Pause Young (Allocation Failure)
[2018-10-20T22:09:56.454+0000][7657650.225s] GC(1187) Using 4 workers of 4 for evacuation
[2018-10-20T22:09:56.465+0000][7657650.236s] GC(1187) ParNew: 87825K->472K(109248K)
