[2018-10-13T10:28:22.991+0000][7010756.762s] GC(1092) ParNew: 87856K->449K(109248K)
[2018-10-13T10:28:22.991+0000][7010756.762s] GC(1092) CMS: 36574K->36574K(393216K)
[2018-10-13T10:28:22.991+0000][7010756.762s] GC(1092) Metaspace: 48877K->48877K(1095680K)
[2018-10-13T10:28:22.991+0000][7010756.762s] GC(1092) Pause Young (Allocation Failure) 121M->36M(490M) 5.750ms
[2018-10-13T10:28:22.991+0000][7010756.762s] GC(1092) User=0.01s Sys=0.00s Real=0.01s
[2018-10-13T11:48:54.333+0000][7015588.104s] GC(1093) Pause Young (Allocation Failure)
[2018-10-13T11:48:54.333+0000][7015588.104s] GC(1093) Using 4 workers of 4 for evacuation
[2018-10-13T11:48:54.341+0000][7015588.112s] GC(1093) ParNew: 87873K->497K(109248K)
[2018-10-13T11:48:54.341+0000][7015588.112s] GC(1093) CMS: 36574K->36574K(393216K)
[2018-10-13T11:48:54.341+0000][7015588.112s] GC(1093) Metaspace: 48877K->48877K(1095680K)
[2018-10-13T11:48:54.341+0000][7015588.112s] GC(1093) Pause Young (Allocation Failure) 121M->36M(490M) 8.104ms
[2018-10-13T11:48:54.341+0000][7015588.112s] GC(1093) User=0.02s Sys=0.00s Real=0.01s
[2018-10-13T14:14:23.687+0000][7024317.458s] GC(1094) Pause Young (Allocation Failure)
[2018-10-13T14:14:23.687+0000][7024317.458s] GC(1094) Using 4 workers of 4 for evacuation
[2018-10-13T14:14:23.693+0000][7024317.465s] GC(1094) ParNew: 87921K->438K(109248K)
[2018-10-13T14:14:23.693+0000][7024317.465s] GC(1094) CMS: 36574K->36575K(393216K)
[2018-10-13T14:14:23.693+0000][7024317.465s] GC(1094) Metaspace: 48877K->48877K(1095680K)
[2018-10-13T14:14:23.693+0000][7024317.465s] GC(1094) Pause Young (Allocation Failure) 121M->36M(490M) 6.424ms
[2018-10-13T14:14:23.693+0000][7024317.465s] GC(1094) User=0.01s Sys=0.00s Real=0.00s
[2018-10-13T15:54:30.870+0000][7030324.641s] GC(1095) Pause Young (Allocation Failure)
[2018-10-13T15:54:30.870+0000][7030324.641s] GC(1095) Using 4 workers of 4 for evacuation
[2018-10-13T15:54:30.883+0000][7030324.654s] GC(1095) ParNew: 87862K->385K(109248K)
[2018-10-13T15:54:30.883+0000][7030324.654s] GC(1095) CMS: 36575K->36575K(393216K)
[2018-10-13T15:54:30.883+0000][7030324.654s] GC(1095) Metaspace: 48877K->48877K(1095680K)
[2018-10-13T15:54:30.883+0000][7030324.654s] GC(1095) Pause Young (Allocation Failure) 121M->36M(490M) 12.985ms
[2018-10-13T15:54:30.883+0000][7030324.654s] GC(1095) User=0.02s Sys=0.00s Real=0.01s
[2018-10-13T18:15:24.426+0000][7038778.197s] GC(1096) Pause Young (Allocation Failure)
[2018-10-13T18:15:24.426+0000][7038778.197s] GC(1096) Using 4 workers of 4 for evacuation
[2018-10-13T18:15:24.432+0000][7038778.204s] GC(1096) ParNew: 87809K->471K(109248K)
[2018-10-13T18:15:24.433+0000][7038778.204s] GC(1096) CMS: 36575K->36575K(393216K)
[2018-10-13T18:15:24.433+0000][7038778.204s] GC(1096) Metaspace: 48877K->48877K(1095680K)
[2018-10-13T18:15:24.433+0000][7038778.204s] GC(1096) Pause Young (Allocation Failure) 121M->36M(490M) 6.368ms
[2018-10-13T18:15:24.433+0000][7038778.204s] GC(1096) User=0.01s Sys=0.00s Real=0.00s
[2018-10-13T19:34:30.887+0000][7043524.658s] GC(1097) Pause Young (Allocation Failure)
[2018-10-13T19:34:30.887+0000][7043524.658s] GC(1097) Using 4 workers of 4 for evacuation
[2018-10-13T19:34:30.895+0000][7043524.666s] GC(1097) ParNew: 87895K->393K(109248K)
[2018-10-13T19:34:30.895+0000][7043524.666s] GC(1097) CMS: 36575K->36575K(393216K)
[2018-10-13T19:34:30.895+0000][7043524.666s] GC(1097) Metaspace: 48877K->48877K(1095680K)
[2018-10-13T19:34:30.895+0000][7043524.666s] GC(1097) Pause Young (Allocation Failure) 121M->36M(490M) 7.562ms
[2018-10-13T19:34:30.895+0000][7043524.666s] GC(1097) User=0.01s Sys=0.00s Real=0.00s
[2018-10-13T21:33:37.272+0000][7050671.043s] GC(1098) Pause Young (Allocation Failure)
[2018-10-13T21:33:37.272+0000][7050671.043s] GC(1098) Using 4 workers of 4 for evacuation
[2018-10-13T21:33:37.287+0000][7050671.058s] GC(1098) ParNew: 87817K->430K(109248K)
[2018-10-13T21:33:37.287+0000][7050671.058s] GC(1098) CMS: 36575K->36575K(393216K)
[2018-10-13T21:33:37.287+0000][7050671.058s] GC(1098) Metaspace: 48877K->48877K(1095680K)
[2018-10-13T21:33:37.287+0000][7050671.058s] GC(1098) Pause Young (Allocation Failure) 121M->36M(490M) 14.379ms
[2018-10-13T21:33:37.287+0000][7050671.058s] GC(1098) User=0.03s Sys=0.00s Real=0.02s
[2018-10-13T23:18:25.345+0000][7056959.116s] GC(1099) Pause Young (Allocation Failure)
[2018-10-13T23:18:25.345+0000][7056959.116s] GC(1099) Using 4 workers of 4 for evacuation
[2018-10-13T23:18:25.358+0000][7056959.130s] GC(1099) ParNew: 87854K->410K(109248K)
[2018-10-13T23:18:25.358+0000][7056959.130s] GC(1099) CMS: 36575K->36575K(393216K)
[2018-10-13T23:18:25.358+0000][7056959.130s] GC(1099) Metaspace: 48877K->48877K(1095680K)
[2018-10-13T23:18:25.358+0000][7056959.130s] GC(1099) Pause Young (Allocation Failure) 121M->36M(490M) 13.977ms
[2018-10-13T23:18:25.359+0000][7056959.130s] GC(1099) User=0.03s Sys=0.00s Real=0.02s
[2018-10-14T01:15:25.710+0000][7063979.482s] GC(1100) Pause Young (Allocation Failure)
[2018-10-14T01:15:25.710+0000][7063979.482s] GC(1100) Using 4 workers of 4 for evacuation
[2018-10-14T01:15:25.724+0000][7063979.495s] GC(1100) ParNew: 87834K->415K(109248K)
[2018-10-14T01:15:25.724+0000][7063979.496s] GC(1100) CMS: 36575K->36575K(393216K)
[2018-10-14T01:15:25.724+0000][7063979.496s] GC(1100) Metaspace: 48886K->48886K(1095680K)
[2018-10-14T01:15:25.724+0000][7063979.496s] GC(1100) Pause Young (Allocation Failure) 121M->36M(490M) 14.054ms
[2018-10-14T01:15:25.724+0000][7063979.496s] GC(1100) User=0.02s Sys=0.00s Real=0.01s
[2018-10-14T02:48:05.831+0000][7069539.602s] GC(1101) Pause Young (Allocation Failure)
[2018-10-14T02:48:05.831+0000][7069539.602s] GC(1101) Using 4 workers of 4 for evacuation
[2018-10-14T02:48:05.845+0000][7069539.616s] GC(1101) ParNew: 87839K->423K(109248K)
[2018-10-14T02:48:05.845+0000][7069539.616s] GC(1101) CMS: 36575K->36575K(393216K)
[2018-10-14T02:48:05.845+0000][7069539.616s] GC(1101) Metaspace: 48886K->48886K(1095680K)
[2018-10-14T02:48:05.845+0000][7069539.616s] GC(1101) Pause Young (Allocation Failure) 121M->36M(490M) 13.838ms
[2018-10-14T02:48:05.845+0000][7069539.616s] GC(1101) User=0.02s Sys=0.00s Real=0.01s
[2018-10-14T05:21:26.494+0000][7078740.265s] GC(1102) Pause Young (Allocation Failure)
[2018-10-14T05:21:26.494+0000][7078740.265s] GC(1102) Using 4 workers of 4 for evacuation
[2018-10-14T05:21:26.505+0000][7078740.276s] GC(1102) ParNew: 87847K->514K(109248K)
[2018-10-14T05:21:26.505+0000][7078740.276s] GC(1102) CMS: 36575K->36575K(393216K)
[2018-10-14T05:21:26.505+0000][7078740.276s] GC(1102) Metaspace: 48886K->48886K(1095680K)
[2018-10-14T05:21:26.505+0000][7078740.276s] GC(1102) Pause Young (Allocation Failure) 121M->36M(490M) 11.376ms
[2018-10-14T05:21:26.505+0000][7078740.276s] GC(1102) User=0.02s Sys=0.00s Real=0.01s
[2018-10-14T07:02:26.830+0000][7084800.601s] GC(1103) Pause Young (Allocation Failure)
[2018-10-14T07:02:26.830+0000][7084800.601s] GC(1103) Using 4 workers of 4 for evacuation
[2018-10-14T07:02:26.837+0000][7084800.609s] GC(1103) ParNew: 87938K->465K(109248K)
[2018-10-14T07:02:26.837+0000][7084800.609s] GC(1103) CMS: 36575K->36575K(393216K)
[2018-10-14T07:02:26.837+0000][7084800.609s] GC(1103) Metaspace: 48886K->48886K(1095680K)
[2018-10-14T07:02:26.837+0000][7084800.609s] GC(1103) Pause Young (Allocation Failure) 121M->36M(490M) 7.178ms
[2018-10-14T07:02:26.837+0000][7084800.609s] GC(1103) User=0.01s Sys=0.00s Real=0.01s
[2018-10-14T09:21:25.415+0000][7093139.186s] GC(1104) Pause Young (Allocation Failure)
[2018-10-14T09:21:25.415+0000][7093139.186s] GC(1104) Using 4 workers of 4 for evacuation
[2018-10-14T09:21:25.432+0000][7093139.203s] GC(1104) ParNew: 87889K->425K(109248K)
[2018-10-14T09:21:25.432+0000][7093139.203s] GC(1104) CMS: 36575K->36575K(393216K)
[2018-10-14T09:21:25.432+0000][7093139.203s] GC(1104) Metaspace: 48886K->48886K(1095680K)
[2018-10-14T09:21:25.432+0000][7093139.203s] GC(1104) Pause Young (Allocation Failure) 121M->36M(490M) 16.739ms
[2018-10-14T09:21:25.432+0000][7093139.203s] GC(1104) User=0.04s Sys=0.00s Real=0.02s
[2018-10-14T11:28:27.695+0000][7100761.466s] GC(1105) Pause Young (Allocation Failure)
[2018-10-14T11:28:27.695+0000][7100761.466s] GC(1105) Using 4 workers of 4 for evacuation
[2018-10-14T11:28:27.705+0000][7100761.476s] GC(1105) ParNew: 87849K->525K(109248K)
[2018-10-14T11:28:27.705+0000][7100761.476s] GC(1105) CMS: 36575K->36575K(393216K)
[2018-10-14T11:28:27.705+0000][7100761.476s] GC(1105) Metaspace: 48886K->48886K(1095680K)
[2018-10-14T11:28:27.705+0000][7100761.476s] GC(1105) Pause Young (Allocation Failure) 121M->36M(490M) 10.602ms
[2018-10-14T11:28:27.705+0000][7100761.476s] GC(1105) User=0.02s Sys=0.00s Real=0.01s
[2018-10-14T14:12:20.708+0000][7110594.479s] GC(1106) Pause Young (Allocation Failure)
[2018-10-14T14:12:20.708+0000][7110594.479s] GC(1106) Using 4 workers of 4 for evacuation
[2018-10-14T14:12:20.716+0000][7110594.487s] GC(1106) ParNew: 87949K->402K(109248K)
[2018-10-14T14:12:20.716+0000][7110594.487s] GC(1106) CMS: 36575K->36575K(393216K)
[2018-10-14T14:12:20.716+0000][7110594.487s] GC(1106) Metaspace: 48886K->48886K(1095680K)
[2018-10-14T14:12:20.716+0000][7110594.487s] GC(1106) Pause Young (Allocation Failure) 121M->36M(490M) 7.956ms
[2018-10-14T14:12:20.716+0000][7110594.487s] GC(1106) User=0.02s Sys=0.00s Real=0.01s
[2018-10-14T15:55:28.546+0000][7116782.317s] GC(1107) Pause Young (Allocation Failure)
[2018-10-14T15:55:28.546+0000][7116782.317s] GC(1107) Using 4 workers of 4 for evacuation
[2018-10-14T15:55:28.553+0000][7116782.324s] GC(1107) ParNew: 87826K->505K(109248K)
[2018-10-14T15:55:28.554+0000][7116782.325s] GC(1107) CMS: 36575K->36575K(393216K)
[2018-10-14T15:55:28.554+0000][7116782.325s] GC(1107) Metaspace: 48886K->48886K(1095680K)
[2018-10-14T15:55:28.554+0000][7116782.325s] GC(1107) Pause Young (Allocation Failure) 121M->36M(490M) 7.796ms
[2018-10-14T15:55:28.554+0000][7116782.325s] GC(1107) User=0.01s Sys=0.00s Real=0.00s
[2018-10-14T18:13:25.314+0000][7125059.085s] GC(1108) Pause Young (Allocation Failure)
[2018-10-14T18:13:25.314+0000][7125059.085s] GC(1108) Using 4 workers of 4 for evacuation
[2018-10-14T18:13:25.322+0000][7125059.093s] GC(1108) ParNew: 87929K->454K(109248K)
[2018-10-14T18:13:25.322+0000][7125059.093s] GC(1108) CMS: 36575K->36575K(393216K)
[2018-10-14T18:13:25.322+0000][7125059.093s] GC(1108) Metaspace: 48886K->48886K(1095680K)
[2018-10-14T18:13:25.322+0000][7125059.093s] GC(1108) Pause Young (Allocation Failure) 121M->36M(490M) 8.140ms
[2018-10-14T18:13:25.322+0000][7125059.093s] GC(1108) User=0.02s Sys=0.00s Real=0.01s
[2018-10-14T20:23:13.329+0000][7132847.100s] GC(1109) Pause Young (Allocation Failure)
[2018-10-14T20:23:13.329+0000][7132847.100s] GC(1109) Using 4 workers of 4 for evacuation
[2018-10-14T20:23:13.338+0000][7132847.109s] GC(1109) ParNew: 87878K->412K(109248K)
[2018-10-14T20:23:13.338+0000][7132847.109s] GC(1109) CMS: 36575K->36575K(393216K)
[2018-10-14T20:23:13.338+0000][7132847.109s] GC(1109) Metaspace: 48886K->48886K(1095680K)
[2018-10-14T20:23:13.338+0000][7132847.109s] GC(1109) Pause Young (Allocation Failure) 121M->36M(490M) 8.775ms
[2018-10-14T20:23:13.338+0000][7132847.109s] GC(1109) User=0.02s Sys=0.00s Real=0.01s
[2018-10-14T22:02:35.055+0000][7138808.826s] GC(1110) Pause Young (Allocation Failure)
[2018-10-14T22:02:35.055+0000][7138808.826s] GC(1110) Using 4 workers of 4 for evacuation
[2018-10-14T22:02:35.067+0000][7138808.838s] GC(1110) ParNew: 87836K->443K(109248K)
[2018-10-14T22:02:35.067+0000][7138808.839s] GC(1110) CMS: 36575K->36575K(393216K)
[2018-10-14T22:02:35.067+0000][7138808.839s] GC(1110) Metaspace: 48886K->48886K(1095680K)
[2018-10-14T22:02:35.067+0000][7138808.839s] GC(1110) Pause Young (Allocation Failure) 121M->36M(490M) 12.191ms
[2018-10-14T22:02:35.067+0000][7138808.839s] GC(1110) User=0.02s Sys=0.00s Real=0.02s
[2018-10-15T00:01:29.995+0000][7145943.767s] GC(1111) Pause Young (Allocation Failure)
[2018-10-15T00:01:29.996+0000][7145943.767s] GC(1111) Using 4 workers of 4 for evacuation
[2018-10-15T00:01:30.001+0000][7145943.772s] GC(1111) ParNew: 87867K->402K(109248K)
[2018-10-15T00:01:30.001+0000][7145943.773s] GC(1111) CMS: 36575K->36575K(393216K)
[2018-10-15T00:01:30.001+0000][7145943.773s] GC(1111) Metaspace: 48886K->48886K(1095680K)
[2018-10-15T00:01:30.001+0000][7145943.773s] GC(1111) Pause Young (Allocation Failure) 121M->36M(490M) 5.964ms
[2018-10-15T00:01:30.001+0000][7145943.773s] GC(1111) User=0.01s Sys=0.00s Real=0.00s
[2018-10-15T02:05:30.390+0000][7153384.162s] GC(1112) Pause Young (Allocation Failure)
[2018-10-15T02:05:30.391+0000][7153384.162s] GC(1112) Using 4 workers of 4 for evacuation
[2018-10-15T02:05:30.406+0000][7153384.178s] GC(1112) ParNew: 87826K->428K(109248K)
[2018-10-15T02:05:30.407+0000][7153384.178s] GC(1112) CMS: 36575K->36575K(393216K)
[2018-10-15T02:05:30.407+0000][7153384.178s] GC(1112) Metaspace: 48886K->48886K(1095680K)
[2018-10-15T02:05:30.407+0000][7153384.178s] GC(1112) Pause Young (Allocation Failure) 121M->36M(490M) 16.160ms
[2018-10-15T02:05:30.407+0000][7153384.178s] GC(1112) User=0.03s Sys=0.00s Real=0.02s
[2018-10-15T04:08:30.808+0000][7160764.580s] GC(1113) Pause Young (Allocation Failure)
[2018-10-15T04:08:30.809+0000][7160764.580s] GC(1113) Using 4 workers of 4 for evacuation
[2018-10-15T04:08:30.824+0000][7160764.595s] GC(1113) ParNew: 87852K->382K(109248K)
[2018-10-15T04:08:30.824+0000][7160764.595s] GC(1113) CMS: 36575K->36575K(393216K)
[2018-10-15T04:08:30.824+0000][7160764.595s] GC(1113) Metaspace: 48886K->48886K(1095680K)
[2018-10-15T04:08:30.824+0000][7160764.595s] GC(1113) Pause Young (Allocation Failure) 121M->36M(490M) 15.536ms
[2018-10-15T04:08:30.824+0000][7160764.595s] GC(1113) User=0.03s Sys=0.00s Real=0.01s
[2018-10-15T06:57:31.346+0000][7170905.117s] GC(1114) Pause Young (Allocation Failure)
[2018-10-15T06:57:31.346+0000][7170905.117s] GC(1114) Using 4 workers of 4 for evacuation
[2018-10-15T06:57:31.354+0000][7170905.126s] GC(1114) ParNew: 87806K->518K(109248K)
[2018-10-15T06:57:31.354+0000][7170905.126s] GC(1114) CMS: 36575K->36575K(393216K)
[2018-10-15T06:57:31.354+0000][7170905.126s] GC(1114) Metaspace: 48886K->48886K(1095680K)
[2018-10-15T06:57:31.355+0000][7170905.126s] GC(1114) Pause Young (Allocation Failure) 121M->36M(490M) 8.816ms
[2018-10-15T06:57:31.355+0000][7170905.126s] GC(1114) User=0.01s Sys=0.00s Real=0.00s
[2018-10-15T09:00:31.734+0000][7178285.506s] GC(1115) Pause Young (Allocation Failure)
[2018-10-15T09:00:31.735+0000][7178285.506s] GC(1115) Using 4 workers of 4 for evacuation
[2018-10-15T09:00:31.746+0000][7178285.517s] GC(1115) ParNew: 87942K->460K(109248K)
[2018-10-15T09:00:31.746+0000][7178285.517s] GC(1115) CMS: 36575K->36575K(393216K)
[2018-10-15T09:00:31.746+0000][7178285.517s] GC(1115) Metaspace: 48886K->48886K(1095680K)
[2018-10-15T09:00:31.746+0000][7178285.517s] GC(1115) Pause Young (Allocation Failure) 121M->36M(490M) 11.727ms
[2018-10-15T09:00:31.746+0000][7178285.517s] GC(1115) User=0.02s Sys=0.00s Real=0.02s
[2018-10-15T10:44:05.274+0000][7184499.045s] GC(1116) Pause Young (Allocation Failure)
[2018-10-15T10:44:05.274+0000][7184499.045s] GC(1116) Using 4 workers of 4 for evacuation
[2018-10-15T10:44:05.288+0000][7184499.059s] GC(1116) ParNew: 87884K->404K(109248K)
[2018-10-15T10:44:05.288+0000][7184499.059s] GC(1116) CMS: 36575K->36575K(393216K)
[2018-10-15T10:44:05.288+0000][7184499.059s] GC(1116) Metaspace: 48886K->48886K(1095680K)
[2018-10-15T10:44:05.288+0000][7184499.059s] GC(1116) Pause Young (Allocation Failure) 121M->36M(490M) 14.559ms
[2018-10-15T10:44:05.288+0000][7184499.059s] GC(1116) User=0.03s Sys=0.00s Real=0.02s
[2018-10-15T12:25:02.448+0000][7190556.219s] GC(1117) Pause Young (Allocation Failure)
[2018-10-15T12:25:02.448+0000][7190556.219s] GC(1117) Using 4 workers of 4 for evacuation
[2018-10-15T12:25:02.457+0000][7190556.228s] GC(1117) ParNew: 87828K->517K(109248K)
[2018-10-15T12:25:02.457+0000][7190556.228s] GC(1117) CMS: 36575K->36575K(393216K)
[2018-10-15T12:25:02.457+0000][7190556.228s] GC(1117) Metaspace: 48886K->48886K(1095680K)
[2018-10-15T12:25:02.457+0000][7190556.228s] GC(1117) Pause Young (Allocation Failure) 121M->36M(490M) 8.874ms
[2018-10-15T12:25:02.457+0000][7190556.228s] GC(1117) User=0.01s Sys=0.00s Real=0.01s
[2018-10-15T14:24:40.385+0000][7197734.156s] GC(1118) Pause Young (Allocation Failure)
[2018-10-15T14:24:40.385+0000][7197734.156s] GC(1118) Using 4 workers of 4 for evacuation
[2018-10-15T14:24:40.399+0000][7197734.170s] GC(1118) ParNew: 87941K->408K(109248K)
[2018-10-15T14:24:40.399+0000][7197734.170s] GC(1118) CMS: 36575K->36575K(393216K)
[2018-10-15T14:24:40.399+0000][7197734.170s] GC(1118) Metaspace: 48886K->48886K(1095680K)
[2018-10-15T14:24:40.399+0000][7197734.170s] GC(1118) Pause Young (Allocation Failure) 121M->36M(490M) 14.449ms
[2018-10-15T14:24:40.399+0000][7197734.170s] GC(1118) User=0.03s Sys=0.00s Real=0.02s
[2018-10-15T16:40:04.627+0000][7205858.398s] GC(1119) Pause Young (Allocation Failure)
[2018-10-15T16:40:04.627+0000][7205858.398s] GC(1119) Using 4 workers of 4 for evacuation
[2018-10-15T16:40:04.636+0000][7205858.407s] GC(1119) ParNew: 87832K->509K(109248K)
[2018-10-15T16:40:04.636+0000][7205858.407s] GC(1119) CMS: 36575K->36575K(393216K)
[2018-10-15T16:40:04.636+0000][7205858.407s] GC(1119) Metaspace: 48886K->48886K(1095680K)
[2018-10-15T16:40:04.636+0000][7205858.407s] GC(1119) Pause Young (Allocation Failure) 121M->36M(490M) 8.755ms
[2018-10-15T16:40:04.636+0000][7205858.407s] GC(1119) User=0.02s Sys=0.01s Real=0.01s
[2018-10-15T18:19:30.939+0000][7211824.710s] GC(1120) Pause Young (Allocation Failure)
[2018-10-15T18:19:30.939+0000][7211824.710s] GC(1120) Using 4 workers of 4 for evacuation
[2018-10-15T18:19:30.953+0000][7211824.724s] GC(1120) ParNew: 87933K->353K(109248K)
[2018-10-15T18:19:30.953+0000][7211824.724s] GC(1120) CMS: 36575K->36575K(393216K)
[2018-10-15T18:19:30.953+0000][7211824.724s] GC(1120) Metaspace: 48886K->48886K(1095680K)
[2018-10-15T18:19:30.953+0000][7211824.724s] GC(1120) Pause Young (Allocation Failure) 121M->36M(490M) 13.847ms
[2018-10-15T18:19:30.953+0000][7211824.724s] GC(1120) User=0.03s Sys=0.00s Real=0.01s
[2018-10-15T20:08:03.369+0000][7218337.140s] GC(1121) Pause Young (Allocation Failure)
[2018-10-15T20:08:03.369+0000][7218337.140s] GC(1121) Using 4 workers of 4 for evacuation
[2018-10-15T20:08:03.378+0000][7218337.149s] GC(1121) ParNew: 87777K->502K(109248K)
[2018-10-15T20:08:03.378+0000][7218337.149s] GC(1121) CMS: 36575K->36575K(393216K)
[2018-10-15T20:08:03.378+0000][7218337.149s] GC(1121) Metaspace: 48886K->48886K(1095680K)
[2018-10-15T20:08:03.378+0000][7218337.149s] GC(1121) Pause Young (Allocation Failure) 121M->36M(490M) 8.746ms
[2018-10-15T20:08:03.378+0000][7218337.149s] GC(1121) User=0.02s Sys=0.00s Real=0.01s
[2018-10-15T22:03:04.943+0000][7225238.714s] GC(1122) Pause Young (Allocation Failure)
[2018-10-15T22:03:04.943+0000][7225238.714s] GC(1122) Using 4 workers of 4 for evacuation
[2018-10-15T22:03:04.963+0000][7225238.734s] GC(1122) ParNew: 87926K->457K(109248K)
[2018-10-15T22:03:04.963+0000][7225238.734s] GC(1122) CMS: 36575K->36575K(393216K)
[2018-10-15T22:03:04.963+0000][7225238.734s] GC(1122) Metaspace: 48886K->48886K(1095680K)
[2018-10-15T22:03:04.963+0000][7225238.734s] GC(1122) Pause Young (Allocation Failure) 121M->36M(490M) 20.423ms
[2018-10-15T22:03:04.963+0000][7225238.734s] GC(1122) User=0.02s Sys=0.01s Real=0.02s
[2018-10-16T00:15:43.654+0000][7233197.426s] GC(1123) Pause Young (Allocation Failure)
[2018-10-16T00:15:43.654+0000][7233197.426s] GC(1123) Using 4 workers of 4 for evacuation
[2018-10-16T00:15:43.662+0000][7233197.433s] GC(1123) ParNew: 87881K->490K(109248K)
[2018-10-16T00:15:43.662+0000][7233197.433s] GC(1123) CMS: 36575K->36575K(393216K)
[2018-10-16T00:15:43.662+0000][7233197.433s] GC(1123) Metaspace: 48886K->48886K(1095680K)
[2018-10-16T00:15:43.662+0000][7233197.433s] GC(1123) Pause Young (Allocation Failure) 121M->36M(490M) 7.348ms
[2018-10-16T00:15:43.662+0000][7233197.433s] GC(1123) User=0.01s Sys=0.00s Real=0.01s
