[2018-10-23T08:27:07.375+0000][7867481.146s] GC(1219) Using 4 workers of 4 for evacuation
[2018-10-23T08:27:07.383+0000][7867481.154s] GC(1219) ParNew: 87856K->518K(109248K)
[2018-10-23T08:27:07.383+0000][7867481.154s] GC(1219) CMS: 36578K->36578K(393216K)
[2018-10-23T08:27:07.383+0000][7867481.154s] GC(1219) Metaspace: 48887K->48887K(1095680K)
[2018-10-23T08:27:07.383+0000][7867481.154s] GC(1219) Pause Young (Allocation Failure) 121M->36M(490M) 8.309ms
[2018-10-23T08:27:07.383+0000][7867481.154s] GC(1219) User=0.01s Sys=0.00s Real=0.01s
[2018-10-23T10:08:25.427+0000][7873559.198s] GC(1220) Pause Young (Allocation Failure)
[2018-10-23T10:08:25.427+0000][7873559.198s] GC(1220) Using 4 workers of 4 for evacuation
[2018-10-23T10:08:25.442+0000][7873559.213s] GC(1220) ParNew: 87942K->392K(109248K)
[2018-10-23T10:08:25.442+0000][7873559.213s] GC(1220) CMS: 36578K->36578K(393216K)
[2018-10-23T10:08:25.442+0000][7873559.213s] GC(1220) Metaspace: 48887K->48887K(1095680K)
[2018-10-23T10:08:25.442+0000][7873559.213s] GC(1220) Pause Young (Allocation Failure) 121M->36M(490M) 14.493ms
[2018-10-23T10:08:25.442+0000][7873559.213s] GC(1220) User=0.03s Sys=0.00s Real=0.01s
[2018-10-23T12:34:08.138+0000][7882301.909s] GC(1221) Pause Young (Allocation Failure)
[2018-10-23T12:34:08.138+0000][7882301.909s] GC(1221) Using 4 workers of 4 for evacuation
[2018-10-23T12:34:08.152+0000][7882301.923s] GC(1221) ParNew: 87816K->370K(109248K)
[2018-10-23T12:34:08.152+0000][7882301.923s] GC(1221) CMS: 36578K->36578K(393216K)
[2018-10-23T12:34:08.152+0000][7882301.923s] GC(1221) Metaspace: 48887K->48887K(1095680K)
[2018-10-23T12:34:08.152+0000][7882301.923s] GC(1221) Pause Young (Allocation Failure) 121M->36M(490M) 14.451ms
[2018-10-23T12:34:08.152+0000][7882301.923s] GC(1221) User=0.02s Sys=0.00s Real=0.01s
[2018-10-23T14:28:05.498+0000][7889139.269s] GC(1222) Pause Young (Allocation Failure)
[2018-10-23T14:28:05.498+0000][7889139.270s] GC(1222) Using 4 workers of 4 for evacuation
[2018-10-23T14:28:05.532+0000][7889139.303s] GC(1222) ParNew: 87794K->566K(109248K)
[2018-10-23T14:28:05.532+0000][7889139.303s] GC(1222) CMS: 36578K->36578K(393216K)
[2018-10-23T14:28:05.532+0000][7889139.303s] GC(1222) Metaspace: 48887K->48887K(1095680K)
[2018-10-23T14:28:05.532+0000][7889139.303s] GC(1222) Pause Young (Allocation Failure) 121M->36M(490M) 33.293ms
[2018-10-23T14:28:05.532+0000][7889139.303s] GC(1222) User=0.04s Sys=0.00s Real=0.03s
[2018-10-23T16:15:31.156+0000][7895584.927s] GC(1223) Pause Young (Allocation Failure)
[2018-10-23T16:15:31.156+0000][7895584.927s] GC(1223) Using 4 workers of 4 for evacuation
[2018-10-23T16:15:31.169+0000][7895584.940s] GC(1223) ParNew: 87990K->416K(109248K)
[2018-10-23T16:15:31.169+0000][7895584.940s] GC(1223) CMS: 36578K->36578K(393216K)
[2018-10-23T16:15:31.169+0000][7895584.940s] GC(1223) Metaspace: 48887K->48887K(1095680K)
[2018-10-23T16:15:31.169+0000][7895584.940s] GC(1223) Pause Young (Allocation Failure) 121M->36M(490M) 12.511ms
[2018-10-23T16:15:31.169+0000][7895584.940s] GC(1223) User=0.02s Sys=0.00s Real=0.01s
[2018-10-23T18:15:09.190+0000][7902762.961s] GC(1224) Pause Young (Allocation Failure)
[2018-10-23T18:15:09.190+0000][7902762.962s] GC(1224) Using 4 workers of 4 for evacuation
[2018-10-23T18:15:09.201+0000][7902762.972s] GC(1224) ParNew: 87840K->401K(109248K)
[2018-10-23T18:15:09.201+0000][7902762.972s] GC(1224) CMS: 36578K->36579K(393216K)
[2018-10-23T18:15:09.201+0000][7902762.972s] GC(1224) Metaspace: 48887K->48887K(1095680K)
[2018-10-23T18:15:09.201+0000][7902762.972s] GC(1224) Pause Young (Allocation Failure) 121M->36M(490M) 10.572ms
[2018-10-23T18:15:09.201+0000][7902762.972s] GC(1224) User=0.01s Sys=0.00s Real=0.01s
[2018-10-23T19:55:31.172+0000][7908784.943s] GC(1225) Pause Young (Allocation Failure)
[2018-10-23T19:55:31.172+0000][7908784.943s] GC(1225) Using 4 workers of 4 for evacuation
[2018-10-23T19:55:31.185+0000][7908784.956s] GC(1225) ParNew: 87825K->432K(109248K)
[2018-10-23T19:55:31.185+0000][7908784.956s] GC(1225) CMS: 36579K->36579K(393216K)
[2018-10-23T19:55:31.185+0000][7908784.956s] GC(1225) Metaspace: 48887K->48887K(1095680K)
[2018-10-23T19:55:31.185+0000][7908784.956s] GC(1225) Pause Young (Allocation Failure) 121M->36M(490M) 12.920ms
[2018-10-23T19:55:31.185+0000][7908784.956s] GC(1225) User=0.02s Sys=0.00s Real=0.01s
[2018-10-23T21:59:09.846+0000][7916203.617s] GC(1226) Pause Young (Allocation Failure)
[2018-10-23T21:59:09.846+0000][7916203.617s] GC(1226) Using 4 workers of 4 for evacuation
[2018-10-23T21:59:09.854+0000][7916203.625s] GC(1226) ParNew: 87856K->429K(109248K)
[2018-10-23T21:59:09.854+0000][7916203.625s] GC(1226) CMS: 36579K->36579K(393216K)
[2018-10-23T21:59:09.854+0000][7916203.625s] GC(1226) Metaspace: 48887K->48887K(1095680K)
[2018-10-23T21:59:09.854+0000][7916203.625s] GC(1226) Pause Young (Allocation Failure) 121M->36M(490M) 7.912ms
[2018-10-23T21:59:09.854+0000][7916203.625s] GC(1226) User=0.02s Sys=0.00s Real=0.00s
[2018-10-24T00:14:16.888+0000][7924310.659s] GC(1227) Pause Young (Allocation Failure)
[2018-10-24T00:14:16.888+0000][7924310.659s] GC(1227) Using 4 workers of 4 for evacuation
[2018-10-24T00:14:16.901+0000][7924310.673s] GC(1227) ParNew: 87853K->380K(109248K)
[2018-10-24T00:14:16.902+0000][7924310.673s] GC(1227) CMS: 36579K->36579K(393216K)
[2018-10-24T00:14:16.902+0000][7924310.673s] GC(1227) Metaspace: 48887K->48887K(1095680K)
[2018-10-24T00:14:16.902+0000][7924310.673s] GC(1227) Pause Young (Allocation Failure) 121M->36M(490M) 13.587ms
[2018-10-24T00:14:16.902+0000][7924310.673s] GC(1227) User=0.02s Sys=0.00s Real=0.01s
[2018-10-24T01:27:40.434+0000][7928714.205s] GC(1228) Pause Young (Allocation Failure)
[2018-10-24T01:27:40.434+0000][7928714.205s] GC(1228) Using 4 workers of 4 for evacuation
[2018-10-24T01:27:40.446+0000][7928714.218s] GC(1228) ParNew: 87804K->371K(109248K)
[2018-10-24T01:27:40.447+0000][7928714.218s] GC(1228) CMS: 36579K->36579K(393216K)
[2018-10-24T01:27:40.447+0000][7928714.218s] GC(1228) Metaspace: 48887K->48887K(1095680K)
[2018-10-24T01:27:40.447+0000][7928714.218s] GC(1228) Pause Young (Allocation Failure) 121M->36M(490M) 12.543ms
[2018-10-24T01:27:40.447+0000][7928714.218s] GC(1228) User=0.02s Sys=0.00s Real=0.02s
[2018-10-24T03:20:10.849+0000][7935464.620s] GC(1229) Pause Young (Allocation Failure)
[2018-10-24T03:20:10.849+0000][7935464.621s] GC(1229) Using 4 workers of 4 for evacuation
[2018-10-24T03:20:10.858+0000][7935464.629s] GC(1229) ParNew: 87795K->501K(109248K)
[2018-10-24T03:20:10.858+0000][7935464.629s] GC(1229) CMS: 36579K->36579K(393216K)
[2018-10-24T03:20:10.858+0000][7935464.629s] GC(1229) Metaspace: 48887K->48887K(1095680K)
[2018-10-24T03:20:10.858+0000][7935464.629s] GC(1229) Pause Young (Allocation Failure) 121M->36M(490M) 8.536ms
[2018-10-24T03:20:10.858+0000][7935464.629s] GC(1229) User=0.01s Sys=0.01s Real=0.01s
[2018-10-24T05:56:35.607+0000][7944849.378s] GC(1230) Pause Young (Allocation Failure)
[2018-10-24T05:56:35.607+0000][7944849.378s] GC(1230) Using 4 workers of 4 for evacuation
[2018-10-24T05:56:35.613+0000][7944849.385s] GC(1230) ParNew: 87925K->417K(109248K)
[2018-10-24T05:56:35.613+0000][7944849.385s] GC(1230) CMS: 36579K->36579K(393216K)
[2018-10-24T05:56:35.613+0000][7944849.385s] GC(1230) Metaspace: 48887K->48887K(1095680K)
[2018-10-24T05:56:35.614+0000][7944849.385s] GC(1230) Pause Young (Allocation Failure) 121M->36M(490M) 6.772ms
[2018-10-24T05:56:35.614+0000][7944849.385s] GC(1230) User=0.01s Sys=0.00s Real=0.00s
[2018-10-24T07:26:11.591+0000][7950225.363s] GC(1231) Pause Young (Allocation Failure)
[2018-10-24T07:26:11.592+0000][7950225.363s] GC(1231) Using 4 workers of 4 for evacuation
[2018-10-24T07:26:11.598+0000][7950225.370s] GC(1231) ParNew: 87841K->446K(109248K)
[2018-10-24T07:26:11.598+0000][7950225.370s] GC(1231) CMS: 36579K->36579K(393216K)
[2018-10-24T07:26:11.599+0000][7950225.370s] GC(1231) Metaspace: 48887K->48887K(1095680K)
[2018-10-24T07:26:11.599+0000][7950225.370s] GC(1231) Pause Young (Allocation Failure) 121M->36M(490M) 7.100ms
[2018-10-24T07:26:11.599+0000][7950225.370s] GC(1231) User=0.01s Sys=0.01s Real=0.01s
[2018-10-24T09:30:36.037+0000][7957689.808s] GC(1232) Pause Young (Allocation Failure)
[2018-10-24T09:30:36.037+0000][7957689.809s] GC(1232) Using 4 workers of 4 for evacuation
[2018-10-24T09:30:36.046+0000][7957689.817s] GC(1232) ParNew: 87870K->454K(109248K)
[2018-10-24T09:30:36.046+0000][7957689.817s] GC(1232) CMS: 36579K->36579K(393216K)
[2018-10-24T09:30:36.046+0000][7957689.817s] GC(1232) Metaspace: 48887K->48887K(1095680K)
[2018-10-24T09:30:36.046+0000][7957689.817s] GC(1232) Pause Young (Allocation Failure) 121M->36M(490M) 9.200ms
[2018-10-24T09:30:36.046+0000][7957689.817s] GC(1232) User=0.01s Sys=0.00s Real=0.01s
[2018-10-24T10:52:12.223+0000][7962585.994s] GC(1233) Pause Young (Allocation Failure)
[2018-10-24T10:52:12.224+0000][7962585.995s] GC(1233) Using 4 workers of 4 for evacuation
[2018-10-24T10:52:12.233+0000][7962586.004s] GC(1233) ParNew: 87878K->1204K(109248K)
[2018-10-24T10:52:12.233+0000][7962586.004s] GC(1233) CMS: 36579K->36579K(393216K)
[2018-10-24T10:52:12.233+0000][7962586.004s] GC(1233) Metaspace: 49776K->49776K(1095680K)
[2018-10-24T10:52:12.233+0000][7962586.004s] GC(1233) Pause Young (Allocation Failure) 121M->36M(490M) 9.819ms
[2018-10-24T10:52:12.233+0000][7962586.004s] GC(1233) User=0.02s Sys=0.00s Real=0.01s
[2018-10-24T12:55:12.616+0000][7969966.387s] GC(1234) Pause Young (Allocation Failure)
[2018-10-24T12:55:12.616+0000][7969966.387s] GC(1234) Using 4 workers of 4 for evacuation
[2018-10-24T12:55:12.631+0000][7969966.402s] GC(1234) ParNew: 88628K->1305K(109248K)
[2018-10-24T12:55:12.631+0000][7969966.402s] GC(1234) CMS: 36579K->36579K(393216K)
[2018-10-24T12:55:12.631+0000][7969966.402s] GC(1234) Metaspace: 49778K->49778K(1095680K)
[2018-10-24T12:55:12.631+0000][7969966.402s] GC(1234) Pause Young (Allocation Failure) 122M->36M(490M) 15.048ms
[2018-10-24T12:55:12.631+0000][7969966.402s] GC(1234) User=0.02s Sys=0.01s Real=0.01s
[2018-10-24T14:52:11.961+0000][7976985.732s] GC(1235) Pause Young (Allocation Failure)
[2018-10-24T14:52:11.961+0000][7976985.732s] GC(1235) Using 4 workers of 4 for evacuation
[2018-10-24T14:52:11.977+0000][7976985.748s] GC(1235) ParNew: 88729K->957K(109248K)
[2018-10-24T14:52:11.977+0000][7976985.748s] GC(1235) CMS: 36579K->36579K(393216K)
[2018-10-24T14:52:11.977+0000][7976985.748s] GC(1235) Metaspace: 49778K->49778K(1095680K)
[2018-10-24T14:52:11.977+0000][7976985.748s] GC(1235) Pause Young (Allocation Failure) 122M->36M(490M) 16.035ms
[2018-10-24T14:52:11.977+0000][7976985.748s] GC(1235) User=0.03s Sys=0.01s Real=0.02s
[2018-10-24T16:37:40.751+0000][7983314.522s] GC(1236) Pause Young (Allocation Failure)
[2018-10-24T16:37:40.752+0000][7983314.523s] GC(1236) Using 4 workers of 4 for evacuation
[2018-10-24T16:37:40.765+0000][7983314.537s] GC(1236) ParNew: 88381K->1478K(109248K)
[2018-10-24T16:37:40.765+0000][7983314.537s] GC(1236) CMS: 36579K->36579K(393216K)
[2018-10-24T16:37:40.765+0000][7983314.537s] GC(1236) Metaspace: 49778K->49778K(1095680K)
[2018-10-24T16:37:40.766+0000][7983314.537s] GC(1236) Pause Young (Allocation Failure) 122M->37M(490M) 14.214ms
[2018-10-24T16:37:40.766+0000][7983314.537s] GC(1236) User=0.02s Sys=0.00s Real=0.02s
[2018-10-24T16:51:10.363+0000][7984124.134s] GC(1237) Pause Young (Allocation Failure)
[2018-10-24T16:51:10.363+0000][7984124.134s] GC(1237) Using 4 workers of 4 for evacuation
[2018-10-24T16:51:10.378+0000][7984124.149s] GC(1237) ParNew: 88902K->1005K(109248K)
[2018-10-24T16:51:10.378+0000][7984124.149s] GC(1237) CMS: 36579K->36579K(393216K)
[2018-10-24T16:51:10.378+0000][7984124.149s] GC(1237) Metaspace: 49778K->49778K(1095680K)
[2018-10-24T16:51:10.378+0000][7984124.149s] GC(1237) Pause Young (Allocation Failure) 122M->36M(490M) 14.927ms
[2018-10-24T16:51:10.378+0000][7984124.149s] GC(1237) User=0.03s Sys=0.00s Real=0.02s
[2018-10-24T18:33:13.690+0000][7990247.461s] GC(1238) Pause Young (Allocation Failure)
[2018-10-24T18:33:13.690+0000][7990247.461s] GC(1238) Using 4 workers of 4 for evacuation
[2018-10-24T18:33:13.699+0000][7990247.470s] GC(1238) ParNew: 88429K->1335K(109248K)
[2018-10-24T18:33:13.699+0000][7990247.470s] GC(1238) CMS: 36579K->36579K(393216K)
[2018-10-24T18:33:13.699+0000][7990247.470s] GC(1238) Metaspace: 49778K->49778K(1095680K)
[2018-10-24T18:33:13.699+0000][7990247.470s] GC(1238) Pause Young (Allocation Failure) 122M->37M(490M) 9.333ms
[2018-10-24T18:33:13.699+0000][7990247.470s] GC(1238) User=0.01s Sys=0.00s Real=0.01s
[2018-10-24T20:11:27.121+0000][7996140.892s] GC(1239) Pause Young (Allocation Failure)
[2018-10-24T20:11:27.121+0000][7996140.892s] GC(1239) Using 4 workers of 4 for evacuation
[2018-10-24T20:11:27.128+0000][7996140.899s] GC(1239) ParNew: 88759K->1015K(109248K)
[2018-10-24T20:11:27.128+0000][7996140.899s] GC(1239) CMS: 36579K->36579K(393216K)
[2018-10-24T20:11:27.128+0000][7996140.899s] GC(1239) Metaspace: 49778K->49778K(1095680K)
[2018-10-24T20:11:27.128+0000][7996140.899s] GC(1239) Pause Young (Allocation Failure) 122M->36M(490M) 6.816ms
[2018-10-24T20:11:27.128+0000][7996140.899s] GC(1239) User=0.01s Sys=0.00s Real=0.01s
[2018-10-24T22:36:14.412+0000][8004828.183s] GC(1240) Pause Young (Allocation Failure)
[2018-10-24T22:36:14.412+0000][8004828.183s] GC(1240) Using 4 workers of 4 for evacuation
[2018-10-24T22:36:14.421+0000][8004828.192s] GC(1240) ParNew: 88439K->1135K(109248K)
[2018-10-24T22:36:14.421+0000][8004828.192s] GC(1240) CMS: 36579K->36579K(393216K)
[2018-10-24T22:36:14.421+0000][8004828.192s] GC(1240) Metaspace: 49778K->49778K(1095680K)
[2018-10-24T22:36:14.421+0000][8004828.192s] GC(1240) Pause Young (Allocation Failure) 122M->36M(490M) 9.198ms
[2018-10-24T22:36:14.421+0000][8004828.193s] GC(1240) User=0.02s Sys=0.00s Real=0.01s
[2018-10-25T00:12:14.710+0000][8010588.481s] GC(1241) Pause Young (Allocation Failure)
[2018-10-25T00:12:14.710+0000][8010588.481s] GC(1241) Using 4 workers of 4 for evacuation
[2018-10-25T00:12:14.720+0000][8010588.491s] GC(1241) ParNew: 88559K->890K(109248K)
[2018-10-25T00:12:14.720+0000][8010588.491s] GC(1241) CMS: 36579K->36973K(393216K)
[2018-10-25T00:12:14.720+0000][8010588.491s] GC(1241) Metaspace: 49778K->49778K(1095680K)
[2018-10-25T00:12:14.720+0000][8010588.491s] GC(1241) Pause Young (Allocation Failure) 122M->36M(490M) 10.118ms
[2018-10-25T00:12:14.720+0000][8010588.491s] GC(1241) User=0.02s Sys=0.00s Real=0.01s
[2018-10-25T02:09:15.075+0000][8017608.846s] GC(1242) Pause Young (Allocation Failure)
[2018-10-25T02:09:15.075+0000][8017608.846s] GC(1242) Using 4 workers of 4 for evacuation
[2018-10-25T02:09:15.082+0000][8017608.854s] GC(1242) ParNew: 88314K->486K(109248K)
[2018-10-25T02:09:15.082+0000][8017608.854s] GC(1242) CMS: 36973K->36997K(393216K)
[2018-10-25T02:09:15.082+0000][8017608.854s] GC(1242) Metaspace: 49778K->49778K(1095680K)
[2018-10-25T02:09:15.082+0000][8017608.854s] GC(1242) Pause Young (Allocation Failure) 122M->36M(490M) 7.335ms
[2018-10-25T02:09:15.082+0000][8017608.854s] GC(1242) User=0.01s Sys=0.00s Real=0.01s
[2018-10-25T04:35:15.529+0000][8026369.300s] GC(1243) Pause Young (Allocation Failure)
[2018-10-25T04:35:15.529+0000][8026369.300s] GC(1243) Using 4 workers of 4 for evacuation
[2018-10-25T04:35:15.534+0000][8026369.305s] GC(1243) ParNew: 87910K->460K(109248K)
[2018-10-25T04:35:15.534+0000][8026369.305s] GC(1243) CMS: 36997K->36998K(393216K)
[2018-10-25T04:35:15.534+0000][8026369.305s] GC(1243) Metaspace: 49778K->49778K(1095680K)
[2018-10-25T04:35:15.534+0000][8026369.305s] GC(1243) Pause Young (Allocation Failure) 121M->36M(490M) 5.350ms
[2018-10-25T04:35:15.534+0000][8026369.305s] GC(1243) User=0.01s Sys=0.00s Real=0.00s
[2018-10-25T06:34:37.371+0000][8033531.142s] GC(1244) Pause Young (Allocation Failure)
[2018-10-25T06:34:37.371+0000][8033531.142s] GC(1244) Using 4 workers of 4 for evacuation
[2018-10-25T06:34:37.377+0000][8033531.148s] GC(1244) ParNew: 87884K->401K(109248K)
[2018-10-25T06:34:37.377+0000][8033531.148s] GC(1244) CMS: 36998K->37019K(393216K)
[2018-10-25T06:34:37.377+0000][8033531.148s] GC(1244) Metaspace: 49778K->49778K(1095680K)
[2018-10-25T06:34:37.377+0000][8033531.148s] GC(1244) Pause Young (Allocation Failure) 121M->36M(490M) 6.636ms
[2018-10-25T06:34:37.377+0000][8033531.148s] GC(1244) User=0.01s Sys=0.00s Real=0.01s
[2018-10-25T08:42:16.290+0000][8041190.062s] GC(1245) Pause Young (Allocation Failure)
[2018-10-25T08:42:16.291+0000][8041190.062s] GC(1245) Using 4 workers of 4 for evacuation
[2018-10-25T08:42:16.307+0000][8041190.079s] GC(1245) ParNew: 87825K->508K(109248K)
[2018-10-25T08:42:16.308+0000][8041190.079s] GC(1245) CMS: 37019K->37019K(393216K)
[2018-10-25T08:42:16.308+0000][8041190.079s] GC(1245) Metaspace: 49778K->49778K(1095680K)
[2018-10-25T08:42:16.308+0000][8041190.079s] GC(1245) Pause Young (Allocation Failure) 121M->36M(490M) 17.159ms
[2018-10-25T08:42:16.308+0000][8041190.079s] GC(1245) User=0.02s Sys=0.00s Real=0.02s
[2018-10-25T10:46:16.695+0000][8048630.466s] GC(1246) Pause Young (Allocation Failure)
[2018-10-25T10:46:16.695+0000][8048630.466s] GC(1246) Using 4 workers of 4 for evacuation
[2018-10-25T10:46:16.706+0000][8048630.477s] GC(1246) ParNew: 87932K->423K(109248K)
[2018-10-25T10:46:16.706+0000][8048630.477s] GC(1246) CMS: 37019K->37019K(393216K)
[2018-10-25T10:46:16.706+0000][8048630.477s] GC(1246) Metaspace: 49778K->49778K(1095680K)
[2018-10-25T10:46:16.706+0000][8048630.477s] GC(1246) Pause Young (Allocation Failure) 122M->36M(490M) 11.083ms
[2018-10-25T10:46:16.706+0000][8048630.477s] GC(1246) User=0.01s Sys=0.00s Real=0.02s
[2018-10-25T12:03:55.373+0000][8053289.144s] GC(1247) Pause Young (Allocation Failure)
[2018-10-25T12:03:55.373+0000][8053289.145s] GC(1247) Using 4 workers of 4 for evacuation
[2018-10-25T12:03:55.382+0000][8053289.153s] GC(1247) ParNew: 87847K->443K(109248K)
[2018-10-25T12:03:55.382+0000][8053289.153s] GC(1247) CMS: 37019K->37019K(393216K)
[2018-10-25T12:03:55.382+0000][8053289.153s] GC(1247) Metaspace: 49778K->49778K(1095680K)
[2018-10-25T12:03:55.382+0000][8053289.153s] GC(1247) Pause Young (Allocation Failure) 121M->36M(490M) 8.625ms
[2018-10-25T12:03:55.382+0000][8053289.153s] GC(1247) User=0.02s Sys=0.00s Real=0.01s
[2018-10-25T13:11:35.716+0000][8057349.487s] GC(1248) Pause Young (Allocation Failure)
[2018-10-25T13:11:35.716+0000][8057349.487s] GC(1248) Using 4 workers of 4 for evacuation
[2018-10-25T13:11:35.733+0000][8057349.504s] GC(1248) ParNew: 87867K->488K(109248K)
[2018-10-25T13:11:35.733+0000][8057349.504s] GC(1248) CMS: 37019K->37019K(393216K)
[2018-10-25T13:11:35.733+0000][8057349.504s] GC(1248) Metaspace: 49778K->49778K(1095680K)
[2018-10-25T13:11:35.733+0000][8057349.504s] GC(1248) Pause Young (Allocation Failure) 121M->36M(490M) 17.250ms
[2018-10-25T13:11:35.733+0000][8057349.505s] GC(1248) User=0.02s Sys=0.00s Real=0.01s
[2018-10-25T14:36:18.417+0000][8062432.188s] GC(1249) Pause Young (Allocation Failure)
[2018-10-25T14:36:18.417+0000][8062432.188s] GC(1249) Using 4 workers of 4 for evacuation
[2018-10-25T14:36:18.423+0000][8062432.194s] GC(1249) ParNew: 87912K->446K(109248K)
[2018-10-25T14:36:18.423+0000][8062432.194s] GC(1249) CMS: 37019K->37019K(393216K)
[2018-10-25T14:36:18.423+0000][8062432.194s] GC(1249) Metaspace: 49782K->49782K(1095680K)
[2018-10-25T14:36:18.423+0000][8062432.194s] GC(1249) Pause Young (Allocation Failure) 122M->36M(490M) 5.864ms
[2018-10-25T14:36:18.423+0000][8062432.194s] GC(1249) User=0.01s Sys=0.00s Real=0.00s
[2018-10-25T16:31:15.695+0000][8069329.466s] GC(1250) Pause Young (Allocation Failure)
[2018-10-25T16:31:15.695+0000][8069329.466s] GC(1250) Using 4 workers of 4 for evacuation
[2018-10-25T16:31:15.705+0000][8069329.476s] GC(1250) ParNew: 87870K->541K(109248K)
[2018-10-25T16:31:15.705+0000][8069329.476s] GC(1250) CMS: 37019K->37019K(393216K)
[2018-10-25T16:31:15.705+0000][8069329.476s] GC(1250) Metaspace: 49782K->49782K(1095680K)
[2018-10-25T16:31:15.705+0000][8069329.476s] GC(1250) Pause Young (Allocation Failure) 121M->36M(490M) 10.372ms
