[2018-10-20T22:09:56.465+0000][7657650.236s] GC(1187) CMS: 36577K->36577K(393216K)
[2018-10-20T22:09:56.465+0000][7657650.236s] GC(1187) Metaspace: 48886K->48886K(1095680K)
[2018-10-20T22:09:56.465+0000][7657650.236s] GC(1187) Pause Young (Allocation Failure) 121M->36M(490M) 11.715ms
[2018-10-20T22:09:56.465+0000][7657650.237s] GC(1187) User=0.01s Sys=0.00s Real=0.02s
[2018-10-21T00:09:50.899+0000][7664844.670s] GC(1188) Pause Young (Allocation Failure)
[2018-10-21T00:09:50.899+0000][7664844.670s] GC(1188) Using 4 workers of 4 for evacuation
[2018-10-21T00:09:50.907+0000][7664844.678s] GC(1188) ParNew: 87896K->462K(109248K)
[2018-10-21T00:09:50.907+0000][7664844.678s] GC(1188) CMS: 36577K->36577K(393216K)
[2018-10-21T00:09:50.907+0000][7664844.678s] GC(1188) Metaspace: 48886K->48886K(1095680K)
[2018-10-21T00:09:50.907+0000][7664844.678s] GC(1188) Pause Young (Allocation Failure) 121M->36M(490M) 8.068ms
[2018-10-21T00:09:50.907+0000][7664844.678s] GC(1188) User=0.02s Sys=0.00s Real=0.01s
[2018-10-21T02:15:01.826+0000][7672355.597s] GC(1189) Pause Young (Allocation Failure)
[2018-10-21T02:15:01.826+0000][7672355.597s] GC(1189) Using 4 workers of 4 for evacuation
[2018-10-21T02:15:01.841+0000][7672355.612s] GC(1189) ParNew: 87886K->503K(109248K)
[2018-10-21T02:15:01.841+0000][7672355.612s] GC(1189) CMS: 36577K->36577K(393216K)
[2018-10-21T02:15:01.841+0000][7672355.612s] GC(1189) Metaspace: 48886K->48886K(1095680K)
[2018-10-21T02:15:01.841+0000][7672355.612s] GC(1189) Pause Young (Allocation Failure) 121M->36M(490M) 15.086ms
[2018-10-21T02:15:01.841+0000][7672355.612s] GC(1189) User=0.02s Sys=0.00s Real=0.01s
[2018-10-21T04:19:57.604+0000][7679851.375s] GC(1190) Pause Young (Allocation Failure)
[2018-10-21T04:19:57.604+0000][7679851.375s] GC(1190) Using 4 workers of 4 for evacuation
[2018-10-21T04:19:57.614+0000][7679851.385s] GC(1190) ParNew: 87927K->380K(109248K)
[2018-10-21T04:19:57.614+0000][7679851.385s] GC(1190) CMS: 36577K->36577K(393216K)
[2018-10-21T04:19:57.614+0000][7679851.385s] GC(1190) Metaspace: 48886K->48886K(1095680K)
[2018-10-21T04:19:57.614+0000][7679851.385s] GC(1190) Pause Young (Allocation Failure) 121M->36M(490M) 10.808ms
[2018-10-21T04:19:57.614+0000][7679851.385s] GC(1190) User=0.03s Sys=0.00s Real=0.01s
[2018-10-21T06:00:57.923+0000][7685911.694s] GC(1191) Pause Young (Allocation Failure)
[2018-10-21T06:00:57.923+0000][7685911.694s] GC(1191) Using 4 workers of 4 for evacuation
[2018-10-21T06:00:57.934+0000][7685911.705s] GC(1191) ParNew: 87804K->417K(109248K)
[2018-10-21T06:00:57.934+0000][7685911.705s] GC(1191) CMS: 36577K->36577K(393216K)
[2018-10-21T06:00:57.934+0000][7685911.705s] GC(1191) Metaspace: 48886K->48886K(1095680K)
[2018-10-21T06:00:57.934+0000][7685911.705s] GC(1191) Pause Young (Allocation Failure) 121M->36M(490M) 10.922ms
[2018-10-21T06:00:57.934+0000][7685911.705s] GC(1191) User=0.02s Sys=0.00s Real=0.01s
[2018-10-21T07:22:01.692+0000][7690775.463s] GC(1192) Pause Young (Allocation Failure)
[2018-10-21T07:22:01.692+0000][7690775.463s] GC(1192) Using 4 workers of 4 for evacuation
[2018-10-21T07:22:01.704+0000][7690775.475s] GC(1192) ParNew: 87841K->565K(109248K)
[2018-10-21T07:22:01.704+0000][7690775.475s] GC(1192) CMS: 36577K->36577K(393216K)
[2018-10-21T07:22:01.704+0000][7690775.475s] GC(1192) Metaspace: 48886K->48886K(1095680K)
[2018-10-21T07:22:01.704+0000][7690775.475s] GC(1192) Pause Young (Allocation Failure) 121M->36M(490M) 11.816ms
[2018-10-21T07:22:01.704+0000][7690775.475s] GC(1192) User=0.03s Sys=0.00s Real=0.01s
[2018-10-21T09:20:58.532+0000][7697912.304s] GC(1193) Pause Young (Allocation Failure)
[2018-10-21T09:20:58.533+0000][7697912.304s] GC(1193) Using 4 workers of 4 for evacuation
[2018-10-21T09:20:58.546+0000][7697912.317s] GC(1193) ParNew: 87989K->380K(109248K)
[2018-10-21T09:20:58.546+0000][7697912.317s] GC(1193) CMS: 36577K->36577K(393216K)
[2018-10-21T09:20:58.546+0000][7697912.317s] GC(1193) Metaspace: 48886K->48886K(1095680K)
[2018-10-21T09:20:58.546+0000][7697912.317s] GC(1193) Pause Young (Allocation Failure) 121M->36M(490M) 13.498ms
[2018-10-21T09:20:58.546+0000][7697912.317s] GC(1193) User=0.02s Sys=0.00s Real=0.02s
[2018-10-21T11:46:58.989+0000][7706672.760s] GC(1194) Pause Young (Allocation Failure)
[2018-10-21T11:46:58.990+0000][7706672.761s] GC(1194) Using 4 workers of 4 for evacuation
[2018-10-21T11:46:58.999+0000][7706672.771s] GC(1194) ParNew: 87804K->370K(109248K)
[2018-10-21T11:46:58.999+0000][7706672.771s] GC(1194) CMS: 36577K->36577K(393216K)
[2018-10-21T11:46:58.999+0000][7706672.771s] GC(1194) Metaspace: 48886K->48886K(1095680K)
[2018-10-21T11:46:58.999+0000][7706672.771s] GC(1194) Pause Young (Allocation Failure) 121M->36M(490M) 10.250ms
[2018-10-21T11:46:58.999+0000][7706672.771s] GC(1194) User=0.02s Sys=0.00s Real=0.01s
[2018-10-21T13:27:59.298+0000][7712733.069s] GC(1195) Pause Young (Allocation Failure)
[2018-10-21T13:27:59.298+0000][7712733.069s] GC(1195) Using 4 workers of 4 for evacuation
[2018-10-21T13:27:59.306+0000][7712733.077s] GC(1195) ParNew: 87794K->485K(109248K)
[2018-10-21T13:27:59.306+0000][7712733.077s] GC(1195) CMS: 36577K->36577K(393216K)
[2018-10-21T13:27:59.306+0000][7712733.077s] GC(1195) Metaspace: 48886K->48886K(1095680K)
[2018-10-21T13:27:59.306+0000][7712733.077s] GC(1195) Pause Young (Allocation Failure) 121M->36M(490M) 7.927ms
[2018-10-21T13:27:59.306+0000][7712733.077s] GC(1195) User=0.01s Sys=0.01s Real=0.01s
[2018-10-21T15:30:59.684+0000][7720113.455s] GC(1196) Pause Young (Allocation Failure)
[2018-10-21T15:30:59.684+0000][7720113.455s] GC(1196) Using 4 workers of 4 for evacuation
[2018-10-21T15:30:59.697+0000][7720113.469s] GC(1196) ParNew: 87909K->401K(109248K)
[2018-10-21T15:30:59.697+0000][7720113.469s] GC(1196) CMS: 36577K->36577K(393216K)
[2018-10-21T15:30:59.697+0000][7720113.469s] GC(1196) Metaspace: 48886K->48886K(1095680K)
[2018-10-21T15:30:59.697+0000][7720113.469s] GC(1196) Pause Young (Allocation Failure) 121M->36M(490M) 13.680ms
[2018-10-21T15:30:59.697+0000][7720113.469s] GC(1196) User=0.03s Sys=0.00s Real=0.02s
[2018-10-21T17:57:00.141+0000][7728873.913s] GC(1197) Pause Young (Allocation Failure)
[2018-10-21T17:57:00.142+0000][7728873.913s] GC(1197) Using 4 workers of 4 for evacuation
[2018-10-21T17:57:00.157+0000][7728873.928s] GC(1197) ParNew: 87825K->369K(109248K)
[2018-10-21T17:57:00.157+0000][7728873.928s] GC(1197) CMS: 36577K->36577K(393216K)
[2018-10-21T17:57:00.157+0000][7728873.928s] GC(1197) Metaspace: 48886K->48886K(1095680K)
[2018-10-21T17:57:00.157+0000][7728873.928s] GC(1197) Pause Young (Allocation Failure) 121M->36M(490M) 15.600ms
[2018-10-21T17:57:00.157+0000][7728873.928s] GC(1197) User=0.03s Sys=0.00s Real=0.02s
[2018-10-21T20:23:00.603+0000][7737634.375s] GC(1198) Pause Young (Allocation Failure)
[2018-10-21T20:23:00.603+0000][7737634.375s] GC(1198) Using 4 workers of 4 for evacuation
[2018-10-21T20:23:00.617+0000][7737634.388s] GC(1198) ParNew: 87793K->475K(109248K)
[2018-10-21T20:23:00.617+0000][7737634.389s] GC(1198) CMS: 36577K->36577K(393216K)
[2018-10-21T20:23:00.617+0000][7737634.389s] GC(1198) Metaspace: 48886K->48886K(1095680K)
[2018-10-21T20:23:00.617+0000][7737634.389s] GC(1198) Pause Young (Allocation Failure) 121M->36M(490M) 14.017ms
[2018-10-21T20:23:00.617+0000][7737634.389s] GC(1198) User=0.02s Sys=0.00s Real=0.02s
[2018-10-21T22:03:00.911+0000][7743634.682s] GC(1199) Pause Young (Allocation Failure)
[2018-10-21T22:03:00.911+0000][7743634.682s] GC(1199) Using 4 workers of 4 for evacuation
[2018-10-21T22:03:00.920+0000][7743634.691s] GC(1199) ParNew: 87899K->500K(109248K)
[2018-10-21T22:03:00.920+0000][7743634.691s] GC(1199) CMS: 36577K->36577K(393216K)
[2018-10-21T22:03:00.920+0000][7743634.691s] GC(1199) Metaspace: 48886K->48886K(1095680K)
[2018-10-21T22:03:00.920+0000][7743634.691s] GC(1199) Pause Young (Allocation Failure) 121M->36M(490M) 8.514ms
[2018-10-21T22:03:00.920+0000][7743634.691s] GC(1199) User=0.01s Sys=0.00s Real=0.01s
[2018-10-21T23:44:31.107+0000][7749724.878s] GC(1200) Pause Young (Allocation Failure)
[2018-10-21T23:44:31.107+0000][7749724.878s] GC(1200) Using 4 workers of 4 for evacuation
[2018-10-21T23:44:31.114+0000][7749724.886s] GC(1200) ParNew: 87924K->441K(109248K)
[2018-10-21T23:44:31.114+0000][7749724.886s] GC(1200) CMS: 36577K->36578K(393216K)
[2018-10-21T23:44:31.114+0000][7749724.886s] GC(1200) Metaspace: 48886K->48886K(1095680K)
[2018-10-21T23:44:31.114+0000][7749724.886s] GC(1200) Pause Young (Allocation Failure) 121M->36M(490M) 7.887ms
[2018-10-21T23:44:31.115+0000][7749724.886s] GC(1200) User=0.01s Sys=0.00s Real=0.00s
[2018-10-22T01:24:01.532+0000][7755695.303s] GC(1201) Pause Young (Allocation Failure)
[2018-10-22T01:24:01.532+0000][7755695.303s] GC(1201) Using 4 workers of 4 for evacuation
[2018-10-22T01:24:01.539+0000][7755695.310s] GC(1201) ParNew: 87865K->447K(109248K)
[2018-10-22T01:24:01.539+0000][7755695.310s] GC(1201) CMS: 36578K->36578K(393216K)
[2018-10-22T01:24:01.539+0000][7755695.310s] GC(1201) Metaspace: 48887K->48887K(1095680K)
[2018-10-22T01:24:01.539+0000][7755695.310s] GC(1201) Pause Young (Allocation Failure) 121M->36M(490M) 7.301ms
[2018-10-22T01:24:01.539+0000][7755695.310s] GC(1201) User=0.01s Sys=0.00s Real=0.01s
[2018-10-22T02:56:24.628+0000][7761238.399s] GC(1202) Pause Young (Allocation Failure)
[2018-10-22T02:56:24.628+0000][7761238.399s] GC(1202) Using 4 workers of 4 for evacuation
[2018-10-22T02:56:24.643+0000][7761238.414s] GC(1202) ParNew: 87871K->372K(109248K)
[2018-10-22T02:56:24.643+0000][7761238.414s] GC(1202) CMS: 36578K->36578K(393216K)
[2018-10-22T02:56:24.643+0000][7761238.414s] GC(1202) Metaspace: 48887K->48887K(1095680K)
[2018-10-22T02:56:24.643+0000][7761238.414s] GC(1202) Pause Young (Allocation Failure) 121M->36M(490M) 15.250ms
[2018-10-22T02:56:24.643+0000][7761238.414s] GC(1202) User=0.03s Sys=0.00s Real=0.01s
[2018-10-22T04:01:50.598+0000][7765164.369s] GC(1203) Pause Young (Allocation Failure)
[2018-10-22T04:01:50.598+0000][7765164.369s] GC(1203) Using 4 workers of 4 for evacuation
[2018-10-22T04:01:50.612+0000][7765164.383s] GC(1203) ParNew: 87796K->375K(109248K)
[2018-10-22T04:01:50.612+0000][7765164.383s] GC(1203) CMS: 36578K->36578K(393216K)
[2018-10-22T04:01:50.612+0000][7765164.383s] GC(1203) Metaspace: 48887K->48887K(1095680K)
[2018-10-22T04:01:50.612+0000][7765164.383s] GC(1203) Pause Young (Allocation Failure) 121M->36M(490M) 14.470ms
[2018-10-22T04:01:50.612+0000][7765164.383s] GC(1203) User=0.03s Sys=0.00s Real=0.01s
[2018-10-22T05:42:02.348+0000][7771176.119s] GC(1204) Pause Young (Allocation Failure)
[2018-10-22T05:42:02.348+0000][7771176.119s] GC(1204) Using 4 workers of 4 for evacuation
[2018-10-22T05:42:02.356+0000][7771176.128s] GC(1204) ParNew: 87799K->395K(109248K)
[2018-10-22T05:42:02.357+0000][7771176.128s] GC(1204) CMS: 36578K->36578K(393216K)
[2018-10-22T05:42:02.357+0000][7771176.128s] GC(1204) Metaspace: 48887K->48887K(1095680K)
[2018-10-22T05:42:02.357+0000][7771176.128s] GC(1204) Pause Young (Allocation Failure) 121M->36M(490M) 8.883ms
[2018-10-22T05:42:02.357+0000][7771176.128s] GC(1204) User=0.01s Sys=0.00s Real=0.01s
[2018-10-22T06:59:42.007+0000][7775835.778s] GC(1205) Pause Young (Allocation Failure)
[2018-10-22T06:59:42.007+0000][7775835.779s] GC(1205) Using 4 workers of 4 for evacuation
[2018-10-22T06:59:42.024+0000][7775835.795s] GC(1205) ParNew: 87819K->417K(109248K)
[2018-10-22T06:59:42.024+0000][7775835.795s] GC(1205) CMS: 36578K->36578K(393216K)
[2018-10-22T06:59:42.024+0000][7775835.795s] GC(1205) Metaspace: 48887K->48887K(1095680K)
[2018-10-22T06:59:42.024+0000][7775835.795s] GC(1205) Pause Young (Allocation Failure) 121M->36M(490M) 16.817ms
[2018-10-22T06:59:42.024+0000][7775835.795s] GC(1205) User=0.03s Sys=0.00s Real=0.01s
[2018-10-22T07:34:02.691+0000][7777896.462s] GC(1206) Pause Young (Allocation Failure)
[2018-10-22T07:34:02.691+0000][7777896.462s] GC(1206) Using 4 workers of 4 for evacuation
[2018-10-22T07:34:02.700+0000][7777896.472s] GC(1206) ParNew: 87841K->490K(109248K)
[2018-10-22T07:34:02.701+0000][7777896.472s] GC(1206) CMS: 36578K->36578K(393216K)
[2018-10-22T07:34:02.701+0000][7777896.472s] GC(1206) Metaspace: 48887K->48887K(1095680K)
[2018-10-22T07:34:02.701+0000][7777896.472s] GC(1206) Pause Young (Allocation Failure) 121M->36M(490M) 9.913ms
[2018-10-22T07:34:02.701+0000][7777896.472s] GC(1206) User=0.02s Sys=0.01s Real=0.01s
[2018-10-22T09:16:03.018+0000][7784016.789s] GC(1207) Pause Young (Allocation Failure)
[2018-10-22T09:16:03.018+0000][7784016.789s] GC(1207) Using 4 workers of 4 for evacuation
[2018-10-22T09:16:03.030+0000][7784016.801s] GC(1207) ParNew: 87914K->427K(109248K)
[2018-10-22T09:16:03.030+0000][7784016.801s] GC(1207) CMS: 36578K->36578K(393216K)
[2018-10-22T09:16:03.030+0000][7784016.801s] GC(1207) Metaspace: 48887K->48887K(1095680K)
[2018-10-22T09:16:03.030+0000][7784016.801s] GC(1207) Pause Young (Allocation Failure) 121M->36M(490M) 11.690ms
[2018-10-22T09:16:03.030+0000][7784016.801s] GC(1207) User=0.02s Sys=0.00s Real=0.01s
[2018-10-22T11:42:03.509+0000][7792777.280s] GC(1208) Pause Young (Allocation Failure)
[2018-10-22T11:42:03.509+0000][7792777.280s] GC(1208) Using 4 workers of 4 for evacuation
[2018-10-22T11:42:03.526+0000][7792777.297s] GC(1208) ParNew: 87851K->557K(109248K)
[2018-10-22T11:42:03.526+0000][7792777.297s] GC(1208) CMS: 36578K->36578K(393216K)
[2018-10-22T11:42:03.526+0000][7792777.297s] GC(1208) Metaspace: 48887K->48887K(1095680K)
[2018-10-22T11:42:03.526+0000][7792777.297s] GC(1208) Pause Young (Allocation Failure) 121M->36M(490M) 16.843ms
[2018-10-22T11:42:03.526+0000][7792777.297s] GC(1208) User=0.02s Sys=0.01s Real=0.02s
[2018-10-22T13:23:03.845+0000][7798837.616s] GC(1209) Pause Young (Allocation Failure)
[2018-10-22T13:23:03.845+0000][7798837.616s] GC(1209) Using 4 workers of 4 for evacuation
[2018-10-22T13:23:03.852+0000][7798837.623s] GC(1209) ParNew: 87981K->487K(109248K)
[2018-10-22T13:23:03.852+0000][7798837.623s] GC(1209) CMS: 36578K->36578K(393216K)
[2018-10-22T13:23:03.852+0000][7798837.623s] GC(1209) Metaspace: 48887K->48887K(1095680K)
[2018-10-22T13:23:03.852+0000][7798837.623s] GC(1209) Pause Young (Allocation Failure) 121M->36M(490M) 7.649ms
[2018-10-22T13:23:03.852+0000][7798837.623s] GC(1209) User=0.02s Sys=0.00s Real=0.01s
[2018-10-22T14:46:11.670+0000][7803825.441s] GC(1210) Pause Young (Allocation Failure)
[2018-10-22T14:46:11.670+0000][7803825.441s] GC(1210) Using 4 workers of 4 for evacuation
[2018-10-22T14:46:11.682+0000][7803825.453s] GC(1210) ParNew: 87911K->423K(109248K)
[2018-10-22T14:46:11.682+0000][7803825.453s] GC(1210) CMS: 36578K->36578K(393216K)
[2018-10-22T14:46:11.682+0000][7803825.453s] GC(1210) Metaspace: 48887K->48887K(1095680K)
[2018-10-22T14:46:11.682+0000][7803825.453s] GC(1210) Pause Young (Allocation Failure) 121M->36M(490M) 11.664ms
[2018-10-22T14:46:11.682+0000][7803825.453s] GC(1210) User=0.02s Sys=0.00s Real=0.01s
[2018-10-22T16:45:04.484+0000][7810958.255s] GC(1211) Pause Young (Allocation Failure)
[2018-10-22T16:45:04.484+0000][7810958.255s] GC(1211) Using 4 workers of 4 for evacuation
[2018-10-22T16:45:04.493+0000][7810958.264s] GC(1211) ParNew: 87847K->545K(109248K)
[2018-10-22T16:45:04.493+0000][7810958.264s] GC(1211) CMS: 36578K->36578K(393216K)
[2018-10-22T16:45:04.493+0000][7810958.264s] GC(1211) Metaspace: 48887K->48887K(1095680K)
[2018-10-22T16:45:04.493+0000][7810958.264s] GC(1211) Pause Young (Allocation Failure) 121M->36M(490M) 9.780ms
[2018-10-22T16:45:04.493+0000][7810958.264s] GC(1211) User=0.02s Sys=0.00s Real=0.01s
[2018-10-22T18:49:04.872+0000][7818398.643s] GC(1212) Pause Young (Allocation Failure)
[2018-10-22T18:49:04.872+0000][7818398.643s] GC(1212) Using 4 workers of 4 for evacuation
[2018-10-22T18:49:04.886+0000][7818398.658s] GC(1212) ParNew: 87969K->400K(109248K)
[2018-10-22T18:49:04.886+0000][7818398.658s] GC(1212) CMS: 36578K->36578K(393216K)
[2018-10-22T18:49:04.887+0000][7818398.658s] GC(1212) Metaspace: 48887K->48887K(1095680K)
[2018-10-22T18:49:04.887+0000][7818398.658s] GC(1212) Pause Young (Allocation Failure) 121M->36M(490M) 14.492ms
[2018-10-22T18:49:04.887+0000][7818398.658s] GC(1212) User=0.03s Sys=0.00s Real=0.02s
[2018-10-22T20:30:05.190+0000][7824458.961s] GC(1213) Pause Young (Allocation Failure)
[2018-10-22T20:30:05.190+0000][7824458.962s] GC(1213) Using 4 workers of 4 for evacuation
[2018-10-22T20:30:05.197+0000][7824458.968s] GC(1213) ParNew: 87824K->497K(109248K)
[2018-10-22T20:30:05.197+0000][7824458.969s] GC(1213) CMS: 36578K->36578K(393216K)
[2018-10-22T20:30:05.197+0000][7824458.969s] GC(1213) Metaspace: 48887K->48887K(1095680K)
[2018-10-22T20:30:05.197+0000][7824458.969s] GC(1213) Pause Young (Allocation Failure) 121M->36M(490M) 7.141ms
[2018-10-22T20:30:05.197+0000][7824458.969s] GC(1213) User=0.02s Sys=0.00s Real=0.01s
[2018-10-22T22:15:30.755+0000][7830784.526s] GC(1214) Pause Young (Allocation Failure)
[2018-10-22T22:15:30.755+0000][7830784.526s] GC(1214) Using 4 workers of 4 for evacuation
[2018-10-22T22:15:30.769+0000][7830784.540s] GC(1214) ParNew: 87921K->382K(109248K)
[2018-10-22T22:15:30.769+0000][7830784.540s] GC(1214) CMS: 36578K->36578K(393216K)
[2018-10-22T22:15:30.769+0000][7830784.540s] GC(1214) Metaspace: 48887K->48887K(1095680K)
[2018-10-22T22:15:30.769+0000][7830784.540s] GC(1214) Pause Young (Allocation Failure) 121M->36M(490M) 13.710ms
[2018-10-22T22:15:30.769+0000][7830784.540s] GC(1214) User=0.02s Sys=0.00s Real=0.02s
[2018-10-23T00:14:05.856+0000][7837899.627s] GC(1215) Pause Young (Allocation Failure)
[2018-10-23T00:14:05.856+0000][7837899.627s] GC(1215) Using 4 workers of 4 for evacuation
[2018-10-23T00:14:05.863+0000][7837899.634s] GC(1215) ParNew: 87806K->519K(109248K)
[2018-10-23T00:14:05.863+0000][7837899.634s] GC(1215) CMS: 36578K->36578K(393216K)
[2018-10-23T00:14:05.863+0000][7837899.634s] GC(1215) Metaspace: 48887K->48887K(1095680K)
[2018-10-23T00:14:05.863+0000][7837899.634s] GC(1215) Pause Young (Allocation Failure) 121M->36M(490M) 7.290ms
[2018-10-23T00:14:05.863+0000][7837899.634s] GC(1215) User=0.01s Sys=0.00s Real=0.00s
[2018-10-23T01:55:06.166+0000][7843959.937s] GC(1216) Pause Young (Allocation Failure)
[2018-10-23T01:55:06.166+0000][7843959.937s] GC(1216) Using 4 workers of 4 for evacuation
[2018-10-23T01:55:06.174+0000][7843959.945s] GC(1216) ParNew: 87943K->425K(109248K)
[2018-10-23T01:55:06.174+0000][7843959.945s] GC(1216) CMS: 36578K->36578K(393216K)
[2018-10-23T01:55:06.174+0000][7843959.945s] GC(1216) Metaspace: 48887K->48887K(1095680K)
[2018-10-23T01:55:06.174+0000][7843959.945s] GC(1216) Pause Young (Allocation Failure) 121M->36M(490M) 8.256ms
[2018-10-23T01:55:06.174+0000][7843959.945s] GC(1216) User=0.02s Sys=0.00s Real=0.00s
[2018-10-23T03:59:06.547+0000][7851400.318s] GC(1217) Pause Young (Allocation Failure)
[2018-10-23T03:59:06.547+0000][7851400.318s] GC(1217) Using 4 workers of 4 for evacuation
[2018-10-23T03:59:06.553+0000][7851400.324s] GC(1217) ParNew: 87849K->513K(109248K)
[2018-10-23T03:59:06.553+0000][7851400.324s] GC(1217) CMS: 36578K->36578K(393216K)
[2018-10-23T03:59:06.553+0000][7851400.324s] GC(1217) Metaspace: 48887K->48887K(1095680K)
[2018-10-23T03:59:06.553+0000][7851400.324s] GC(1217) Pause Young (Allocation Failure) 121M->36M(490M) 6.340ms
[2018-10-23T03:59:06.553+0000][7851400.324s] GC(1217) User=0.02s Sys=0.00s Real=0.00s
[2018-10-23T06:13:36.106+0000][7859469.877s] GC(1218) Pause Young (Allocation Failure)
[2018-10-23T06:13:36.106+0000][7859469.877s] GC(1218) Using 4 workers of 4 for evacuation
[2018-10-23T06:13:36.119+0000][7859469.890s] GC(1218) ParNew: 87937K->432K(109248K)
[2018-10-23T06:13:36.119+0000][7859469.890s] GC(1218) CMS: 36578K->36578K(393216K)
[2018-10-23T06:13:36.119+0000][7859469.890s] GC(1218) Metaspace: 48887K->48887K(1095680K)
[2018-10-23T06:13:36.119+0000][7859469.890s] GC(1218) Pause Young (Allocation Failure) 121M->36M(490M) 13.045ms
[2018-10-23T06:13:36.119+0000][7859469.890s] GC(1218) User=0.02s Sys=0.00s Real=0.01s
[2018-10-23T08:27:07.375+0000][7867481.146s] GC(1219) Pause Young (Allocation Failure)
