[2018-11-04T16:50:27.896+0000][8934481.667s] GC(1377) Pause Young (Allocation Failure) 121M->36M(490M) 14.184ms
[2018-11-04T16:50:27.896+0000][8934481.667s] GC(1377) User=0.02s Sys=0.00s Real=0.02s
[2018-11-04T18:48:05.393+0000][8941539.164s] GC(1378) Pause Young (Allocation Failure)
[2018-11-04T18:48:05.393+0000][8941539.164s] GC(1378) Using 4 workers of 4 for evacuation
[2018-11-04T18:48:05.407+0000][8941539.178s] GC(1378) ParNew: 87932K->379K(109248K)
[2018-11-04T18:48:05.407+0000][8941539.178s] GC(1378) CMS: 37026K->37026K(393216K)
[2018-11-04T18:48:05.407+0000][8941539.178s] GC(1378) Metaspace: 49782K->49782K(1095680K)
[2018-11-04T18:48:05.407+0000][8941539.178s] GC(1378) Pause Young (Allocation Failure) 122M->36M(490M) 13.947ms
[2018-11-04T18:48:05.407+0000][8941539.178s] GC(1378) User=0.03s Sys=0.00s Real=0.02s
[2018-11-04T21:14:05.849+0000][8950299.620s] GC(1379) Pause Young (Allocation Failure)
[2018-11-04T21:14:05.849+0000][8950299.620s] GC(1379) Using 4 workers of 4 for evacuation
[2018-11-04T21:14:05.858+0000][8950299.629s] GC(1379) ParNew: 87803K->468K(109248K)
[2018-11-04T21:14:05.858+0000][8950299.629s] GC(1379) CMS: 37026K->37026K(393216K)
[2018-11-04T21:14:05.858+0000][8950299.629s] GC(1379) Metaspace: 49782K->49782K(1095680K)
[2018-11-04T21:14:05.858+0000][8950299.629s] GC(1379) Pause Young (Allocation Failure) 121M->36M(490M) 8.938ms
[2018-11-04T21:14:05.858+0000][8950299.629s] GC(1379) User=0.01s Sys=0.00s Real=0.01s
[2018-11-04T23:18:06.245+0000][8957740.017s] GC(1380) Pause Young (Allocation Failure)
[2018-11-04T23:18:06.246+0000][8957740.017s] GC(1380) Using 4 workers of 4 for evacuation
[2018-11-04T23:18:06.259+0000][8957740.030s] GC(1380) ParNew: 87892K->409K(109248K)
[2018-11-04T23:18:06.259+0000][8957740.030s] GC(1380) CMS: 37026K->37026K(393216K)
[2018-11-04T23:18:06.259+0000][8957740.030s] GC(1380) Metaspace: 49782K->49782K(1095680K)
[2018-11-04T23:18:06.259+0000][8957740.030s] GC(1380) Pause Young (Allocation Failure) 121M->36M(490M) 13.398ms
[2018-11-04T23:18:06.259+0000][8957740.030s] GC(1380) User=0.01s Sys=0.00s Real=0.01s
[2018-11-05T01:21:06.653+0000][8965120.425s] GC(1381) Pause Young (Allocation Failure)
[2018-11-05T01:21:06.654+0000][8965120.425s] GC(1381) Using 4 workers of 4 for evacuation
[2018-11-05T01:21:06.661+0000][8965120.432s] GC(1381) ParNew: 87833K->607K(109248K)
[2018-11-05T01:21:06.661+0000][8965120.432s] GC(1381) CMS: 37026K->37026K(393216K)
[2018-11-05T01:21:06.661+0000][8965120.432s] GC(1381) Metaspace: 49782K->49782K(1095680K)
[2018-11-05T01:21:06.661+0000][8965120.432s] GC(1381) Pause Young (Allocation Failure) 121M->36M(490M) 7.136ms
[2018-11-05T01:21:06.661+0000][8965120.432s] GC(1381) User=0.01s Sys=0.00s Real=0.01s
[2018-11-05T02:57:35.369+0000][8970909.140s] GC(1382) Pause Young (Allocation Failure)
[2018-11-05T02:57:35.369+0000][8970909.140s] GC(1382) Using 4 workers of 4 for evacuation
[2018-11-05T02:57:35.377+0000][8970909.148s] GC(1382) ParNew: 88031K->406K(109248K)
[2018-11-05T02:57:35.377+0000][8970909.148s] GC(1382) CMS: 37026K->37026K(393216K)
[2018-11-05T02:57:35.377+0000][8970909.148s] GC(1382) Metaspace: 49782K->49782K(1095680K)
[2018-11-05T02:57:35.377+0000][8970909.148s] GC(1382) Pause Young (Allocation Failure) 122M->36M(490M) 8.485ms
[2018-11-05T02:57:35.377+0000][8970909.148s] GC(1382) User=0.02s Sys=0.00s Real=0.01s
[2018-11-05T03:09:02.365+0000][8971596.136s] GC(1383) Pause Young (Allocation Failure)
[2018-11-05T03:09:02.365+0000][8971596.137s] GC(1383) Using 4 workers of 4 for evacuation
[2018-11-05T03:09:02.373+0000][8971596.144s] GC(1383) ParNew: 87830K->378K(109248K)
[2018-11-05T03:09:02.373+0000][8971596.144s] GC(1383) CMS: 37026K->37026K(393216K)
[2018-11-05T03:09:02.373+0000][8971596.144s] GC(1383) Metaspace: 49782K->49782K(1095680K)
[2018-11-05T03:09:02.373+0000][8971596.144s] GC(1383) Pause Young (Allocation Failure) 121M->36M(490M) 7.719ms
[2018-11-05T03:09:02.373+0000][8971596.144s] GC(1383) User=0.02s Sys=0.00s Real=0.01s
[2018-11-05T04:44:02.812+0000][8977296.583s] GC(1384) Pause Young (Allocation Failure)
[2018-11-05T04:44:02.812+0000][8977296.583s] GC(1384) Using 4 workers of 4 for evacuation
[2018-11-05T04:44:02.824+0000][8977296.595s] GC(1384) ParNew: 87802K->510K(109248K)
[2018-11-05T04:44:02.824+0000][8977296.595s] GC(1384) CMS: 37026K->37027K(393216K)
[2018-11-05T04:44:02.824+0000][8977296.595s] GC(1384) Metaspace: 49782K->49782K(1095680K)
[2018-11-05T04:44:02.824+0000][8977296.595s] GC(1384) Pause Young (Allocation Failure) 121M->36M(490M) 11.929ms
[2018-11-05T04:44:02.824+0000][8977296.595s] GC(1384) User=0.02s Sys=0.00s Real=0.01s
[2018-11-05T05:53:07.585+0000][8981441.356s] GC(1385) Pause Young (Allocation Failure)
[2018-11-05T05:53:07.585+0000][8981441.356s] GC(1385) Using 4 workers of 4 for evacuation
[2018-11-05T05:53:07.600+0000][8981441.371s] GC(1385) ParNew: 87934K->490K(109248K)
[2018-11-05T05:53:07.600+0000][8981441.371s] GC(1385) CMS: 37027K->37027K(393216K)
[2018-11-05T05:53:07.600+0000][8981441.371s] GC(1385) Metaspace: 49782K->49782K(1095680K)
[2018-11-05T05:53:07.600+0000][8981441.371s] GC(1385) Pause Young (Allocation Failure) 122M->36M(490M) 15.230ms
[2018-11-05T05:53:07.600+0000][8981441.371s] GC(1385) User=0.01s Sys=0.00s Real=0.02s
[2018-11-05T08:40:08.219+0000][8991461.990s] GC(1386) Pause Young (Allocation Failure)
[2018-11-05T08:40:08.219+0000][8991461.990s] GC(1386) Using 4 workers of 4 for evacuation
[2018-11-05T08:40:08.227+0000][8991461.998s] GC(1386) ParNew: 87914K->411K(109248K)
[2018-11-05T08:40:08.227+0000][8991461.998s] GC(1386) CMS: 37027K->37027K(393216K)
[2018-11-05T08:40:08.227+0000][8991461.998s] GC(1386) Metaspace: 49782K->49782K(1095680K)
[2018-11-05T08:40:08.227+0000][8991461.998s] GC(1386) Pause Young (Allocation Failure) 122M->36M(490M) 8.318ms
[2018-11-05T08:40:08.227+0000][8991461.998s] GC(1386) User=0.01s Sys=0.00s Real=0.01s
[2018-11-05T11:06:08.718+0000][9000222.489s] GC(1387) Pause Young (Allocation Failure)
[2018-11-05T11:06:08.718+0000][9000222.489s] GC(1387) Using 4 workers of 4 for evacuation
[2018-11-05T11:06:08.725+0000][9000222.496s] GC(1387) ParNew: 87835K->454K(109248K)
[2018-11-05T11:06:08.725+0000][9000222.496s] GC(1387) CMS: 37027K->37027K(393216K)
[2018-11-05T11:06:08.725+0000][9000222.496s] GC(1387) Metaspace: 49782K->49782K(1095680K)
[2018-11-05T11:06:08.725+0000][9000222.496s] GC(1387) Pause Young (Allocation Failure) 121M->36M(490M) 6.886ms
[2018-11-05T11:06:08.725+0000][9000222.496s] GC(1387) User=0.02s Sys=0.00s Real=0.00s
[2018-11-05T13:10:09.219+0000][9007662.990s] GC(1388) Pause Young (Allocation Failure)
[2018-11-05T13:10:09.219+0000][9007662.990s] GC(1388) Using 4 workers of 4 for evacuation
[2018-11-05T13:10:09.232+0000][9007663.003s] GC(1388) ParNew: 87878K->504K(109248K)
[2018-11-05T13:10:09.232+0000][9007663.003s] GC(1388) CMS: 37027K->37027K(393216K)
[2018-11-05T13:10:09.232+0000][9007663.003s] GC(1388) Metaspace: 49782K->49782K(1095680K)
[2018-11-05T13:10:09.232+0000][9007663.003s] GC(1388) Pause Young (Allocation Failure) 121M->36M(490M) 13.084ms
[2018-11-05T13:10:09.232+0000][9007663.003s] GC(1388) User=0.02s Sys=0.01s Real=0.01s
[2018-11-05T14:38:26.769+0000][9012960.540s] GC(1389) Pause Young (Allocation Failure)
[2018-11-05T14:38:26.769+0000][9012960.540s] GC(1389) Using 4 workers of 4 for evacuation
[2018-11-05T14:38:26.781+0000][9012960.552s] GC(1389) ParNew: 87928K->441K(109248K)
[2018-11-05T14:38:26.781+0000][9012960.552s] GC(1389) CMS: 37027K->37027K(393216K)
[2018-11-05T14:38:26.781+0000][9012960.552s] GC(1389) Metaspace: 49791K->49791K(1095680K)
[2018-11-05T14:38:26.781+0000][9012960.552s] GC(1389) Pause Young (Allocation Failure) 122M->36M(490M) 12.664ms
[2018-11-05T14:38:26.781+0000][9012960.552s] GC(1389) User=0.03s Sys=0.00s Real=0.01s
[2018-11-05T16:25:10.018+0000][9019363.789s] GC(1390) Pause Young (Allocation Failure)
[2018-11-05T16:25:10.018+0000][9019363.789s] GC(1390) Using 4 workers of 4 for evacuation
[2018-11-05T16:25:10.032+0000][9019363.803s] GC(1390) ParNew: 87865K->392K(109248K)
[2018-11-05T16:25:10.032+0000][9019363.803s] GC(1390) CMS: 37027K->37027K(393216K)
[2018-11-05T16:25:10.032+0000][9019363.803s] GC(1390) Metaspace: 49799K->49799K(1095680K)
[2018-11-05T16:25:10.032+0000][9019363.803s] GC(1390) Pause Young (Allocation Failure) 121M->36M(490M) 14.276ms
[2018-11-05T16:25:10.032+0000][9019363.803s] GC(1390) User=0.02s Sys=0.00s Real=0.01s
[2018-11-05T18:50:10.493+0000][9028064.264s] GC(1391) Pause Young (Allocation Failure)
[2018-11-05T18:50:10.493+0000][9028064.264s] GC(1391) Using 4 workers of 4 for evacuation
[2018-11-05T18:50:10.500+0000][9028064.272s] GC(1391) ParNew: 87816K->591K(109248K)
[2018-11-05T18:50:10.500+0000][9028064.272s] GC(1391) CMS: 37027K->37027K(393216K)
[2018-11-05T18:50:10.500+0000][9028064.272s] GC(1391) Metaspace: 49799K->49799K(1095680K)
[2018-11-05T18:50:10.500+0000][9028064.272s] GC(1391) Pause Young (Allocation Failure) 121M->36M(490M) 7.551ms
[2018-11-05T18:50:10.500+0000][9028064.272s] GC(1391) User=0.02s Sys=0.00s Real=0.01s
[2018-11-05T21:08:42.543+0000][9036376.314s] GC(1392) Pause Young (Allocation Failure)
[2018-11-05T21:08:42.543+0000][9036376.314s] GC(1392) Using 4 workers of 4 for evacuation
[2018-11-05T21:08:42.556+0000][9036376.327s] GC(1392) ParNew: 88015K->462K(109248K)
[2018-11-05T21:08:42.556+0000][9036376.327s] GC(1392) CMS: 37027K->37027K(393216K)
[2018-11-05T21:08:42.556+0000][9036376.327s] GC(1392) Metaspace: 49799K->49799K(1095680K)
[2018-11-05T21:08:42.556+0000][9036376.327s] GC(1392) Pause Young (Allocation Failure) 122M->36M(490M) 13.043ms
[2018-11-05T21:08:42.556+0000][9036376.327s] GC(1392) User=0.02s Sys=0.00s Real=0.02s
[2018-11-05T23:42:11.382+0000][9045585.153s] GC(1393) Pause Young (Allocation Failure)
[2018-11-05T23:42:11.382+0000][9045585.153s] GC(1393) Using 4 workers of 4 for evacuation
[2018-11-05T23:42:11.389+0000][9045585.160s] GC(1393) ParNew: 87886K->427K(109248K)
[2018-11-05T23:42:11.389+0000][9045585.160s] GC(1393) CMS: 37027K->37027K(393216K)
[2018-11-05T23:42:11.389+0000][9045585.160s] GC(1393) Metaspace: 49799K->49799K(1095680K)
[2018-11-05T23:42:11.389+0000][9045585.160s] GC(1393) Pause Young (Allocation Failure) 121M->36M(490M) 6.882ms
[2018-11-05T23:42:11.389+0000][9045585.160s] GC(1393) User=0.02s Sys=0.00s Real=0.01s
[2018-11-06T01:23:11.709+0000][9051645.480s] GC(1394) Pause Young (Allocation Failure)
[2018-11-06T01:23:11.709+0000][9051645.480s] GC(1394) Using 4 workers of 4 for evacuation
[2018-11-06T01:23:11.725+0000][9051645.497s] GC(1394) ParNew: 87851K->374K(109248K)
[2018-11-06T01:23:11.725+0000][9051645.497s] GC(1394) CMS: 37027K->37027K(393216K)
[2018-11-06T01:23:11.726+0000][9051645.497s] GC(1394) Metaspace: 49799K->49799K(1095680K)
[2018-11-06T01:23:11.726+0000][9051645.497s] GC(1394) Pause Young (Allocation Failure) 121M->36M(490M) 16.874ms
[2018-11-06T01:23:11.726+0000][9051645.497s] GC(1394) User=0.03s Sys=0.00s Real=0.02s
[2018-11-06T02:24:51.888+0000][9055345.659s] GC(1395) Pause Young (Allocation Failure)
[2018-11-06T02:24:51.888+0000][9055345.659s] GC(1395) Using 4 workers of 4 for evacuation
[2018-11-06T02:24:51.901+0000][9055345.673s] GC(1395) ParNew: 87798K->448K(109248K)
[2018-11-06T02:24:51.901+0000][9055345.673s] GC(1395) CMS: 37027K->37027K(393216K)
[2018-11-06T02:24:51.901+0000][9055345.673s] GC(1395) Metaspace: 49799K->49799K(1095680K)
[2018-11-06T02:24:51.902+0000][9055345.673s] GC(1395) Pause Young (Allocation Failure) 121M->36M(490M) 13.790ms
[2018-11-06T02:24:51.902+0000][9055345.673s] GC(1395) User=0.02s Sys=0.00s Real=0.01s
[2018-11-06T04:01:12.223+0000][9061125.995s] GC(1396) Pause Young (Allocation Failure)
[2018-11-06T04:01:12.223+0000][9061125.995s] GC(1396) Using 4 workers of 4 for evacuation
[2018-11-06T04:01:12.237+0000][9061126.008s] GC(1396) ParNew: 87872K->420K(109248K)
[2018-11-06T04:01:12.238+0000][9061126.009s] GC(1396) CMS: 37027K->37027K(393216K)
[2018-11-06T04:01:12.238+0000][9061126.009s] GC(1396) Metaspace: 49799K->49799K(1095680K)
[2018-11-06T04:01:12.238+0000][9061126.009s] GC(1396) Pause Young (Allocation Failure) 121M->36M(490M) 14.319ms
[2018-11-06T04:01:12.239+0000][9061126.010s] GC(1396) User=0.03s Sys=0.01s Real=0.02s
[2018-11-06T06:49:12.772+0000][9071206.543s] GC(1397) Pause Young (Allocation Failure)
[2018-11-06T06:49:12.772+0000][9071206.543s] GC(1397) Using 4 workers of 4 for evacuation
[2018-11-06T06:49:12.782+0000][9071206.553s] GC(1397) ParNew: 87844K->505K(109248K)
[2018-11-06T06:49:12.782+0000][9071206.553s] GC(1397) CMS: 37027K->37028K(393216K)
[2018-11-06T06:49:12.782+0000][9071206.553s] GC(1397) Metaspace: 49799K->49799K(1095680K)
[2018-11-06T06:49:12.782+0000][9071206.553s] GC(1397) Pause Young (Allocation Failure) 121M->36M(490M) 10.666ms
[2018-11-06T06:49:12.782+0000][9071206.553s] GC(1397) User=0.02s Sys=0.00s Real=0.01s
[2018-11-06T08:53:13.183+0000][9078646.955s] GC(1398) Pause Young (Allocation Failure)
[2018-11-06T08:53:13.183+0000][9078646.955s] GC(1398) Using 4 workers of 4 for evacuation
[2018-11-06T08:53:13.196+0000][9078646.967s] GC(1398) ParNew: 87929K->420K(109248K)
[2018-11-06T08:53:13.196+0000][9078646.967s] GC(1398) CMS: 37028K->37029K(393216K)
[2018-11-06T08:53:13.196+0000][9078646.967s] GC(1398) Metaspace: 49799K->49799K(1095680K)
[2018-11-06T08:53:13.196+0000][9078646.967s] GC(1398) Pause Young (Allocation Failure) 122M->36M(490M) 12.289ms
[2018-11-06T08:53:13.196+0000][9078646.967s] GC(1398) User=0.03s Sys=0.00s Real=0.02s
