[2018-10-25T16:31:15.705+0000][8069329.476s] GC(1250) User=0.02s Sys=0.00s Real=0.01s
[2018-10-25T18:41:51.412+0000][8077165.183s] GC(1251) Pause Young (Allocation Failure)
[2018-10-25T18:41:51.412+0000][8077165.184s] GC(1251) Using 4 workers of 4 for evacuation
[2018-10-25T18:41:51.419+0000][8077165.190s] GC(1251) ParNew: 87965K->371K(109248K)
[2018-10-25T18:41:51.419+0000][8077165.190s] GC(1251) CMS: 37019K->37019K(393216K)
[2018-10-25T18:41:51.419+0000][8077165.190s] GC(1251) Metaspace: 49782K->49782K(1095680K)
[2018-10-25T18:41:51.419+0000][8077165.190s] GC(1251) Pause Young (Allocation Failure) 122M->36M(490M) 6.758ms
[2018-10-25T18:41:51.419+0000][8077165.190s] GC(1251) User=0.01s Sys=0.00s Real=0.01s
[2018-10-25T20:05:15.905+0000][8082169.676s] GC(1252) Pause Young (Allocation Failure)
[2018-10-25T20:05:15.905+0000][8082169.676s] GC(1252) Using 4 workers of 4 for evacuation
[2018-10-25T20:05:15.911+0000][8082169.682s] GC(1252) ParNew: 87795K->569K(109248K)
[2018-10-25T20:05:15.911+0000][8082169.682s] GC(1252) CMS: 37019K->37019K(393216K)
[2018-10-25T20:05:15.911+0000][8082169.682s] GC(1252) Metaspace: 49782K->49782K(1095680K)
[2018-10-25T20:05:15.911+0000][8082169.682s] GC(1252) Pause Young (Allocation Failure) 121M->36M(490M) 5.550ms
[2018-10-25T20:05:15.911+0000][8082169.682s] GC(1252) User=0.01s Sys=0.00s Real=0.01s
[2018-10-25T21:53:54.866+0000][8088688.637s] GC(1253) Pause Young (Allocation Failure)
[2018-10-25T21:53:54.866+0000][8088688.637s] GC(1253) Using 4 workers of 4 for evacuation
[2018-10-25T21:53:54.872+0000][8088688.644s] GC(1253) ParNew: 87993K->451K(109248K)
[2018-10-25T21:53:54.872+0000][8088688.644s] GC(1253) CMS: 37019K->37019K(393216K)
[2018-10-25T21:53:54.872+0000][8088688.644s] GC(1253) Metaspace: 49782K->49782K(1095680K)
[2018-10-25T21:53:54.872+0000][8088688.644s] GC(1253) Pause Young (Allocation Failure) 122M->36M(490M) 6.822ms
[2018-10-25T21:53:54.873+0000][8088688.644s] GC(1253) User=0.01s Sys=0.00s Real=0.00s
[2018-10-26T00:07:19.146+0000][8096692.917s] GC(1254) Pause Young (Allocation Failure)
[2018-10-26T00:07:19.146+0000][8096692.917s] GC(1254) Using 4 workers of 4 for evacuation
[2018-10-26T00:07:19.152+0000][8096692.923s] GC(1254) ParNew: 87875K->459K(109248K)
[2018-10-26T00:07:19.152+0000][8096692.923s] GC(1254) CMS: 37019K->37020K(393216K)
[2018-10-26T00:07:19.152+0000][8096692.923s] GC(1254) Metaspace: 49782K->49782K(1095680K)
[2018-10-26T00:07:19.152+0000][8096692.923s] GC(1254) Pause Young (Allocation Failure) 121M->36M(490M) 5.859ms
[2018-10-26T00:07:19.152+0000][8096692.923s] GC(1254) User=0.01s Sys=0.00s Real=0.00s
[2018-10-26T01:49:19.468+0000][8102813.239s] GC(1255) Pause Young (Allocation Failure)
[2018-10-26T01:49:19.468+0000][8102813.240s] GC(1255) Using 4 workers of 4 for evacuation
[2018-10-26T01:49:19.475+0000][8102813.247s] GC(1255) ParNew: 87883K->381K(109248K)
[2018-10-26T01:49:19.475+0000][8102813.247s] GC(1255) CMS: 37020K->37020K(393216K)
[2018-10-26T01:49:19.476+0000][8102813.247s] GC(1255) Metaspace: 49782K->49782K(1095680K)
[2018-10-26T01:49:19.476+0000][8102813.247s] GC(1255) Pause Young (Allocation Failure) 121M->36M(490M) 7.505ms
[2018-10-26T01:49:19.476+0000][8102813.247s] GC(1255) User=0.01s Sys=0.00s Real=0.01s
[2018-10-26T03:51:19.856+0000][8110133.627s] GC(1256) Pause Young (Allocation Failure)
[2018-10-26T03:51:19.856+0000][8110133.627s] GC(1256) Using 4 workers of 4 for evacuation
[2018-10-26T03:51:19.876+0000][8110133.647s] GC(1256) ParNew: 87805K->457K(109248K)
[2018-10-26T03:51:19.876+0000][8110133.648s] GC(1256) CMS: 37020K->37020K(393216K)
[2018-10-26T03:51:19.876+0000][8110133.648s] GC(1256) Metaspace: 49782K->49782K(1095680K)
[2018-10-26T03:51:19.876+0000][8110133.648s] GC(1256) Pause Young (Allocation Failure) 121M->36M(490M) 20.863ms
[2018-10-26T03:51:19.876+0000][8110133.648s] GC(1256) User=0.03s Sys=0.00s Real=0.02s
[2018-10-26T06:01:50.988+0000][8117964.759s] GC(1257) Pause Young (Allocation Failure)
[2018-10-26T06:01:50.988+0000][8117964.759s] GC(1257) Using 4 workers of 4 for evacuation
[2018-10-26T06:01:50.995+0000][8117964.766s] GC(1257) ParNew: 87881K->396K(109248K)
[2018-10-26T06:01:50.995+0000][8117964.766s] GC(1257) CMS: 37020K->37022K(393216K)
[2018-10-26T06:01:50.995+0000][8117964.766s] GC(1257) Metaspace: 49782K->49782K(1095680K)
[2018-10-26T06:01:50.995+0000][8117964.766s] GC(1257) Pause Young (Allocation Failure) 121M->36M(490M) 7.722ms
[2018-10-26T06:01:50.995+0000][8117964.766s] GC(1257) User=0.01s Sys=0.00s Real=0.00s
[2018-10-26T07:35:20.561+0000][8123574.332s] GC(1258) Pause Young (Allocation Failure)
[2018-10-26T07:35:20.561+0000][8123574.333s] GC(1258) Using 4 workers of 4 for evacuation
[2018-10-26T07:35:20.569+0000][8123574.340s] GC(1258) ParNew: 87820K->540K(109248K)
[2018-10-26T07:35:20.569+0000][8123574.340s] GC(1258) CMS: 37022K->37022K(393216K)
[2018-10-26T07:35:20.569+0000][8123574.340s] GC(1258) Metaspace: 49782K->49782K(1095680K)
[2018-10-26T07:35:20.569+0000][8123574.340s] GC(1258) Pause Young (Allocation Failure) 121M->36M(490M) 7.449ms
[2018-10-26T07:35:20.569+0000][8123574.340s] GC(1258) User=0.01s Sys=0.00s Real=0.01s
[2018-10-26T10:01:21.016+0000][8132334.787s] GC(1259) Pause Young (Allocation Failure)
[2018-10-26T10:01:21.016+0000][8132334.787s] GC(1259) Using 4 workers of 4 for evacuation
[2018-10-26T10:01:21.024+0000][8132334.795s] GC(1259) ParNew: 87964K->442K(109248K)
[2018-10-26T10:01:21.024+0000][8132334.795s] GC(1259) CMS: 37022K->37022K(393216K)
[2018-10-26T10:01:21.024+0000][8132334.795s] GC(1259) Metaspace: 49782K->49782K(1095680K)
[2018-10-26T10:01:21.024+0000][8132334.795s] GC(1259) Pause Young (Allocation Failure) 122M->36M(490M) 8.017ms
[2018-10-26T10:01:21.024+0000][8132334.795s] GC(1259) User=0.02s Sys=0.00s Real=0.00s
[2018-10-26T11:55:14.388+0000][8139168.159s] GC(1260) Pause Young (Allocation Failure)
[2018-10-26T11:55:14.388+0000][8139168.160s] GC(1260) Using 4 workers of 4 for evacuation
[2018-10-26T11:55:14.403+0000][8139168.174s] GC(1260) ParNew: 87866K->365K(109248K)
[2018-10-26T11:55:14.403+0000][8139168.174s] GC(1260) CMS: 37022K->37022K(393216K)
[2018-10-26T11:55:14.403+0000][8139168.174s] GC(1260) Metaspace: 49782K->49782K(1095680K)
[2018-10-26T11:55:14.403+0000][8139168.174s] GC(1260) Pause Young (Allocation Failure) 121M->36M(490M) 14.409ms
[2018-10-26T11:55:14.403+0000][8139168.174s] GC(1260) User=0.02s Sys=0.00s Real=0.01s
[2018-10-26T13:44:31.252+0000][8145725.023s] GC(1261) Pause Young (Allocation Failure)
[2018-10-26T13:44:31.252+0000][8145725.023s] GC(1261) Using 4 workers of 4 for evacuation
[2018-10-26T13:44:31.262+0000][8145725.033s] GC(1261) ParNew: 87789K->445K(109248K)
[2018-10-26T13:44:31.262+0000][8145725.033s] GC(1261) CMS: 37022K->37022K(393216K)
[2018-10-26T13:44:31.262+0000][8145725.033s] GC(1261) Metaspace: 49782K->49782K(1095680K)
[2018-10-26T13:44:31.262+0000][8145725.033s] GC(1261) Pause Young (Allocation Failure) 121M->36M(490M) 9.869ms
[2018-10-26T13:44:31.262+0000][8145725.033s] GC(1261) User=0.02s Sys=0.00s Real=0.01s
[2018-10-26T16:14:32.849+0000][8154726.620s] GC(1262) Pause Young (Allocation Failure)
[2018-10-26T16:14:32.849+0000][8154726.620s] GC(1262) Using 4 workers of 4 for evacuation
[2018-10-26T16:14:32.857+0000][8154726.628s] GC(1262) ParNew: 87869K->386K(109248K)
[2018-10-26T16:14:32.857+0000][8154726.628s] GC(1262) CMS: 37022K->37022K(393216K)
[2018-10-26T16:14:32.857+0000][8154726.628s] GC(1262) Metaspace: 49782K->49782K(1095680K)
[2018-10-26T16:14:32.857+0000][8154726.628s] GC(1262) Pause Young (Allocation Failure) 121M->36M(490M) 7.765ms
[2018-10-26T16:14:32.857+0000][8154726.628s] GC(1262) User=0.01s Sys=0.00s Real=0.01s
[2018-10-26T17:39:02.146+0000][8159795.918s] GC(1263) Pause Young (Allocation Failure)
[2018-10-26T17:39:02.146+0000][8159795.918s] GC(1263) Using 4 workers of 4 for evacuation
[2018-10-26T17:39:02.154+0000][8159795.925s] GC(1263) ParNew: 87810K->464K(109248K)
[2018-10-26T17:39:02.154+0000][8159795.925s] GC(1263) CMS: 37022K->37022K(393216K)
[2018-10-26T17:39:02.154+0000][8159795.925s] GC(1263) Metaspace: 49782K->49782K(1095680K)
[2018-10-26T17:39:02.154+0000][8159795.925s] GC(1263) Pause Young (Allocation Failure) 121M->36M(490M) 7.847ms
[2018-10-26T17:39:02.154+0000][8159795.925s] GC(1263) User=0.02s Sys=0.00s Real=0.00s
[2018-10-26T19:13:01.234+0000][8165435.005s] GC(1264) Pause Young (Allocation Failure)
[2018-10-26T19:13:01.234+0000][8165435.006s] GC(1264) Using 4 workers of 4 for evacuation
[2018-10-26T19:13:01.244+0000][8165435.015s] GC(1264) ParNew: 87888K->404K(109248K)
[2018-10-26T19:13:01.244+0000][8165435.015s] GC(1264) CMS: 37022K->37022K(393216K)
[2018-10-26T19:13:01.244+0000][8165435.015s] GC(1264) Metaspace: 49782K->49782K(1095680K)
[2018-10-26T19:13:01.244+0000][8165435.015s] GC(1264) Pause Young (Allocation Failure) 121M->36M(490M) 9.435ms
[2018-10-26T19:13:01.244+0000][8165435.015s] GC(1264) User=0.02s Sys=0.00s Real=0.01s
[2018-10-26T21:29:23.139+0000][8173616.910s] GC(1265) Pause Young (Allocation Failure)
[2018-10-26T21:29:23.139+0000][8173616.910s] GC(1265) Using 4 workers of 4 for evacuation
[2018-10-26T21:29:23.145+0000][8173616.917s] GC(1265) ParNew: 87828K->543K(109248K)
[2018-10-26T21:29:23.146+0000][8173616.917s] GC(1265) CMS: 37022K->37022K(393216K)
[2018-10-26T21:29:23.146+0000][8173616.917s] GC(1265) Metaspace: 49782K->49782K(1095680K)
[2018-10-26T21:29:23.146+0000][8173616.917s] GC(1265) Pause Young (Allocation Failure) 121M->36M(490M) 7.020ms
[2018-10-26T21:29:23.146+0000][8173616.917s] GC(1265) User=0.01s Sys=0.00s Real=0.01s
[2018-10-26T22:58:20.129+0000][8178953.900s] GC(1266) Pause Young (Allocation Failure)
[2018-10-26T22:58:20.129+0000][8178953.900s] GC(1266) Using 4 workers of 4 for evacuation
[2018-10-26T22:58:20.141+0000][8178953.912s] GC(1266) ParNew: 87967K->391K(109248K)
[2018-10-26T22:58:20.141+0000][8178953.912s] GC(1266) CMS: 37022K->37022K(393216K)
[2018-10-26T22:58:20.141+0000][8178953.912s] GC(1266) Metaspace: 49782K->49782K(1095680K)
[2018-10-26T22:58:20.141+0000][8178953.912s] GC(1266) Pause Young (Allocation Failure) 122M->36M(490M) 12.010ms
[2018-10-26T22:58:20.141+0000][8178953.912s] GC(1266) User=0.02s Sys=0.00s Real=0.01s
[2018-10-27T00:31:39.811+0000][8184553.582s] GC(1267) Pause Young (Allocation Failure)
[2018-10-27T00:31:39.811+0000][8184553.582s] GC(1267) Using 4 workers of 4 for evacuation
[2018-10-27T00:31:39.827+0000][8184553.598s] GC(1267) ParNew: 87815K->445K(109248K)
[2018-10-27T00:31:39.827+0000][8184553.598s] GC(1267) CMS: 37022K->37022K(393216K)
[2018-10-27T00:31:39.827+0000][8184553.598s] GC(1267) Metaspace: 49782K->49782K(1095680K)
[2018-10-27T00:31:39.827+0000][8184553.598s] GC(1267) Pause Young (Allocation Failure) 121M->36M(490M) 15.692ms
[2018-10-27T00:31:39.827+0000][8184553.598s] GC(1267) User=0.03s Sys=0.00s Real=0.02s
[2018-10-27T02:29:24.068+0000][8191617.839s] GC(1268) Pause Young (Allocation Failure)
[2018-10-27T02:29:24.068+0000][8191617.840s] GC(1268) Using 4 workers of 4 for evacuation
[2018-10-27T02:29:24.086+0000][8191617.857s] GC(1268) ParNew: 87869K->420K(109248K)
[2018-10-27T02:29:24.086+0000][8191617.857s] GC(1268) CMS: 37022K->37022K(393216K)
[2018-10-27T02:29:24.086+0000][8191617.857s] GC(1268) Metaspace: 49782K->49782K(1095680K)
[2018-10-27T02:29:24.086+0000][8191617.857s] GC(1268) Pause Young (Allocation Failure) 121M->36M(490M) 17.382ms
[2018-10-27T02:29:24.086+0000][8191617.857s] GC(1268) User=0.04s Sys=0.01s Real=0.02s
[2018-10-27T05:17:24.616+0000][8201698.387s] GC(1269) Pause Young (Allocation Failure)
[2018-10-27T05:17:24.616+0000][8201698.387s] GC(1269) Using 4 workers of 4 for evacuation
[2018-10-27T05:17:24.630+0000][8201698.401s] GC(1269) ParNew: 87844K->409K(109248K)
[2018-10-27T05:17:24.630+0000][8201698.401s] GC(1269) CMS: 37022K->37022K(393216K)
[2018-10-27T05:17:24.630+0000][8201698.401s] GC(1269) Metaspace: 49782K->49782K(1095680K)
[2018-10-27T05:17:24.630+0000][8201698.401s] GC(1269) Pause Young (Allocation Failure) 121M->36M(490M) 13.879ms
[2018-10-27T05:17:24.630+0000][8201698.401s] GC(1269) User=0.02s Sys=0.00s Real=0.01s
[2018-10-27T06:58:31.279+0000][8207765.051s] GC(1270) Pause Young (Allocation Failure)
[2018-10-27T06:58:31.279+0000][8207765.051s] GC(1270) Using 4 workers of 4 for evacuation
[2018-10-27T06:58:31.290+0000][8207765.062s] GC(1270) ParNew: 87833K->378K(109248K)
[2018-10-27T06:58:31.291+0000][8207765.062s] GC(1270) CMS: 37022K->37022K(393216K)
[2018-10-27T06:58:31.291+0000][8207765.062s] GC(1270) Metaspace: 49782K->49782K(1095680K)
[2018-10-27T06:58:31.291+0000][8207765.062s] GC(1270) Pause Young (Allocation Failure) 121M->36M(490M) 11.146ms
[2018-10-27T06:58:31.291+0000][8207765.062s] GC(1270) User=0.02s Sys=0.00s Real=0.01s
[2018-10-27T09:01:25.341+0000][8215139.112s] GC(1271) Pause Young (Allocation Failure)
[2018-10-27T09:01:25.341+0000][8215139.112s] GC(1271) Using 4 workers of 4 for evacuation
[2018-10-27T09:01:25.358+0000][8215139.129s] GC(1271) ParNew: 87802K->474K(109248K)
[2018-10-27T09:01:25.358+0000][8215139.129s] GC(1271) CMS: 37022K->37022K(393216K)
[2018-10-27T09:01:25.358+0000][8215139.129s] GC(1271) Metaspace: 49782K->49782K(1095680K)
[2018-10-27T09:01:25.358+0000][8215139.129s] GC(1271) Pause Young (Allocation Failure) 121M->36M(490M) 16.801ms
[2018-10-27T09:01:25.358+0000][8215139.129s] GC(1271) User=0.03s Sys=0.00s Real=0.02s
[2018-10-27T10:20:25.615+0000][8219879.386s] GC(1272) Pause Young (Allocation Failure)
[2018-10-27T10:20:25.615+0000][8219879.386s] GC(1272) Using 4 workers of 4 for evacuation
[2018-10-27T10:20:25.622+0000][8219879.393s] GC(1272) ParNew: 87898K->347K(109248K)
[2018-10-27T10:20:25.622+0000][8219879.393s] GC(1272) CMS: 37022K->37022K(393216K)
[2018-10-27T10:20:25.622+0000][8219879.393s] GC(1272) Metaspace: 49782K->49782K(1095680K)
[2018-10-27T10:20:25.622+0000][8219879.393s] GC(1272) Pause Young (Allocation Failure) 121M->36M(490M) 6.974ms
[2018-10-27T10:20:25.622+0000][8219879.393s] GC(1272) User=0.01s Sys=0.00s Real=0.01s
[2018-10-27T12:24:05.610+0000][8227299.382s] GC(1273) Pause Young (Allocation Failure)
[2018-10-27T12:24:05.611+0000][8227299.382s] GC(1273) Using 4 workers of 4 for evacuation
[2018-10-27T12:24:05.624+0000][8227299.395s] GC(1273) ParNew: 87771K->441K(109248K)
[2018-10-27T12:24:05.624+0000][8227299.395s] GC(1273) CMS: 37022K->37022K(393216K)
[2018-10-27T12:24:05.624+0000][8227299.395s] GC(1273) Metaspace: 49782K->49782K(1095680K)
[2018-10-27T12:24:05.624+0000][8227299.395s] GC(1273) Pause Young (Allocation Failure) 121M->36M(490M) 13.810ms
[2018-10-27T12:24:05.624+0000][8227299.395s] GC(1273) User=0.03s Sys=0.00s Real=0.01s
[2018-10-27T14:26:26.419+0000][8234640.191s] GC(1274) Pause Young (Allocation Failure)
[2018-10-27T14:26:26.420+0000][8234640.191s] GC(1274) Using 4 workers of 4 for evacuation
[2018-10-27T14:26:26.431+0000][8234640.202s] GC(1274) ParNew: 87865K->488K(109248K)
[2018-10-27T14:26:26.431+0000][8234640.202s] GC(1274) CMS: 37022K->37022K(393216K)
[2018-10-27T14:26:26.431+0000][8234640.202s] GC(1274) Metaspace: 49782K->49782K(1095680K)
[2018-10-27T14:26:26.431+0000][8234640.202s] GC(1274) Pause Young (Allocation Failure) 121M->36M(490M) 11.369ms
[2018-10-27T14:26:26.431+0000][8234640.202s] GC(1274) User=0.02s Sys=0.00s Real=0.01s
[2018-10-27T16:16:37.625+0000][8241251.396s] GC(1275) Pause Young (Allocation Failure)
[2018-10-27T16:16:37.625+0000][8241251.396s] GC(1275) Using 4 workers of 4 for evacuation
[2018-10-27T16:16:37.635+0000][8241251.406s] GC(1275) ParNew: 87912K->465K(109248K)
[2018-10-27T16:16:37.635+0000][8241251.406s] GC(1275) CMS: 37022K->37022K(393216K)
[2018-10-27T16:16:37.635+0000][8241251.406s] GC(1275) Metaspace: 49782K->49782K(1095680K)
[2018-10-27T16:16:37.635+0000][8241251.406s] GC(1275) Pause Young (Allocation Failure) 122M->36M(490M) 9.548ms
[2018-10-27T16:16:37.635+0000][8241251.406s] GC(1275) User=0.02s Sys=0.00s Real=0.01s
[2018-10-27T17:33:23.120+0000][8245856.891s] GC(1276) Pause Young (Allocation Failure)
[2018-10-27T17:33:23.120+0000][8245856.891s] GC(1276) Using 4 workers of 4 for evacuation
[2018-10-27T17:33:23.128+0000][8245856.899s] GC(1276) ParNew: 87889K->495K(109248K)
[2018-10-27T17:33:23.128+0000][8245856.899s] GC(1276) CMS: 37022K->37022K(393216K)
[2018-10-27T17:33:23.128+0000][8245856.899s] GC(1276) Metaspace: 49782K->49782K(1095680K)
[2018-10-27T17:33:23.128+0000][8245856.899s] GC(1276) Pause Young (Allocation Failure) 121M->36M(490M) 8.129ms
[2018-10-27T17:33:23.128+0000][8245856.899s] GC(1276) User=0.02s Sys=0.00s Real=0.01s
[2018-10-27T19:23:27.404+0000][8252461.175s] GC(1277) Pause Young (Allocation Failure)
[2018-10-27T19:23:27.404+0000][8252461.175s] GC(1277) Using 4 workers of 4 for evacuation
[2018-10-27T19:23:27.417+0000][8252461.188s] GC(1277) ParNew: 87919K->393K(109248K)
[2018-10-27T19:23:27.417+0000][8252461.188s] GC(1277) CMS: 37022K->37022K(393216K)
[2018-10-27T19:23:27.417+0000][8252461.188s] GC(1277) Metaspace: 49782K->49782K(1095680K)
[2018-10-27T19:23:27.417+0000][8252461.188s] GC(1277) Pause Young (Allocation Failure) 122M->36M(490M) 13.009ms
[2018-10-27T19:23:27.417+0000][8252461.188s] GC(1277) User=0.03s Sys=0.00s Real=0.02s
[2018-10-27T21:26:27.799+0000][8259841.570s] GC(1278) Pause Young (Allocation Failure)
[2018-10-27T21:26:27.799+0000][8259841.571s] GC(1278) Using 4 workers of 4 for evacuation
[2018-10-27T21:26:27.811+0000][8259841.582s] GC(1278) ParNew: 87817K->452K(109248K)
[2018-10-27T21:26:27.811+0000][8259841.583s] GC(1278) CMS: 37022K->37022K(393216K)
[2018-10-27T21:26:27.811+0000][8259841.583s] GC(1278) Metaspace: 49782K->49782K(1095680K)
[2018-10-27T21:26:27.811+0000][8259841.583s] GC(1278) Pause Young (Allocation Failure) 121M->36M(490M) 12.113ms
[2018-10-27T21:26:27.811+0000][8259841.583s] GC(1278) User=0.02s Sys=0.00s Real=0.01s
[2018-10-27T22:51:28.074+0000][8264941.845s] GC(1279) Pause Young (Allocation Failure)
[2018-10-27T22:51:28.074+0000][8264941.845s] GC(1279) Using 4 workers of 4 for evacuation
[2018-10-27T22:51:28.088+0000][8264941.859s] GC(1279) ParNew: 87876K->455K(109248K)
[2018-10-27T22:51:28.088+0000][8264941.859s] GC(1279) CMS: 37022K->37022K(393216K)
[2018-10-27T22:51:28.088+0000][8264941.859s] GC(1279) Metaspace: 49782K->49782K(1095680K)
[2018-10-27T22:51:28.088+0000][8264941.859s] GC(1279) Pause Young (Allocation Failure) 121M->36M(490M) 13.945ms
[2018-10-27T22:51:28.088+0000][8264941.859s] GC(1279) User=0.02s Sys=0.00s Real=0.02s
[2018-10-28T00:11:28.344+0000][8269742.115s] GC(1280) Pause Young (Allocation Failure)
[2018-10-28T00:11:28.344+0000][8269742.115s] GC(1280) Using 4 workers of 4 for evacuation
[2018-10-28T00:11:28.357+0000][8269742.128s] GC(1280) ParNew: 87879K->405K(109248K)
[2018-10-28T00:11:28.357+0000][8269742.128s] GC(1280) CMS: 37022K->37023K(393216K)
[2018-10-28T00:11:28.357+0000][8269742.128s] GC(1280) Metaspace: 49782K->49782K(1095680K)
[2018-10-28T00:11:28.357+0000][8269742.128s] GC(1280) Pause Young (Allocation Failure) 121M->36M(490M) 13.258ms
[2018-10-28T00:11:28.357+0000][8269742.128s] GC(1280) User=0.02s Sys=0.00s Real=0.02s
[2018-10-28T02:22:52.491+0000][8277626.262s] GC(1281) Pause Young (Allocation Failure)
[2018-10-28T02:22:52.491+0000][8277626.262s] GC(1281) Using 4 workers of 4 for evacuation
[2018-10-28T02:22:52.507+0000][8277626.278s] GC(1281) ParNew: 87829K->501K(109248K)
[2018-10-28T02:22:52.507+0000][8277626.278s] GC(1281) CMS: 37023K->37023K(393216K)
[2018-10-28T02:22:52.507+0000][8277626.278s] GC(1281) Metaspace: 49782K->49782K(1095680K)
[2018-10-28T02:22:52.507+0000][8277626.278s] GC(1281) Pause Young (Allocation Failure) 121M->36M(490M) 15.892ms
[2018-10-28T02:22:52.507+0000][8277626.278s] GC(1281) User=0.03s Sys=0.00s Real=0.02s
[2018-10-28T03:57:29.060+0000][8283302.831s] GC(1282) Pause Young (Allocation Failure)
[2018-10-28T03:57:29.061+0000][8283302.832s] GC(1282) Using 4 workers of 4 for evacuation
[2018-10-28T03:57:29.076+0000][8283302.847s] GC(1282) ParNew: 87925K->374K(109248K)
[2018-10-28T03:57:29.076+0000][8283302.847s] GC(1282) CMS: 37023K->37023K(393216K)
