[2018-10-28T03:57:29.076+0000][8283302.848s] GC(1282) Metaspace: 49782K->49782K(1095680K)
[2018-10-28T03:57:29.076+0000][8283302.848s] GC(1282) Pause Young (Allocation Failure) 122M->36M(490M) 16.199ms
[2018-10-28T03:57:29.077+0000][8283302.848s] GC(1282) User=0.03s Sys=0.01s Real=0.02s
[2018-10-28T06:22:29.544+0000][8292003.315s] GC(1283) Pause Young (Allocation Failure)
[2018-10-28T06:22:29.544+0000][8292003.316s] GC(1283) Using 4 workers of 4 for evacuation
[2018-10-28T06:22:29.555+0000][8292003.327s] GC(1283) ParNew: 87798K->387K(109248K)
[2018-10-28T06:22:29.555+0000][8292003.327s] GC(1283) CMS: 37023K->37023K(393216K)
[2018-10-28T06:22:29.555+0000][8292003.327s] GC(1283) Metaspace: 49782K->49782K(1095680K)
[2018-10-28T06:22:29.555+0000][8292003.327s] GC(1283) Pause Young (Allocation Failure) 121M->36M(490M) 11.161ms
[2018-10-28T06:22:29.556+0000][8292003.327s] GC(1283) User=0.01s Sys=0.00s Real=0.02s
[2018-10-28T08:48:30.024+0000][8300763.795s] GC(1284) Pause Young (Allocation Failure)
[2018-10-28T08:48:30.024+0000][8300763.795s] GC(1284) Using 4 workers of 4 for evacuation
[2018-10-28T08:48:30.034+0000][8300763.805s] GC(1284) ParNew: 87811K->662K(109248K)
[2018-10-28T08:48:30.034+0000][8300763.805s] GC(1284) CMS: 37023K->37023K(393216K)
[2018-10-28T08:48:30.034+0000][8300763.805s] GC(1284) Metaspace: 49782K->49782K(1095680K)
[2018-10-28T08:48:30.034+0000][8300763.805s] GC(1284) Pause Young (Allocation Failure) 121M->36M(490M) 9.544ms
[2018-10-28T08:48:30.034+0000][8300763.805s] GC(1284) User=0.02s Sys=0.00s Real=0.01s
[2018-10-28T10:50:30.419+0000][8308084.190s] GC(1285) Pause Young (Allocation Failure)
[2018-10-28T10:50:30.419+0000][8308084.190s] GC(1285) Using 4 workers of 4 for evacuation
[2018-10-28T10:50:30.430+0000][8308084.202s] GC(1285) ParNew: 88086K->404K(109248K)
[2018-10-28T10:50:30.431+0000][8308084.202s] GC(1285) CMS: 37023K->37023K(393216K)
[2018-10-28T10:50:30.431+0000][8308084.202s] GC(1285) Metaspace: 49782K->49782K(1095680K)
[2018-10-28T10:50:30.431+0000][8308084.202s] GC(1285) Pause Young (Allocation Failure) 122M->36M(490M) 11.694ms
[2018-10-28T10:50:30.431+0000][8308084.202s] GC(1285) User=0.01s Sys=0.00s Real=0.01s
[2018-10-28T13:38:30.979+0000][8318164.750s] GC(1286) Pause Young (Allocation Failure)
[2018-10-28T13:38:30.979+0000][8318164.750s] GC(1286) Using 4 workers of 4 for evacuation
[2018-10-28T13:38:30.992+0000][8318164.763s] GC(1286) ParNew: 87828K->567K(109248K)
[2018-10-28T13:38:30.992+0000][8318164.763s] GC(1286) CMS: 37023K->37023K(393216K)
[2018-10-28T13:38:30.992+0000][8318164.763s] GC(1286) Metaspace: 49782K->49782K(1095680K)
[2018-10-28T13:38:30.992+0000][8318164.763s] GC(1286) Pause Young (Allocation Failure) 121M->36M(490M) 13.187ms
[2018-10-28T13:38:30.992+0000][8318164.763s] GC(1286) User=0.02s Sys=0.00s Real=0.01s
[2018-10-28T15:03:23.401+0000][8323257.172s] GC(1287) Pause Young (Allocation Failure)
[2018-10-28T15:03:23.401+0000][8323257.172s] GC(1287) Using 4 workers of 4 for evacuation
[2018-10-28T15:03:23.410+0000][8323257.181s] GC(1287) ParNew: 87991K->436K(109248K)
[2018-10-28T15:03:23.410+0000][8323257.181s] GC(1287) CMS: 37023K->37023K(393216K)
[2018-10-28T15:03:23.410+0000][8323257.181s] GC(1287) Metaspace: 49782K->49782K(1095680K)
[2018-10-28T15:03:23.410+0000][8323257.181s] GC(1287) Pause Young (Allocation Failure) 122M->36M(490M) 8.974ms
[2018-10-28T15:03:23.410+0000][8323257.181s] GC(1287) User=0.01s Sys=0.00s Real=0.01s
[2018-10-28T17:46:31.799+0000][8333045.570s] GC(1288) Pause Young (Allocation Failure)
[2018-10-28T17:46:31.799+0000][8333045.570s] GC(1288) Using 4 workers of 4 for evacuation
[2018-10-28T17:46:31.811+0000][8333045.582s] GC(1288) ParNew: 87860K->437K(109248K)
[2018-10-28T17:46:31.811+0000][8333045.582s] GC(1288) CMS: 37023K->37023K(393216K)
[2018-10-28T17:46:31.811+0000][8333045.582s] GC(1288) Metaspace: 49782K->49782K(1095680K)
[2018-10-28T17:46:31.811+0000][8333045.582s] GC(1288) Pause Young (Allocation Failure) 121M->36M(490M) 12.353ms
[2018-10-28T17:46:31.811+0000][8333045.582s] GC(1288) User=0.02s Sys=0.00s Real=0.01s
[2018-10-28T18:58:29.588+0000][8337363.359s] GC(1289) Pause Young (Allocation Failure)
[2018-10-28T18:58:29.588+0000][8337363.359s] GC(1289) Using 4 workers of 4 for evacuation
[2018-10-28T18:58:29.601+0000][8337363.372s] GC(1289) ParNew: 87861K->441K(109248K)
[2018-10-28T18:58:29.601+0000][8337363.372s] GC(1289) CMS: 37023K->37023K(393216K)
[2018-10-28T18:58:29.601+0000][8337363.372s] GC(1289) Metaspace: 49782K->49782K(1095680K)
[2018-10-28T18:58:29.601+0000][8337363.372s] GC(1289) Pause Young (Allocation Failure) 121M->36M(490M) 13.458ms
[2018-10-28T18:58:29.601+0000][8337363.372s] GC(1289) User=0.02s Sys=0.00s Real=0.01s
[2018-10-28T20:37:32.331+0000][8343306.103s] GC(1290) Pause Young (Allocation Failure)
[2018-10-28T20:37:32.331+0000][8343306.103s] GC(1290) Using 4 workers of 4 for evacuation
[2018-10-28T20:37:32.342+0000][8343306.113s] GC(1290) ParNew: 87865K->398K(109248K)
[2018-10-28T20:37:32.342+0000][8343306.113s] GC(1290) CMS: 37023K->37023K(393216K)
[2018-10-28T20:37:32.342+0000][8343306.113s] GC(1290) Metaspace: 49782K->49782K(1095680K)
[2018-10-28T20:37:32.342+0000][8343306.113s] GC(1290) Pause Young (Allocation Failure) 121M->36M(490M) 10.469ms
[2018-10-28T20:37:32.342+0000][8343306.113s] GC(1290) User=0.02s Sys=0.00s Real=0.01s
[2018-10-28T22:59:21.722+0000][8351815.493s] GC(1291) Pause Young (Allocation Failure)
[2018-10-28T22:59:21.722+0000][8351815.493s] GC(1291) Using 4 workers of 4 for evacuation
[2018-10-28T22:59:21.730+0000][8351815.501s] GC(1291) ParNew: 87822K->436K(109248K)
[2018-10-28T22:59:21.730+0000][8351815.501s] GC(1291) CMS: 37023K->37023K(393216K)
[2018-10-28T22:59:21.730+0000][8351815.501s] GC(1291) Metaspace: 49782K->49782K(1095680K)
[2018-10-28T22:59:21.730+0000][8351815.502s] GC(1291) Pause Young (Allocation Failure) 121M->36M(490M) 8.441ms
[2018-10-28T22:59:21.730+0000][8351815.502s] GC(1291) User=0.02s Sys=0.00s Real=0.01s
[2018-10-29T00:12:34.548+0000][8356208.319s] GC(1292) Pause Young (Allocation Failure)
[2018-10-29T00:12:34.548+0000][8356208.319s] GC(1292) Using 4 workers of 4 for evacuation
[2018-10-29T00:12:34.559+0000][8356208.330s] GC(1292) ParNew: 87860K->493K(109248K)
[2018-10-29T00:12:34.559+0000][8356208.330s] GC(1292) CMS: 37023K->37023K(393216K)
[2018-10-29T00:12:34.559+0000][8356208.330s] GC(1292) Metaspace: 49782K->49782K(1095680K)
[2018-10-29T00:12:34.559+0000][8356208.330s] GC(1292) Pause Young (Allocation Failure) 121M->36M(490M) 11.031ms
[2018-10-29T00:12:34.559+0000][8356208.330s] GC(1292) User=0.03s Sys=0.00s Real=0.01s
[2018-10-29T02:15:33.376+0000][8363587.147s] GC(1293) Pause Young (Allocation Failure)
[2018-10-29T02:15:33.376+0000][8363587.147s] GC(1293) Using 4 workers of 4 for evacuation
[2018-10-29T02:15:33.395+0000][8363587.166s] GC(1293) ParNew: 87917K->424K(109248K)
[2018-10-29T02:15:33.395+0000][8363587.166s] GC(1293) CMS: 37023K->37023K(393216K)
[2018-10-29T02:15:33.395+0000][8363587.166s] GC(1293) Metaspace: 49782K->49782K(1095680K)
[2018-10-29T02:15:33.395+0000][8363587.166s] GC(1293) Pause Young (Allocation Failure) 122M->36M(490M) 19.506ms
[2018-10-29T02:15:33.395+0000][8363587.166s] GC(1293) User=0.02s Sys=0.00s Real=0.01s
[2018-10-29T04:29:01.489+0000][8371595.261s] GC(1294) Pause Young (Allocation Failure)
[2018-10-29T04:29:01.490+0000][8371595.261s] GC(1294) Using 4 workers of 4 for evacuation
[2018-10-29T04:29:01.499+0000][8371595.270s] GC(1294) ParNew: 87848K->530K(109248K)
[2018-10-29T04:29:01.499+0000][8371595.270s] GC(1294) CMS: 37023K->37023K(393216K)
[2018-10-29T04:29:01.499+0000][8371595.270s] GC(1294) Metaspace: 49782K->49782K(1095680K)
[2018-10-29T04:29:01.499+0000][8371595.270s] GC(1294) Pause Young (Allocation Failure) 121M->36M(490M) 9.669ms
[2018-10-29T04:29:01.499+0000][8371595.270s] GC(1294) User=0.02s Sys=0.00s Real=0.01s
[2018-10-29T06:23:34.174+0000][8378467.945s] GC(1295) Pause Young (Allocation Failure)
[2018-10-29T06:23:34.174+0000][8378467.945s] GC(1295) Using 4 workers of 4 for evacuation
[2018-10-29T06:23:34.188+0000][8378467.960s] GC(1295) ParNew: 87954K->365K(109248K)
[2018-10-29T06:23:34.189+0000][8378467.960s] GC(1295) CMS: 37023K->37023K(393216K)
[2018-10-29T06:23:34.189+0000][8378467.960s] GC(1295) Metaspace: 49782K->49782K(1095680K)
[2018-10-29T06:23:34.189+0000][8378467.960s] GC(1295) Pause Young (Allocation Failure) 122M->36M(490M) 14.739ms
[2018-10-29T06:23:34.189+0000][8378467.960s] GC(1295) User=0.03s Sys=0.00s Real=0.02s
[2018-10-29T08:04:34.521+0000][8384528.292s] GC(1296) Pause Young (Allocation Failure)
[2018-10-29T08:04:34.521+0000][8384528.292s] GC(1296) Using 4 workers of 4 for evacuation
[2018-10-29T08:04:34.534+0000][8384528.305s] GC(1296) ParNew: 87789K->362K(109248K)
[2018-10-29T08:04:34.534+0000][8384528.305s] GC(1296) CMS: 37023K->37023K(393216K)
[2018-10-29T08:04:34.534+0000][8384528.305s] GC(1296) Metaspace: 49782K->49782K(1095680K)
[2018-10-29T08:04:34.534+0000][8384528.305s] GC(1296) Pause Young (Allocation Failure) 121M->36M(490M) 13.554ms
[2018-10-29T08:04:34.534+0000][8384528.305s] GC(1296) User=0.03s Sys=0.00s Real=0.01s
[2018-10-29T10:30:35.009+0000][8393288.780s] GC(1297) Pause Young (Allocation Failure)
[2018-10-29T10:30:35.009+0000][8393288.781s] GC(1297) Using 4 workers of 4 for evacuation
[2018-10-29T10:30:35.021+0000][8393288.792s] GC(1297) ParNew: 87786K->483K(109248K)
[2018-10-29T10:30:35.021+0000][8393288.792s] GC(1297) CMS: 37023K->37023K(393216K)
[2018-10-29T10:30:35.021+0000][8393288.792s] GC(1297) Metaspace: 49782K->49782K(1095680K)
[2018-10-29T10:30:35.021+0000][8393288.792s] GC(1297) Pause Young (Allocation Failure) 121M->36M(490M) 11.785ms
[2018-10-29T10:30:35.021+0000][8393288.792s] GC(1297) User=0.03s Sys=0.00s Real=0.01s
[2018-10-29T12:34:35.411+0000][8400729.182s] GC(1298) Pause Young (Allocation Failure)
[2018-10-29T12:34:35.411+0000][8400729.182s] GC(1298) Using 4 workers of 4 for evacuation
[2018-10-29T12:34:35.419+0000][8400729.190s] GC(1298) ParNew: 87907K->522K(109248K)
[2018-10-29T12:34:35.419+0000][8400729.190s] GC(1298) CMS: 37023K->37023K(393216K)
[2018-10-29T12:34:35.419+0000][8400729.190s] GC(1298) Metaspace: 49782K->49782K(1095680K)
[2018-10-29T12:34:35.419+0000][8400729.190s] GC(1298) Pause Young (Allocation Failure) 122M->36M(490M) 8.419ms
[2018-10-29T12:34:35.419+0000][8400729.190s] GC(1298) User=0.01s Sys=0.00s Real=0.01s
[2018-10-29T13:54:35.674+0000][8405529.445s] GC(1299) Pause Young (Allocation Failure)
[2018-10-29T13:54:35.674+0000][8405529.445s] GC(1299) Using 4 workers of 4 for evacuation
[2018-10-29T13:54:35.681+0000][8405529.453s] GC(1299) ParNew: 87946K->371K(109248K)
[2018-10-29T13:54:35.681+0000][8405529.453s] GC(1299) CMS: 37023K->37023K(393216K)
[2018-10-29T13:54:35.681+0000][8405529.453s] GC(1299) Metaspace: 49782K->49782K(1095680K)
[2018-10-29T13:54:35.681+0000][8405529.453s] GC(1299) Pause Young (Allocation Failure) 122M->36M(490M) 7.475ms
[2018-10-29T13:54:35.681+0000][8405529.453s] GC(1299) User=0.02s Sys=0.00s Real=0.01s
[2018-10-29T15:43:53.184+0000][8412086.955s] GC(1300) Pause Young (Allocation Failure)
[2018-10-29T15:43:53.184+0000][8412086.955s] GC(1300) Using 4 workers of 4 for evacuation
[2018-10-29T15:43:53.198+0000][8412086.969s] GC(1300) ParNew: 87795K->497K(109248K)
[2018-10-29T15:43:53.198+0000][8412086.969s] GC(1300) CMS: 37023K->37023K(393216K)
[2018-10-29T15:43:53.198+0000][8412086.969s] GC(1300) Metaspace: 49782K->49782K(1095680K)
[2018-10-29T15:43:53.198+0000][8412086.969s] GC(1300) Pause Young (Allocation Failure) 121M->36M(490M) 14.140ms
[2018-10-29T15:43:53.198+0000][8412086.969s] GC(1300) User=0.03s Sys=0.00s Real=0.02s
[2018-10-29T18:00:31.348+0000][8420285.120s] GC(1301) Pause Young (Allocation Failure)
[2018-10-29T18:00:31.349+0000][8420285.120s] GC(1301) Using 4 workers of 4 for evacuation
[2018-10-29T18:00:31.357+0000][8420285.129s] GC(1301) ParNew: 87921K->451K(109248K)
[2018-10-29T18:00:31.357+0000][8420285.129s] GC(1301) CMS: 37023K->37023K(393216K)
[2018-10-29T18:00:31.357+0000][8420285.129s] GC(1301) Metaspace: 49782K->49782K(1095680K)
[2018-10-29T18:00:31.358+0000][8420285.129s] GC(1301) Pause Young (Allocation Failure) 122M->36M(490M) 9.053ms
[2018-10-29T18:00:31.358+0000][8420285.129s] GC(1301) User=0.02s Sys=0.01s Real=0.01s
[2018-10-29T18:51:41.137+0000][8423354.908s] GC(1302) Pause Young (Allocation Failure)
[2018-10-29T18:51:41.137+0000][8423354.908s] GC(1302) Using 4 workers of 4 for evacuation
[2018-10-29T18:51:41.154+0000][8423354.925s] GC(1302) ParNew: 87875K->338K(109248K)
[2018-10-29T18:51:41.154+0000][8423354.925s] GC(1302) CMS: 37023K->37023K(393216K)
[2018-10-29T18:51:41.154+0000][8423354.925s] GC(1302) Metaspace: 49782K->49782K(1095680K)
[2018-10-29T18:51:41.154+0000][8423354.925s] GC(1302) Pause Young (Allocation Failure) 121M->36M(490M) 17.298ms
[2018-10-29T18:51:41.154+0000][8423354.925s] GC(1302) User=0.03s Sys=0.00s Real=0.01s
[2018-10-29T20:27:36.918+0000][8429110.689s] GC(1303) Pause Young (Allocation Failure)
[2018-10-29T20:27:36.919+0000][8429110.690s] GC(1303) Using 4 workers of 4 for evacuation
[2018-10-29T20:27:36.931+0000][8429110.702s] GC(1303) ParNew: 87762K->424K(109248K)
[2018-10-29T20:27:36.931+0000][8429110.702s] GC(1303) CMS: 37023K->37023K(393216K)
[2018-10-29T20:27:36.931+0000][8429110.702s] GC(1303) Metaspace: 49782K->49782K(1095680K)
[2018-10-29T20:27:36.931+0000][8429110.702s] GC(1303) Pause Young (Allocation Failure) 121M->36M(490M) 12.469ms
[2018-10-29T20:27:36.931+0000][8429110.702s] GC(1303) User=0.02s Sys=0.00s Real=0.01s
[2018-10-29T22:09:37.242+0000][8435231.013s] GC(1304) Pause Young (Allocation Failure)
[2018-10-29T22:09:37.242+0000][8435231.013s] GC(1304) Using 4 workers of 4 for evacuation
[2018-10-29T22:09:37.250+0000][8435231.021s] GC(1304) ParNew: 87848K->405K(109248K)
[2018-10-29T22:09:37.250+0000][8435231.021s] GC(1304) CMS: 37023K->37023K(393216K)
[2018-10-29T22:09:37.250+0000][8435231.021s] GC(1304) Metaspace: 49782K->49782K(1095680K)
[2018-10-29T22:09:37.250+0000][8435231.021s] GC(1304) Pause Young (Allocation Failure) 121M->36M(490M) 8.505ms
[2018-10-29T22:09:37.250+0000][8435231.021s] GC(1304) User=0.02s Sys=0.00s Real=0.01s
[2018-10-29T23:29:37.486+0000][8440031.257s] GC(1305) Pause Young (Allocation Failure)
[2018-10-29T23:29:37.486+0000][8440031.257s] GC(1305) Using 4 workers of 4 for evacuation
[2018-10-29T23:29:37.500+0000][8440031.271s] GC(1305) ParNew: 87829K->414K(109248K)
[2018-10-29T23:29:37.500+0000][8440031.271s] GC(1305) CMS: 37023K->37023K(393216K)
[2018-10-29T23:29:37.500+0000][8440031.271s] GC(1305) Metaspace: 49782K->49782K(1095680K)
[2018-10-29T23:29:37.500+0000][8440031.271s] GC(1305) Pause Young (Allocation Failure) 121M->36M(490M) 13.933ms
[2018-10-29T23:29:37.500+0000][8440031.271s] GC(1305) User=0.03s Sys=0.00s Real=0.01s
[2018-10-30T01:10:36.264+0000][8446090.035s] GC(1306) Pause Young (Allocation Failure)
[2018-10-30T01:10:36.264+0000][8446090.035s] GC(1306) Using 4 workers of 4 for evacuation
[2018-10-30T01:10:36.276+0000][8446090.048s] GC(1306) ParNew: 87838K->489K(109248K)
[2018-10-30T01:10:36.277+0000][8446090.048s] GC(1306) CMS: 37023K->37023K(393216K)
[2018-10-30T01:10:36.277+0000][8446090.048s] GC(1306) Metaspace: 49782K->49782K(1095680K)
[2018-10-30T01:10:36.277+0000][8446090.048s] GC(1306) Pause Young (Allocation Failure) 121M->36M(490M) 12.623ms
[2018-10-30T01:10:36.277+0000][8446090.048s] GC(1306) User=0.02s Sys=0.00s Real=0.02s
[2018-10-30T02:27:38.050+0000][8450711.821s] GC(1307) Pause Young (Allocation Failure)
[2018-10-30T02:27:38.050+0000][8450711.821s] GC(1307) Using 4 workers of 4 for evacuation
[2018-10-30T02:27:38.059+0000][8450711.830s] GC(1307) ParNew: 87913K->481K(109248K)
[2018-10-30T02:27:38.059+0000][8450711.830s] GC(1307) CMS: 37023K->37023K(393216K)
[2018-10-30T02:27:38.059+0000][8450711.830s] GC(1307) Metaspace: 49782K->49782K(1095680K)
[2018-10-30T02:27:38.059+0000][8450711.830s] GC(1307) Pause Young (Allocation Failure) 122M->36M(490M) 9.344ms
[2018-10-30T02:27:38.059+0000][8450711.830s] GC(1307) User=0.02s Sys=0.00s Real=0.01s
[2018-10-30T04:31:38.442+0000][8458152.213s] GC(1308) Pause Young (Allocation Failure)
[2018-10-30T04:31:38.442+0000][8458152.213s] GC(1308) Using 4 workers of 4 for evacuation
[2018-10-30T04:31:38.450+0000][8458152.221s] GC(1308) ParNew: 87905K->442K(109248K)
[2018-10-30T04:31:38.450+0000][8458152.221s] GC(1308) CMS: 37023K->37023K(393216K)
[2018-10-30T04:31:38.450+0000][8458152.222s] GC(1308) Metaspace: 49782K->49782K(1095680K)
[2018-10-30T04:31:38.450+0000][8458152.222s] GC(1308) Pause Young (Allocation Failure) 122M->36M(490M) 8.543ms
[2018-10-30T04:31:38.450+0000][8458152.222s] GC(1308) User=0.02s Sys=0.00s Real=0.01s
[2018-10-30T06:34:38.829+0000][8465532.600s] GC(1309) Pause Young (Allocation Failure)
[2018-10-30T06:34:38.829+0000][8465532.601s] GC(1309) Using 4 workers of 4 for evacuation
[2018-10-30T06:34:38.849+0000][8465532.620s] GC(1309) ParNew: 87866K->386K(109248K)
[2018-10-30T06:34:38.849+0000][8465532.620s] GC(1309) CMS: 37023K->37023K(393216K)
[2018-10-30T06:34:38.849+0000][8465532.620s] GC(1309) Metaspace: 49782K->49782K(1095680K)
[2018-10-30T06:34:38.849+0000][8465532.620s] GC(1309) Pause Young (Allocation Failure) 121M->36M(490M) 19.613ms
[2018-10-30T06:34:38.849+0000][8465532.620s] GC(1309) User=0.02s Sys=0.00s Real=0.02s
[2018-10-30T08:59:39.321+0000][8474233.093s] GC(1310) Pause Young (Allocation Failure)
[2018-10-30T08:59:39.322+0000][8474233.093s] GC(1310) Using 4 workers of 4 for evacuation
[2018-10-30T08:59:39.333+0000][8474233.104s] GC(1310) ParNew: 87810K->504K(109248K)
[2018-10-30T08:59:39.333+0000][8474233.105s] GC(1310) CMS: 37023K->37023K(393216K)
[2018-10-30T08:59:39.333+0000][8474233.105s] GC(1310) Metaspace: 49782K->49782K(1095680K)
[2018-10-30T08:59:39.333+0000][8474233.105s] GC(1310) Pause Young (Allocation Failure) 121M->36M(490M) 11.981ms
[2018-10-30T08:59:39.333+0000][8474233.105s] GC(1310) User=0.02s Sys=0.00s Real=0.01s
[2018-10-30T11:03:39.726+0000][8481673.498s] GC(1311) Pause Young (Allocation Failure)
[2018-10-30T11:03:39.727+0000][8481673.498s] GC(1311) Using 4 workers of 4 for evacuation
[2018-10-30T11:03:39.739+0000][8481673.510s] GC(1311) ParNew: 87928K->401K(109248K)
[2018-10-30T11:03:39.739+0000][8481673.510s] GC(1311) CMS: 37023K->37023K(393216K)
[2018-10-30T11:03:39.739+0000][8481673.510s] GC(1311) Metaspace: 49782K->49782K(1095680K)
[2018-10-30T11:03:39.739+0000][8481673.510s] GC(1311) Pause Young (Allocation Failure) 122M->36M(490M) 12.400ms
[2018-10-30T11:03:39.739+0000][8481673.510s] GC(1311) User=0.03s Sys=0.00s Real=0.01s
[2018-10-30T12:23:40.010+0000][8486473.781s] GC(1312) Pause Young (Allocation Failure)
[2018-10-30T12:23:40.010+0000][8486473.781s] GC(1312) Using 4 workers of 4 for evacuation
[2018-10-30T12:23:40.020+0000][8486473.791s] GC(1312) ParNew: 87825K->556K(109248K)
[2018-10-30T12:23:40.020+0000][8486473.791s] GC(1312) CMS: 37023K->37023K(393216K)
[2018-10-30T12:23:40.020+0000][8486473.791s] GC(1312) Metaspace: 49782K->49782K(1095680K)
[2018-10-30T12:23:40.020+0000][8486473.791s] GC(1312) Pause Young (Allocation Failure) 121M->36M(490M) 10.110ms
[2018-10-30T12:23:40.020+0000][8486473.791s] GC(1312) User=0.01s Sys=0.00s Real=0.01s
[2018-10-30T14:05:40.355+0000][8492594.126s] GC(1313) Pause Young (Allocation Failure)
[2018-10-30T14:05:40.355+0000][8492594.126s] GC(1313) Using 4 workers of 4 for evacuation
[2018-10-30T14:05:40.367+0000][8492594.138s] GC(1313) ParNew: 87980K->367K(109248K)
[2018-10-30T14:05:40.367+0000][8492594.138s] GC(1313) CMS: 37023K->37023K(393216K)
[2018-10-30T14:05:40.367+0000][8492594.138s] GC(1313) Metaspace: 49782K->49782K(1095680K)
[2018-10-30T14:05:40.367+0000][8492594.138s] GC(1313) Pause Young (Allocation Failure) 122M->36M(490M) 11.475ms
[2018-10-30T14:05:40.367+0000][8492594.138s] GC(1313) User=0.02s Sys=0.00s Real=0.02s
[2018-10-30T16:07:40.773+0000][8499914.544s] GC(1314) Pause Young (Allocation Failure)
[2018-10-30T16:07:40.773+0000][8499914.544s] GC(1314) Using 4 workers of 4 for evacuation
