[2018-10-16T02:28:34.872+0000][7241168.643s] GC(1124) Pause Young (Allocation Failure)
[2018-10-16T02:28:34.872+0000][7241168.643s] GC(1124) Using 4 workers of 4 for evacuation
[2018-10-16T02:28:34.898+0000][7241168.669s] GC(1124) ParNew: 87914K->391K(109248K)
[2018-10-16T02:28:34.898+0000][7241168.670s] GC(1124) CMS: 36575K->36575K(393216K)
[2018-10-16T02:28:34.898+0000][7241168.670s] GC(1124) Metaspace: 48886K->48886K(1095680K)
[2018-10-16T02:28:34.898+0000][7241168.670s] GC(1124) Pause Young (Allocation Failure) 121M->36M(490M) 26.610ms
[2018-10-16T02:28:34.898+0000][7241168.670s] GC(1124) User=0.02s Sys=0.00s Real=0.03s
[2018-10-16T04:54:35.337+0000][7249929.108s] GC(1125) Pause Young (Allocation Failure)
[2018-10-16T04:54:35.337+0000][7249929.108s] GC(1125) Using 4 workers of 4 for evacuation
[2018-10-16T04:54:35.352+0000][7249929.123s] GC(1125) ParNew: 87815K->450K(109248K)
[2018-10-16T04:54:35.352+0000][7249929.123s] GC(1125) CMS: 36575K->36575K(393216K)
[2018-10-16T04:54:35.352+0000][7249929.123s] GC(1125) Metaspace: 48886K->48886K(1095680K)
[2018-10-16T04:54:35.352+0000][7249929.123s] GC(1125) Pause Young (Allocation Failure) 121M->36M(490M) 14.874ms
[2018-10-16T04:54:35.352+0000][7249929.123s] GC(1125) User=0.02s Sys=0.00s Real=0.01s
[2018-10-16T06:47:35.686+0000][7256709.458s] GC(1126) Pause Young (Allocation Failure)
[2018-10-16T06:47:35.686+0000][7256709.458s] GC(1126) Using 4 workers of 4 for evacuation
[2018-10-16T06:47:35.700+0000][7256709.471s] GC(1126) ParNew: 87874K->404K(109248K)
[2018-10-16T06:47:35.700+0000][7256709.472s] GC(1126) CMS: 36575K->36575K(393216K)
[2018-10-16T06:47:35.700+0000][7256709.472s] GC(1126) Metaspace: 48886K->48886K(1095680K)
[2018-10-16T06:47:35.700+0000][7256709.472s] GC(1126) Pause Young (Allocation Failure) 121M->36M(490M) 14.039ms
[2018-10-16T06:47:35.700+0000][7256709.472s] GC(1126) User=0.03s Sys=0.00s Real=0.01s
[2018-10-16T09:13:36.159+0000][7265469.930s] GC(1127) Pause Young (Allocation Failure)
[2018-10-16T09:13:36.159+0000][7265469.931s] GC(1127) Using 4 workers of 4 for evacuation
[2018-10-16T09:13:36.172+0000][7265469.943s] GC(1127) ParNew: 87828K->449K(109248K)
[2018-10-16T09:13:36.172+0000][7265469.943s] GC(1127) CMS: 36575K->36575K(393216K)
[2018-10-16T09:13:36.172+0000][7265469.943s] GC(1127) Metaspace: 48886K->48886K(1095680K)
[2018-10-16T09:13:36.172+0000][7265469.943s] GC(1127) Pause Young (Allocation Failure) 121M->36M(490M) 13.048ms
[2018-10-16T09:13:36.172+0000][7265469.944s] GC(1127) User=0.02s Sys=0.01s Real=0.01s
[2018-10-16T12:01:36.696+0000][7275550.468s] GC(1128) Pause Young (Allocation Failure)
[2018-10-16T12:01:36.697+0000][7275550.468s] GC(1128) Using 4 workers of 4 for evacuation
[2018-10-16T12:01:36.708+0000][7275550.479s] GC(1128) ParNew: 87873K->396K(109248K)
[2018-10-16T12:01:36.708+0000][7275550.479s] GC(1128) CMS: 36575K->36576K(393216K)
[2018-10-16T12:01:36.708+0000][7275550.479s] GC(1128) Metaspace: 48886K->48886K(1095680K)
[2018-10-16T12:01:36.708+0000][7275550.479s] GC(1128) Pause Young (Allocation Failure) 121M->36M(490M) 11.198ms
[2018-10-16T12:01:36.708+0000][7275550.479s] GC(1128) User=0.02s Sys=0.00s Real=0.01s
[2018-10-16T14:27:37.179+0000][7284310.950s] GC(1129) Pause Young (Allocation Failure)
[2018-10-16T14:27:37.179+0000][7284310.950s] GC(1129) Using 4 workers of 4 for evacuation
[2018-10-16T14:27:37.188+0000][7284310.959s] GC(1129) ParNew: 87820K->595K(109248K)
[2018-10-16T14:27:37.188+0000][7284310.959s] GC(1129) CMS: 36576K->36576K(393216K)
[2018-10-16T14:27:37.188+0000][7284310.959s] GC(1129) Metaspace: 48886K->48886K(1095680K)
[2018-10-16T14:27:37.188+0000][7284310.959s] GC(1129) Pause Young (Allocation Failure) 121M->36M(490M) 8.760ms
[2018-10-16T14:27:37.188+0000][7284310.959s] GC(1129) User=0.02s Sys=0.00s Real=0.01s
[2018-10-16T16:38:10.969+0000][7292144.740s] GC(1130) Pause Young (Allocation Failure)
[2018-10-16T16:38:10.969+0000][7292144.740s] GC(1130) Using 4 workers of 4 for evacuation
[2018-10-16T16:38:10.982+0000][7292144.753s] GC(1130) ParNew: 88019K->407K(109248K)
[2018-10-16T16:38:10.982+0000][7292144.753s] GC(1130) CMS: 36576K->36576K(393216K)
[2018-10-16T16:38:10.982+0000][7292144.753s] GC(1130) Metaspace: 48886K->48886K(1095680K)
[2018-10-16T16:38:10.982+0000][7292144.753s] GC(1130) Pause Young (Allocation Failure) 121M->36M(490M) 13.224ms
[2018-10-16T16:38:10.982+0000][7292144.753s] GC(1130) User=0.02s Sys=0.00s Real=0.01s
[2018-10-16T17:55:37.853+0000][7296791.624s] GC(1131) Pause Young (Allocation Failure)
[2018-10-16T17:55:37.853+0000][7296791.624s] GC(1131) Using 4 workers of 4 for evacuation
[2018-10-16T17:55:37.867+0000][7296791.638s] GC(1131) ParNew: 87831K->429K(109248K)
[2018-10-16T17:55:37.867+0000][7296791.638s] GC(1131) CMS: 36576K->36576K(393216K)
[2018-10-16T17:55:37.867+0000][7296791.638s] GC(1131) Metaspace: 48886K->48886K(1095680K)
[2018-10-16T17:55:37.867+0000][7296791.638s] GC(1131) Pause Young (Allocation Failure) 121M->36M(490M) 13.895ms
[2018-10-16T17:55:37.867+0000][7296791.638s] GC(1131) User=0.02s Sys=0.00s Real=0.02s
[2018-10-16T19:55:38.244+0000][7303992.015s] GC(1132) Pause Young (Allocation Failure)
[2018-10-16T19:55:38.244+0000][7303992.015s] GC(1132) Using 4 workers of 4 for evacuation
[2018-10-16T19:55:38.253+0000][7303992.024s] GC(1132) ParNew: 87853K->387K(109248K)
[2018-10-16T19:55:38.253+0000][7303992.024s] GC(1132) CMS: 36576K->36576K(393216K)
[2018-10-16T19:55:38.253+0000][7303992.024s] GC(1132) Metaspace: 48886K->48886K(1095680K)
[2018-10-16T19:55:38.253+0000][7303992.024s] GC(1132) Pause Young (Allocation Failure) 121M->36M(490M) 9.230ms
[2018-10-16T19:55:38.253+0000][7303992.024s] GC(1132) User=0.02s Sys=0.00s Real=0.01s
[2018-10-16T22:25:17.377+0000][7312971.148s] GC(1133) Pause Young (Allocation Failure)
[2018-10-16T22:25:17.377+0000][7312971.148s] GC(1133) Using 4 workers of 4 for evacuation
[2018-10-16T22:25:17.392+0000][7312971.163s] GC(1133) ParNew: 87811K->447K(109248K)
[2018-10-16T22:25:17.392+0000][7312971.163s] GC(1133) CMS: 36576K->36576K(393216K)
[2018-10-16T22:25:17.392+0000][7312971.163s] GC(1133) Metaspace: 48886K->48886K(1095680K)
[2018-10-16T22:25:17.392+0000][7312971.163s] GC(1133) Pause Young (Allocation Failure) 121M->36M(490M) 14.985ms
[2018-10-16T22:25:17.392+0000][7312971.163s] GC(1133) User=0.03s Sys=0.00s Real=0.01s
[2018-10-17T00:00:45.562+0000][7318699.333s] GC(1134) Pause Young (Allocation Failure)
[2018-10-17T00:00:45.562+0000][7318699.333s] GC(1134) Using 4 workers of 4 for evacuation
[2018-10-17T00:00:45.574+0000][7318699.345s] GC(1134) ParNew: 87871K->503K(109248K)
[2018-10-17T00:00:45.574+0000][7318699.345s] GC(1134) CMS: 36576K->36576K(393216K)
[2018-10-17T00:00:45.574+0000][7318699.345s] GC(1134) Metaspace: 48886K->48886K(1095680K)
[2018-10-17T00:00:45.574+0000][7318699.345s] GC(1134) Pause Young (Allocation Failure) 121M->36M(490M) 11.825ms
[2018-10-17T00:00:45.574+0000][7318699.345s] GC(1134) User=0.01s Sys=0.00s Real=0.01s
[2018-10-17T01:15:39.224+0000][7323192.995s] GC(1135) Pause Young (Allocation Failure)
[2018-10-17T01:15:39.224+0000][7323192.995s] GC(1135) Using 4 workers of 4 for evacuation
[2018-10-17T01:15:39.232+0000][7323193.003s] GC(1135) ParNew: 87927K->492K(109248K)
[2018-10-17T01:15:39.232+0000][7323193.003s] GC(1135) CMS: 36576K->36576K(393216K)
[2018-10-17T01:15:39.232+0000][7323193.003s] GC(1135) Metaspace: 48886K->48886K(1095680K)
[2018-10-17T01:15:39.232+0000][7323193.003s] GC(1135) Pause Young (Allocation Failure) 121M->36M(490M) 7.843ms
[2018-10-17T01:15:39.232+0000][7323193.003s] GC(1135) User=0.01s Sys=0.00s Real=0.01s
[2018-10-17T02:56:39.544+0000][7329253.315s] GC(1136) Pause Young (Allocation Failure)
[2018-10-17T02:56:39.544+0000][7329253.315s] GC(1136) Using 4 workers of 4 for evacuation
[2018-10-17T02:56:39.554+0000][7329253.325s] GC(1136) ParNew: 87916K->464K(109248K)
[2018-10-17T02:56:39.554+0000][7329253.325s] GC(1136) CMS: 36576K->36576K(393216K)
[2018-10-17T02:56:39.554+0000][7329253.325s] GC(1136) Metaspace: 48886K->48886K(1095680K)
[2018-10-17T02:56:39.554+0000][7329253.326s] GC(1136) Pause Young (Allocation Failure) 121M->36M(490M) 10.239ms
[2018-10-17T02:56:39.554+0000][7329253.326s] GC(1136) User=0.02s Sys=0.00s Real=0.01s
[2018-10-17T04:59:39.951+0000][7336633.722s] GC(1137) Pause Young (Allocation Failure)
[2018-10-17T04:59:39.951+0000][7336633.722s] GC(1137) Using 4 workers of 4 for evacuation
[2018-10-17T04:59:39.963+0000][7336633.734s] GC(1137) ParNew: 87888K->418K(109248K)
[2018-10-17T04:59:39.963+0000][7336633.734s] GC(1137) CMS: 36576K->36576K(393216K)
[2018-10-17T04:59:39.963+0000][7336633.734s] GC(1137) Metaspace: 48886K->48886K(1095680K)
[2018-10-17T04:59:39.963+0000][7336633.734s] GC(1137) Pause Young (Allocation Failure) 121M->36M(490M) 12.216ms
[2018-10-17T04:59:39.963+0000][7336633.734s] GC(1137) User=0.02s Sys=0.00s Real=0.01s
[2018-10-17T06:41:40.278+0000][7342754.049s] GC(1138) Pause Young (Allocation Failure)
[2018-10-17T06:41:40.278+0000][7342754.049s] GC(1138) Using 4 workers of 4 for evacuation
[2018-10-17T06:41:40.287+0000][7342754.058s] GC(1138) ParNew: 87842K->513K(109248K)
[2018-10-17T06:41:40.287+0000][7342754.058s] GC(1138) CMS: 36576K->36576K(393216K)
[2018-10-17T06:41:40.287+0000][7342754.058s] GC(1138) Metaspace: 48886K->48886K(1095680K)
[2018-10-17T06:41:40.287+0000][7342754.058s] GC(1138) Pause Young (Allocation Failure) 121M->36M(490M) 8.994ms
[2018-10-17T06:41:40.287+0000][7342754.058s] GC(1138) User=0.02s Sys=0.00s Real=0.01s
[2018-10-17T09:07:40.726+0000][7351514.497s] GC(1139) Pause Young (Allocation Failure)
[2018-10-17T09:07:40.726+0000][7351514.497s] GC(1139) Using 4 workers of 4 for evacuation
[2018-10-17T09:07:40.734+0000][7351514.505s] GC(1139) ParNew: 87937K->472K(109248K)
[2018-10-17T09:07:40.734+0000][7351514.505s] GC(1139) CMS: 36576K->36576K(393216K)
[2018-10-17T09:07:40.734+0000][7351514.505s] GC(1139) Metaspace: 48886K->48886K(1095680K)
[2018-10-17T09:07:40.734+0000][7351514.505s] GC(1139) Pause Young (Allocation Failure) 121M->36M(490M) 8.142ms
[2018-10-17T09:07:40.734+0000][7351514.505s] GC(1139) User=0.01s Sys=0.00s Real=0.00s
[2018-10-17T11:05:41.088+0000][7358594.859s] GC(1140) Pause Young (Allocation Failure)
[2018-10-17T11:05:41.088+0000][7358594.859s] GC(1140) Using 4 workers of 4 for evacuation
[2018-10-17T11:05:41.103+0000][7358594.875s] GC(1140) ParNew: 87896K->363K(109248K)
[2018-10-17T11:05:41.104+0000][7358594.875s] GC(1140) CMS: 36576K->36576K(393216K)
[2018-10-17T11:05:41.104+0000][7358594.875s] GC(1140) Metaspace: 48886K->48886K(1095680K)
[2018-10-17T11:05:41.104+0000][7358594.875s] GC(1140) Pause Young (Allocation Failure) 121M->36M(490M) 15.410ms
[2018-10-17T11:05:41.104+0000][7358594.875s] GC(1140) User=0.03s Sys=0.00s Real=0.01s
[2018-10-17T13:07:41.482+0000][7365915.253s] GC(1141) Pause Young (Allocation Failure)
[2018-10-17T13:07:41.482+0000][7365915.253s] GC(1141) Using 4 workers of 4 for evacuation
[2018-10-17T13:07:41.492+0000][7365915.263s] GC(1141) ParNew: 87787K->496K(109248K)
[2018-10-17T13:07:41.492+0000][7365915.263s] GC(1141) CMS: 36576K->36576K(393216K)
[2018-10-17T13:07:41.492+0000][7365915.263s] GC(1141) Metaspace: 48886K->48886K(1095680K)
[2018-10-17T13:07:41.492+0000][7365915.263s] GC(1141) Pause Young (Allocation Failure) 121M->36M(490M) 10.233ms
[2018-10-17T13:07:41.492+0000][7365915.263s] GC(1141) User=0.02s Sys=0.00s Real=0.01s
[2018-10-17T15:11:41.874+0000][7373355.645s] GC(1142) Pause Young (Allocation Failure)
[2018-10-17T15:11:41.874+0000][7373355.646s] GC(1142) Using 4 workers of 4 for evacuation
[2018-10-17T15:11:41.882+0000][7373355.654s] GC(1142) ParNew: 87920K->443K(109248K)
[2018-10-17T15:11:41.883+0000][7373355.654s] GC(1142) CMS: 36576K->36576K(393216K)
[2018-10-17T15:11:41.883+0000][7373355.654s] GC(1142) Metaspace: 48886K->48886K(1095680K)
[2018-10-17T15:11:41.883+0000][7373355.654s] GC(1142) Pause Young (Allocation Failure) 121M->36M(490M) 8.376ms
[2018-10-17T15:11:41.883+0000][7373355.654s] GC(1142) User=0.01s Sys=0.00s Real=0.01s
[2018-10-17T17:32:33.228+0000][7381806.999s] GC(1143) Pause Young (Allocation Failure)
[2018-10-17T17:32:33.228+0000][7381806.999s] GC(1143) Using 4 workers of 4 for evacuation
[2018-10-17T17:32:33.237+0000][7381807.008s] GC(1143) ParNew: 87867K->394K(109248K)
[2018-10-17T17:32:33.237+0000][7381807.008s] GC(1143) CMS: 36576K->36576K(393216K)
[2018-10-17T17:32:33.237+0000][7381807.008s] GC(1143) Metaspace: 48886K->48886K(1095680K)
[2018-10-17T17:32:33.237+0000][7381807.008s] GC(1143) Pause Young (Allocation Failure) 121M->36M(490M) 9.132ms
[2018-10-17T17:32:33.237+0000][7381807.008s] GC(1143) User=0.02s Sys=0.00s Real=0.01s
[2018-10-17T19:41:42.699+0000][7389556.471s] GC(1144) Pause Young (Allocation Failure)
[2018-10-17T19:41:42.699+0000][7389556.471s] GC(1144) Using 4 workers of 4 for evacuation
[2018-10-17T19:41:42.708+0000][7389556.479s] GC(1144) ParNew: 87818K->512K(109248K)
[2018-10-17T19:41:42.708+0000][7389556.479s] GC(1144) CMS: 36576K->36576K(393216K)
[2018-10-17T19:41:42.708+0000][7389556.479s] GC(1144) Metaspace: 48886K->48886K(1095680K)
[2018-10-17T19:41:42.708+0000][7389556.479s] GC(1144) Pause Young (Allocation Failure) 121M->36M(490M) 8.965ms
[2018-10-17T19:41:42.708+0000][7389556.479s] GC(1144) User=0.01s Sys=0.00s Real=0.01s
[2018-10-17T22:05:43.127+0000][7398196.898s] GC(1145) Pause Young (Allocation Failure)
[2018-10-17T22:05:43.127+0000][7398196.898s] GC(1145) Using 4 workers of 4 for evacuation
[2018-10-17T22:05:43.139+0000][7398196.910s] GC(1145) ParNew: 87936K->388K(109248K)
[2018-10-17T22:05:43.139+0000][7398196.910s] GC(1145) CMS: 36576K->36576K(393216K)
[2018-10-17T22:05:43.139+0000][7398196.910s] GC(1145) Metaspace: 48886K->48886K(1095680K)
[2018-10-17T22:05:43.139+0000][7398196.910s] GC(1145) Pause Young (Allocation Failure) 121M->36M(490M) 11.577ms
[2018-10-17T22:05:43.139+0000][7398196.910s] GC(1145) User=0.02s Sys=0.00s Real=0.01s
[2018-10-18T00:06:50.135+0000][7405463.906s] GC(1146) Pause Young (Allocation Failure)
[2018-10-18T00:06:50.135+0000][7405463.906s] GC(1146) Using 4 workers of 4 for evacuation
[2018-10-18T00:06:50.145+0000][7405463.917s] GC(1146) ParNew: 87812K->438K(109248K)
[2018-10-18T00:06:50.145+0000][7405463.917s] GC(1146) CMS: 36576K->36576K(393216K)
[2018-10-18T00:06:50.145+0000][7405463.917s] GC(1146) Metaspace: 48886K->48886K(1095680K)
[2018-10-18T00:06:50.145+0000][7405463.917s] GC(1146) Pause Young (Allocation Failure) 121M->36M(490M) 10.462ms
[2018-10-18T00:06:50.145+0000][7405463.917s] GC(1146) User=0.02s Sys=0.00s Real=0.02s
[2018-10-18T01:18:43.708+0000][7409777.479s] GC(1147) Pause Young (Allocation Failure)
[2018-10-18T01:18:43.708+0000][7409777.479s] GC(1147) Using 4 workers of 4 for evacuation
[2018-10-18T01:18:43.723+0000][7409777.494s] GC(1147) ParNew: 87862K->575K(109248K)
[2018-10-18T01:18:43.723+0000][7409777.494s] GC(1147) CMS: 36576K->36576K(393216K)
[2018-10-18T01:18:43.723+0000][7409777.494s] GC(1147) Metaspace: 48886K->48886K(1095680K)
[2018-10-18T01:18:43.723+0000][7409777.494s] GC(1147) Pause Young (Allocation Failure) 121M->36M(490M) 14.975ms
[2018-10-18T01:18:43.723+0000][7409777.494s] GC(1147) User=0.01s Sys=0.00s Real=0.01s
[2018-10-18T02:56:49.224+0000][7415662.995s] GC(1148) Pause Young (Allocation Failure)
[2018-10-18T02:56:49.224+0000][7415662.995s] GC(1148) Using 4 workers of 4 for evacuation
[2018-10-18T02:56:49.234+0000][7415663.005s] GC(1148) ParNew: 87999K->354K(109248K)
[2018-10-18T02:56:49.234+0000][7415663.005s] GC(1148) CMS: 36576K->36576K(393216K)
[2018-10-18T02:56:49.234+0000][7415663.005s] GC(1148) Metaspace: 48886K->48886K(1095680K)
[2018-10-18T02:56:49.234+0000][7415663.005s] GC(1148) Pause Young (Allocation Failure) 121M->36M(490M) 9.800ms
[2018-10-18T02:56:49.234+0000][7415663.005s] GC(1148) User=0.01s Sys=0.00s Real=0.01s
[2018-10-18T04:14:44.252+0000][7420338.023s] GC(1149) Pause Young (Allocation Failure)
[2018-10-18T04:14:44.252+0000][7420338.023s] GC(1149) Using 4 workers of 4 for evacuation
[2018-10-18T04:14:44.259+0000][7420338.030s] GC(1149) ParNew: 87778K->545K(109248K)
[2018-10-18T04:14:44.259+0000][7420338.030s] GC(1149) CMS: 36576K->36576K(393216K)
[2018-10-18T04:14:44.259+0000][7420338.030s] GC(1149) Metaspace: 48886K->48886K(1095680K)
[2018-10-18T04:14:44.259+0000][7420338.030s] GC(1149) Pause Young (Allocation Failure) 121M->36M(490M) 7.071ms
[2018-10-18T04:14:44.259+0000][7420338.030s] GC(1149) User=0.01s Sys=0.00s Real=0.01s
[2018-10-18T05:42:35.899+0000][7425609.670s] GC(1150) Pause Young (Allocation Failure)
[2018-10-18T05:42:35.899+0000][7425609.670s] GC(1150) Using 4 workers of 4 for evacuation
[2018-10-18T05:42:35.905+0000][7425609.677s] GC(1150) ParNew: 87969K->415K(109248K)
[2018-10-18T05:42:35.905+0000][7425609.677s] GC(1150) CMS: 36576K->36576K(393216K)
[2018-10-18T05:42:35.905+0000][7425609.677s] GC(1150) Metaspace: 48886K->48886K(1095680K)
[2018-10-18T05:42:35.905+0000][7425609.677s] GC(1150) Pause Young (Allocation Failure) 121M->36M(490M) 6.829ms
[2018-10-18T05:42:35.905+0000][7425609.677s] GC(1150) User=0.02s Sys=0.00s Real=0.01s
[2018-10-18T07:00:23.825+0000][7430277.596s] GC(1151) Pause Young (Allocation Failure)
[2018-10-18T07:00:23.825+0000][7430277.596s] GC(1151) Using 4 workers of 4 for evacuation
[2018-10-18T07:00:23.834+0000][7430277.605s] GC(1151) ParNew: 87839K->447K(109248K)
[2018-10-18T07:00:23.834+0000][7430277.605s] GC(1151) CMS: 36576K->36576K(393216K)
[2018-10-18T07:00:23.834+0000][7430277.605s] GC(1151) Metaspace: 48886K->48886K(1095680K)
[2018-10-18T07:00:23.834+0000][7430277.605s] GC(1151) Pause Young (Allocation Failure) 121M->36M(490M) 9.037ms
[2018-10-18T07:00:23.834+0000][7430277.605s] GC(1151) User=0.02s Sys=0.00s Real=0.01s
[2018-10-18T08:56:45.077+0000][7437258.848s] GC(1152) Pause Young (Allocation Failure)
[2018-10-18T08:56:45.078+0000][7437258.849s] GC(1152) Using 4 workers of 4 for evacuation
[2018-10-18T08:56:45.085+0000][7437258.856s] GC(1152) ParNew: 87871K->506K(109248K)
[2018-10-18T08:56:45.085+0000][7437258.856s] GC(1152) CMS: 36576K->36576K(393216K)
[2018-10-18T08:56:45.085+0000][7437258.856s] GC(1152) Metaspace: 48886K->48886K(1095680K)
[2018-10-18T08:56:45.085+0000][7437258.856s] GC(1152) Pause Young (Allocation Failure) 121M->36M(490M) 7.507ms
[2018-10-18T08:56:45.085+0000][7437258.856s] GC(1152) User=0.01s Sys=0.00s Real=0.00s
[2018-10-18T10:32:45.365+0000][7443019.136s] GC(1153) Pause Young (Allocation Failure)
[2018-10-18T10:32:45.365+0000][7443019.136s] GC(1153) Using 4 workers of 4 for evacuation
[2018-10-18T10:32:45.373+0000][7443019.144s] GC(1153) ParNew: 87930K->528K(109248K)
[2018-10-18T10:32:45.373+0000][7443019.144s] GC(1153) CMS: 36576K->36576K(393216K)
[2018-10-18T10:32:45.373+0000][7443019.144s] GC(1153) Metaspace: 48886K->48886K(1095680K)
[2018-10-18T10:32:45.373+0000][7443019.144s] GC(1153) Pause Young (Allocation Failure) 121M->36M(490M) 7.923ms
[2018-10-18T10:32:45.373+0000][7443019.144s] GC(1153) User=0.01s Sys=0.00s Real=0.01s
[2018-10-18T12:32:45.720+0000][7450219.491s] GC(1154) Pause Young (Allocation Failure)
[2018-10-18T12:32:45.720+0000][7450219.491s] GC(1154) Using 4 workers of 4 for evacuation
[2018-10-18T12:32:45.728+0000][7450219.499s] GC(1154) ParNew: 87952K->388K(109248K)
[2018-10-18T12:32:45.728+0000][7450219.499s] GC(1154) CMS: 36576K->36576K(393216K)
[2018-10-18T12:32:45.728+0000][7450219.500s] GC(1154) Metaspace: 48886K->48886K(1095680K)
[2018-10-18T12:32:45.728+0000][7450219.500s] GC(1154) Pause Young (Allocation Failure) 121M->36M(490M) 8.478ms
[2018-10-18T12:32:45.728+0000][7450219.500s] GC(1154) User=0.01s Sys=0.00s Real=0.01s
[2018-10-18T14:56:46.159+0000][7458859.930s] GC(1155) Pause Young (Allocation Failure)
[2018-10-18T14:56:46.160+0000][7458859.931s] GC(1155) Using 4 workers of 4 for evacuation
[2018-10-18T14:56:46.167+0000][7458859.939s] GC(1155) ParNew: 87812K->491K(109248K)
[2018-10-18T14:56:46.168+0000][7458859.939s] GC(1155) CMS: 36576K->36576K(393216K)
[2018-10-18T14:56:46.168+0000][7458859.939s] GC(1155) Metaspace: 48886K->48886K(1095680K)
