[2018-11-02T06:33:52.901+0000][8724686.672s] GC(1346) Pause Young (Allocation Failure)
[2018-11-02T06:33:52.901+0000][8724686.672s] GC(1346) Using 4 workers of 4 for evacuation
[2018-11-02T06:33:52.911+0000][8724686.682s] GC(1346) ParNew: 87812K->497K(109248K)
[2018-11-02T06:33:52.911+0000][8724686.682s] GC(1346) CMS: 37024K->37024K(393216K)
[2018-11-02T06:33:52.911+0000][8724686.682s] GC(1346) Metaspace: 49782K->49782K(1095680K)
[2018-11-02T06:33:52.911+0000][8724686.682s] GC(1346) Pause Young (Allocation Failure) 121M->36M(490M) 10.511ms
[2018-11-02T06:33:52.911+0000][8724686.682s] GC(1346) User=0.02s Sys=0.00s Real=0.01s
[2018-11-02T08:07:53.235+0000][8730327.006s] GC(1347) Pause Young (Allocation Failure)
[2018-11-02T08:07:53.235+0000][8730327.006s] GC(1347) Using 4 workers of 4 for evacuation
[2018-11-02T08:07:53.273+0000][8730327.044s] GC(1347) ParNew: 87921K->441K(109248K)
[2018-11-02T08:07:53.273+0000][8730327.044s] GC(1347) CMS: 37024K->37024K(393216K)
[2018-11-02T08:07:53.273+0000][8730327.044s] GC(1347) Metaspace: 49782K->49782K(1095680K)
[2018-11-02T08:07:53.273+0000][8730327.044s] GC(1347) Pause Young (Allocation Failure) 122M->36M(490M) 37.962ms
[2018-11-02T08:07:53.273+0000][8730327.044s] GC(1347) User=0.05s Sys=0.00s Real=0.04s
[2018-11-02T10:11:53.677+0000][8737767.448s] GC(1348) Pause Young (Allocation Failure)
[2018-11-02T10:11:53.677+0000][8737767.449s] GC(1348) Using 4 workers of 4 for evacuation
[2018-11-02T10:11:53.692+0000][8737767.463s] GC(1348) ParNew: 87865K->397K(109248K)
[2018-11-02T10:11:53.692+0000][8737767.463s] GC(1348) CMS: 37024K->37024K(393216K)
[2018-11-02T10:11:53.692+0000][8737767.463s] GC(1348) Metaspace: 49782K->49782K(1095680K)
[2018-11-02T10:11:53.692+0000][8737767.463s] GC(1348) Pause Young (Allocation Failure) 121M->36M(490M) 14.705ms
[2018-11-02T10:11:53.692+0000][8737767.463s] GC(1348) User=0.03s Sys=0.01s Real=0.01s
[2018-11-02T11:52:54.039+0000][8743827.810s] GC(1349) Pause Young (Allocation Failure)
[2018-11-02T11:52:54.039+0000][8743827.810s] GC(1349) Using 4 workers of 4 for evacuation
[2018-11-02T11:52:54.048+0000][8743827.819s] GC(1349) ParNew: 87821K->507K(109248K)
[2018-11-02T11:52:54.048+0000][8743827.819s] GC(1349) CMS: 37024K->37024K(393216K)
[2018-11-02T11:52:54.048+0000][8743827.819s] GC(1349) Metaspace: 49782K->49782K(1095680K)
[2018-11-02T11:52:54.048+0000][8743827.819s] GC(1349) Pause Young (Allocation Failure) 121M->36M(490M) 9.276ms
[2018-11-02T11:52:54.048+0000][8743827.819s] GC(1349) User=0.02s Sys=0.00s Real=0.01s
[2018-11-02T13:34:54.389+0000][8749948.161s] GC(1350) Pause Young (Allocation Failure)
[2018-11-02T13:34:54.390+0000][8749948.161s] GC(1350) Using 4 workers of 4 for evacuation
[2018-11-02T13:34:54.404+0000][8749948.175s] GC(1350) ParNew: 87931K->399K(109248K)
[2018-11-02T13:34:54.404+0000][8749948.175s] GC(1350) CMS: 37024K->37024K(393216K)
[2018-11-02T13:34:54.404+0000][8749948.175s] GC(1350) Metaspace: 49782K->49782K(1095680K)
[2018-11-02T13:34:54.404+0000][8749948.175s] GC(1350) Pause Young (Allocation Failure) 122M->36M(490M) 14.375ms
[2018-11-02T13:34:54.404+0000][8749948.175s] GC(1350) User=0.03s Sys=0.00s Real=0.01s
[2018-11-02T15:37:54.821+0000][8757328.592s] GC(1351) Pause Young (Allocation Failure)
[2018-11-02T15:37:54.821+0000][8757328.592s] GC(1351) Using 4 workers of 4 for evacuation
[2018-11-02T15:37:54.829+0000][8757328.600s] GC(1351) ParNew: 87823K->460K(109248K)
[2018-11-02T15:37:54.829+0000][8757328.600s] GC(1351) CMS: 37024K->37024K(393216K)
[2018-11-02T15:37:54.829+0000][8757328.600s] GC(1351) Metaspace: 49782K->49782K(1095680K)
[2018-11-02T15:37:54.829+0000][8757328.600s] GC(1351) Pause Young (Allocation Failure) 121M->36M(490M) 7.993ms
[2018-11-02T15:37:54.829+0000][8757328.600s] GC(1351) User=0.01s Sys=0.00s Real=0.01s
[2018-11-02T18:25:55.374+0000][8767409.145s] GC(1352) Pause Young (Allocation Failure)
[2018-11-02T18:25:55.374+0000][8767409.146s] GC(1352) Using 4 workers of 4 for evacuation
[2018-11-02T18:25:55.389+0000][8767409.160s] GC(1352) ParNew: 87884K->360K(109248K)
[2018-11-02T18:25:55.389+0000][8767409.160s] GC(1352) CMS: 37024K->37025K(393216K)
[2018-11-02T18:25:55.389+0000][8767409.160s] GC(1352) Metaspace: 49782K->49782K(1095680K)
[2018-11-02T18:25:55.389+0000][8767409.160s] GC(1352) Pause Young (Allocation Failure) 121M->36M(490M) 14.341ms
[2018-11-02T18:25:55.389+0000][8767409.160s] GC(1352) User=0.03s Sys=0.00s Real=0.02s
[2018-11-02T20:01:55.698+0000][8773169.469s] GC(1353) Pause Young (Allocation Failure)
[2018-11-02T20:01:55.698+0000][8773169.469s] GC(1353) Using 4 workers of 4 for evacuation
[2018-11-02T20:01:55.712+0000][8773169.484s] GC(1353) ParNew: 87784K->384K(109248K)
[2018-11-02T20:01:55.712+0000][8773169.484s] GC(1353) CMS: 37025K->37025K(393216K)
[2018-11-02T20:01:55.712+0000][8773169.484s] GC(1353) Metaspace: 49782K->49782K(1095680K)
[2018-11-02T20:01:55.712+0000][8773169.484s] GC(1353) Pause Young (Allocation Failure) 121M->36M(490M) 14.912ms
[2018-11-02T20:01:55.713+0000][8773169.484s] GC(1353) User=0.03s Sys=0.00s Real=0.01s
[2018-11-02T22:05:56.102+0000][8780609.873s] GC(1354) Pause Young (Allocation Failure)
[2018-11-02T22:05:56.102+0000][8780609.873s] GC(1354) Using 4 workers of 4 for evacuation
[2018-11-02T22:05:56.115+0000][8780609.886s] GC(1354) ParNew: 87808K->395K(109248K)
[2018-11-02T22:05:56.115+0000][8780609.886s] GC(1354) CMS: 37025K->37025K(393216K)
[2018-11-02T22:05:56.115+0000][8780609.886s] GC(1354) Metaspace: 49782K->49782K(1095680K)
[2018-11-02T22:05:56.115+0000][8780609.886s] GC(1354) Pause Young (Allocation Failure) 121M->36M(490M) 13.128ms
[2018-11-02T22:05:56.115+0000][8780609.886s] GC(1354) User=0.02s Sys=0.00s Real=0.01s
[2018-11-02T23:40:25.327+0000][8786279.098s] GC(1355) Pause Young (Allocation Failure)
[2018-11-02T23:40:25.327+0000][8786279.098s] GC(1355) Using 4 workers of 4 for evacuation
[2018-11-02T23:40:25.342+0000][8786279.113s] GC(1355) ParNew: 87819K->411K(109248K)
[2018-11-02T23:40:25.342+0000][8786279.113s] GC(1355) CMS: 37025K->37026K(393216K)
[2018-11-02T23:40:25.342+0000][8786279.113s] GC(1355) Metaspace: 49782K->49782K(1095680K)
[2018-11-02T23:40:25.342+0000][8786279.113s] GC(1355) Pause Young (Allocation Failure) 121M->36M(490M) 15.186ms
[2018-11-02T23:40:25.342+0000][8786279.113s] GC(1355) User=0.03s Sys=0.00s Real=0.01s
[2018-11-03T00:56:15.457+0000][8790829.228s] GC(1356) Pause Young (Allocation Failure)
[2018-11-03T00:56:15.457+0000][8790829.228s] GC(1356) Using 4 workers of 4 for evacuation
[2018-11-03T00:56:15.473+0000][8790829.244s] GC(1356) ParNew: 87835K->508K(109248K)
[2018-11-03T00:56:15.473+0000][8790829.244s] GC(1356) CMS: 37026K->37026K(393216K)
[2018-11-03T00:56:15.473+0000][8790829.244s] GC(1356) Metaspace: 49782K->49782K(1095680K)
[2018-11-03T00:56:15.473+0000][8790829.244s] GC(1356) Pause Young (Allocation Failure) 121M->36M(490M) 15.801ms
[2018-11-03T00:56:15.473+0000][8790829.244s] GC(1356) User=0.03s Sys=0.00s Real=0.01s
[2018-11-03T03:05:04.707+0000][8798558.478s] GC(1357) Pause Young (Allocation Failure)
[2018-11-03T03:05:04.707+0000][8798558.478s] GC(1357) Using 4 workers of 4 for evacuation
[2018-11-03T03:05:04.717+0000][8798558.488s] GC(1357) ParNew: 87929K->481K(109248K)
[2018-11-03T03:05:04.717+0000][8798558.488s] GC(1357) CMS: 37026K->37026K(393216K)
[2018-11-03T03:05:04.717+0000][8798558.488s] GC(1357) Metaspace: 49782K->49782K(1095680K)
[2018-11-03T03:05:04.717+0000][8798558.488s] GC(1357) Pause Young (Allocation Failure) 122M->36M(490M) 9.506ms
[2018-11-03T03:05:04.717+0000][8798558.488s] GC(1357) User=0.02s Sys=0.00s Real=0.01s
[2018-11-03T04:45:57.470+0000][8804611.242s] GC(1358) Pause Young (Allocation Failure)
[2018-11-03T04:45:57.471+0000][8804611.242s] GC(1358) Using 4 workers of 4 for evacuation
[2018-11-03T04:45:57.480+0000][8804611.251s] GC(1358) ParNew: 87905K->516K(109248K)
[2018-11-03T04:45:57.480+0000][8804611.251s] GC(1358) CMS: 37026K->37026K(393216K)
[2018-11-03T04:45:57.480+0000][8804611.251s] GC(1358) Metaspace: 49782K->49782K(1095680K)
[2018-11-03T04:45:57.480+0000][8804611.251s] GC(1358) Pause Young (Allocation Failure) 122M->36M(490M) 9.385ms
[2018-11-03T04:45:57.480+0000][8804611.251s] GC(1358) User=0.02s Sys=0.00s Real=0.01s
[2018-11-03T06:49:57.899+0000][8812051.670s] GC(1359) Pause Young (Allocation Failure)
[2018-11-03T06:49:57.899+0000][8812051.670s] GC(1359) Using 4 workers of 4 for evacuation
[2018-11-03T06:49:57.916+0000][8812051.687s] GC(1359) ParNew: 87940K->380K(109248K)
[2018-11-03T06:49:57.916+0000][8812051.687s] GC(1359) CMS: 37026K->37026K(393216K)
[2018-11-03T06:49:57.916+0000][8812051.687s] GC(1359) Metaspace: 49782K->49782K(1095680K)
[2018-11-03T06:49:57.916+0000][8812051.687s] GC(1359) Pause Young (Allocation Failure) 122M->36M(490M) 17.178ms
[2018-11-03T06:49:57.916+0000][8812051.687s] GC(1359) User=0.03s Sys=0.00s Real=0.02s
[2018-11-03T08:23:44.710+0000][8817678.481s] GC(1360) Pause Young (Allocation Failure)
[2018-11-03T08:23:44.710+0000][8817678.481s] GC(1360) Using 4 workers of 4 for evacuation
[2018-11-03T08:23:44.726+0000][8817678.498s] GC(1360) ParNew: 87804K->499K(109248K)
[2018-11-03T08:23:44.726+0000][8817678.498s] GC(1360) CMS: 37026K->37026K(393216K)
[2018-11-03T08:23:44.726+0000][8817678.498s] GC(1360) Metaspace: 49782K->49782K(1095680K)
[2018-11-03T08:23:44.727+0000][8817678.498s] GC(1360) Pause Young (Allocation Failure) 121M->36M(490M) 16.565ms
[2018-11-03T08:23:44.727+0000][8817678.498s] GC(1360) User=0.03s Sys=0.00s Real=0.02s
[2018-11-03T10:12:58.595+0000][8824232.366s] GC(1361) Pause Young (Allocation Failure)
[2018-11-03T10:12:58.595+0000][8824232.366s] GC(1361) Using 4 workers of 4 for evacuation
[2018-11-03T10:12:58.603+0000][8824232.375s] GC(1361) ParNew: 87923K->504K(109248K)
[2018-11-03T10:12:58.603+0000][8824232.375s] GC(1361) CMS: 37026K->37026K(393216K)
[2018-11-03T10:12:58.603+0000][8824232.375s] GC(1361) Metaspace: 49782K->49782K(1095680K)
[2018-11-03T10:12:58.604+0000][8824232.375s] GC(1361) Pause Young (Allocation Failure) 122M->36M(490M) 8.347ms
[2018-11-03T10:12:58.604+0000][8824232.375s] GC(1361) User=0.02s Sys=0.00s Real=0.01s
[2018-11-03T12:16:59.018+0000][8831672.789s] GC(1362) Pause Young (Allocation Failure)
[2018-11-03T12:16:59.018+0000][8831672.789s] GC(1362) Using 4 workers of 4 for evacuation
[2018-11-03T12:16:59.026+0000][8831672.797s] GC(1362) ParNew: 87928K->487K(109248K)
[2018-11-03T12:16:59.026+0000][8831672.797s] GC(1362) CMS: 37026K->37026K(393216K)
[2018-11-03T12:16:59.026+0000][8831672.797s] GC(1362) Metaspace: 49782K->49782K(1095680K)
[2018-11-03T12:16:59.026+0000][8831672.797s] GC(1362) Pause Young (Allocation Failure) 122M->36M(490M) 8.252ms
[2018-11-03T12:16:59.026+0000][8831672.797s] GC(1362) User=0.01s Sys=0.00s Real=0.01s
[2018-11-03T14:42:59.520+0000][8840433.291s] GC(1363) Pause Young (Allocation Failure)
[2018-11-03T14:42:59.520+0000][8840433.291s] GC(1363) Using 4 workers of 4 for evacuation
[2018-11-03T14:42:59.528+0000][8840433.299s] GC(1363) ParNew: 87911K->383K(109248K)
[2018-11-03T14:42:59.529+0000][8840433.300s] GC(1363) CMS: 37026K->37026K(393216K)
[2018-11-03T14:42:59.529+0000][8840433.300s] GC(1363) Metaspace: 49782K->49782K(1095680K)
[2018-11-03T14:42:59.529+0000][8840433.300s] GC(1363) Pause Young (Allocation Failure) 122M->36M(490M) 8.815ms
[2018-11-03T14:42:59.529+0000][8840433.300s] GC(1363) User=0.01s Sys=0.00s Real=0.01s
[2018-11-03T16:46:59.948+0000][8847873.719s] GC(1364) Pause Young (Allocation Failure)
[2018-11-03T16:46:59.948+0000][8847873.719s] GC(1364) Using 4 workers of 4 for evacuation
[2018-11-03T16:46:59.956+0000][8847873.727s] GC(1364) ParNew: 87807K->504K(109248K)
[2018-11-03T16:46:59.956+0000][8847873.727s] GC(1364) CMS: 37026K->37026K(393216K)
[2018-11-03T16:46:59.956+0000][8847873.727s] GC(1364) Metaspace: 49782K->49782K(1095680K)
[2018-11-03T16:46:59.956+0000][8847873.727s] GC(1364) Pause Young (Allocation Failure) 121M->36M(490M) 8.016ms
[2018-11-03T16:46:59.956+0000][8847873.727s] GC(1364) User=0.02s Sys=0.00s Real=0.01s
[2018-11-03T19:35:00.516+0000][8857954.288s] GC(1365) Pause Young (Allocation Failure)
[2018-11-03T19:35:00.517+0000][8857954.288s] GC(1365) Using 4 workers of 4 for evacuation
[2018-11-03T19:35:00.535+0000][8857954.306s] GC(1365) ParNew: 87928K->388K(109248K)
[2018-11-03T19:35:00.535+0000][8857954.306s] GC(1365) CMS: 37026K->37026K(393216K)
[2018-11-03T19:35:00.535+0000][8857954.306s] GC(1365) Metaspace: 49782K->49782K(1095680K)
[2018-11-03T19:35:00.535+0000][8857954.306s] GC(1365) Pause Young (Allocation Failure) 122M->36M(490M) 18.535ms
[2018-11-03T19:35:00.535+0000][8857954.306s] GC(1365) User=0.04s Sys=0.00s Real=0.01s
[2018-11-03T20:57:24.098+0000][8862897.869s] GC(1366) Pause Young (Allocation Failure)
[2018-11-03T20:57:24.098+0000][8862897.869s] GC(1366) Using 4 workers of 4 for evacuation
[2018-11-03T20:57:24.106+0000][8862897.877s] GC(1366) ParNew: 87812K->505K(109248K)
[2018-11-03T20:57:24.106+0000][8862897.877s] GC(1366) CMS: 37026K->37026K(393216K)
[2018-11-03T20:57:24.106+0000][8862897.877s] GC(1366) Metaspace: 49782K->49782K(1095680K)
[2018-11-03T20:57:24.106+0000][8862897.877s] GC(1366) Pause Young (Allocation Failure) 121M->36M(490M) 8.409ms
[2018-11-03T20:57:24.106+0000][8862897.877s] GC(1366) User=0.01s Sys=0.00s Real=0.01s
[2018-11-03T22:50:42.351+0000][8869696.122s] GC(1367) Pause Young (Allocation Failure)
[2018-11-03T22:50:42.351+0000][8869696.122s] GC(1367) Using 4 workers of 4 for evacuation
[2018-11-03T22:50:42.372+0000][8869696.143s] GC(1367) ParNew: 87929K->402K(109248K)
[2018-11-03T22:50:42.372+0000][8869696.143s] GC(1367) CMS: 37026K->37026K(393216K)
[2018-11-03T22:50:42.372+0000][8869696.143s] GC(1367) Metaspace: 49782K->49782K(1095680K)
[2018-11-03T22:50:42.372+0000][8869696.143s] GC(1367) Pause Young (Allocation Failure) 122M->36M(490M) 21.311ms
[2018-11-03T22:50:42.372+0000][8869696.143s] GC(1367) User=0.03s Sys=0.00s Real=0.02s
[2018-11-04T00:21:27.977+0000][8875141.748s] GC(1368) Pause Young (Allocation Failure)
[2018-11-04T00:21:27.977+0000][8875141.748s] GC(1368) Using 4 workers of 4 for evacuation
[2018-11-04T00:21:27.990+0000][8875141.761s] GC(1368) ParNew: 87826K->458K(109248K)
[2018-11-04T00:21:27.990+0000][8875141.761s] GC(1368) CMS: 37026K->37026K(393216K)
[2018-11-04T00:21:27.990+0000][8875141.761s] GC(1368) Metaspace: 49782K->49782K(1095680K)
[2018-11-04T00:21:27.990+0000][8875141.761s] GC(1368) Pause Young (Allocation Failure) 121M->36M(490M) 13.717ms
[2018-11-04T00:21:27.990+0000][8875141.761s] GC(1368) User=0.03s Sys=0.00s Real=0.01s
[2018-11-04T03:02:02.051+0000][8884775.822s] GC(1369) Pause Young (Allocation Failure)
[2018-11-04T03:02:02.051+0000][8884775.822s] GC(1369) Using 4 workers of 4 for evacuation
[2018-11-04T03:02:02.067+0000][8884775.838s] GC(1369) ParNew: 87882K->410K(109248K)
[2018-11-04T03:02:02.067+0000][8884775.838s] GC(1369) CMS: 37026K->37026K(393216K)
[2018-11-04T03:02:02.067+0000][8884775.838s] GC(1369) Metaspace: 49782K->49782K(1095680K)
[2018-11-04T03:02:02.067+0000][8884775.838s] GC(1369) Pause Young (Allocation Failure) 121M->36M(490M) 16.013ms
[2018-11-04T03:02:02.067+0000][8884775.838s] GC(1369) User=0.03s Sys=0.00s Real=0.02s
[2018-11-04T05:13:18.784+0000][8892652.555s] GC(1370) Pause Young (Allocation Failure)
[2018-11-04T05:13:18.784+0000][8892652.555s] GC(1370) Using 4 workers of 4 for evacuation
[2018-11-04T05:13:18.792+0000][8892652.563s] GC(1370) ParNew: 87834K->438K(109248K)
[2018-11-04T05:13:18.792+0000][8892652.563s] GC(1370) CMS: 37026K->37026K(393216K)
[2018-11-04T05:13:18.792+0000][8892652.563s] GC(1370) Metaspace: 49782K->49782K(1095680K)
[2018-11-04T05:13:18.792+0000][8892652.563s] GC(1370) Pause Young (Allocation Failure) 121M->36M(490M) 8.406ms
[2018-11-04T05:13:18.792+0000][8892652.563s] GC(1370) User=0.01s Sys=0.00s Real=0.01s
[2018-11-04T06:42:13.090+0000][8897986.861s] GC(1371) Pause Young (Allocation Failure)
[2018-11-04T06:42:13.090+0000][8897986.861s] GC(1371) Using 4 workers of 4 for evacuation
[2018-11-04T06:42:13.103+0000][8897986.874s] GC(1371) ParNew: 87862K->408K(109248K)
[2018-11-04T06:42:13.103+0000][8897986.874s] GC(1371) CMS: 37026K->37026K(393216K)
[2018-11-04T06:42:13.103+0000][8897986.874s] GC(1371) Metaspace: 49782K->49782K(1095680K)
[2018-11-04T06:42:13.103+0000][8897986.874s] GC(1371) Pause Young (Allocation Failure) 121M->36M(490M) 12.845ms
[2018-11-04T06:42:13.103+0000][8897986.874s] GC(1371) User=0.02s Sys=0.00s Real=0.01s
[2018-11-04T09:26:14.944+0000][8907828.715s] GC(1372) Pause Young (Allocation Failure)
[2018-11-04T09:26:14.944+0000][8907828.715s] GC(1372) Using 4 workers of 4 for evacuation
[2018-11-04T09:26:14.951+0000][8907828.722s] GC(1372) ParNew: 87832K->527K(109248K)
[2018-11-04T09:26:14.951+0000][8907828.722s] GC(1372) CMS: 37026K->37026K(393216K)
[2018-11-04T09:26:14.951+0000][8907828.722s] GC(1372) Metaspace: 49782K->49782K(1095680K)
[2018-11-04T09:26:14.951+0000][8907828.722s] GC(1372) Pause Young (Allocation Failure) 121M->36M(490M) 7.271ms
[2018-11-04T09:26:14.951+0000][8907828.722s] GC(1372) User=0.01s Sys=0.00s Real=0.01s
[2018-11-04T11:27:03.826+0000][8915077.597s] GC(1373) Pause Young (Allocation Failure)
[2018-11-04T11:27:03.826+0000][8915077.597s] GC(1373) Using 4 workers of 4 for evacuation
[2018-11-04T11:27:03.835+0000][8915077.606s] GC(1373) ParNew: 87951K->444K(109248K)
[2018-11-04T11:27:03.835+0000][8915077.606s] GC(1373) CMS: 37026K->37026K(393216K)
[2018-11-04T11:27:03.835+0000][8915077.606s] GC(1373) Metaspace: 49782K->49782K(1095680K)
[2018-11-04T11:27:03.835+0000][8915077.606s] GC(1373) Pause Young (Allocation Failure) 122M->36M(490M) 9.225ms
[2018-11-04T11:27:03.835+0000][8915077.606s] GC(1373) User=0.02s Sys=0.00s Real=0.00s
[2018-11-04T13:09:04.172+0000][8921197.943s] GC(1374) Pause Young (Allocation Failure)
[2018-11-04T13:09:04.172+0000][8921197.943s] GC(1374) Using 4 workers of 4 for evacuation
[2018-11-04T13:09:04.181+0000][8921197.952s] GC(1374) ParNew: 87868K->368K(109248K)
[2018-11-04T13:09:04.181+0000][8921197.952s] GC(1374) CMS: 37026K->37026K(393216K)
[2018-11-04T13:09:04.181+0000][8921197.952s] GC(1374) Metaspace: 49782K->49782K(1095680K)
[2018-11-04T13:09:04.181+0000][8921197.952s] GC(1374) Pause Young (Allocation Failure) 121M->36M(490M) 8.957ms
[2018-11-04T13:09:04.181+0000][8921197.952s] GC(1374) User=0.01s Sys=0.00s Real=0.01s
[2018-11-04T14:40:05.530+0000][8926659.301s] GC(1375) Pause Young (Allocation Failure)
[2018-11-04T14:40:05.530+0000][8926659.301s] GC(1375) Using 4 workers of 4 for evacuation
[2018-11-04T14:40:05.544+0000][8926659.315s] GC(1375) ParNew: 87792K->494K(109248K)
[2018-11-04T14:40:05.544+0000][8926659.315s] GC(1375) CMS: 37026K->37026K(393216K)
[2018-11-04T14:40:05.544+0000][8926659.315s] GC(1375) Metaspace: 49782K->49782K(1095680K)
[2018-11-04T14:40:05.544+0000][8926659.315s] GC(1375) Pause Young (Allocation Failure) 121M->36M(490M) 14.200ms
[2018-11-04T14:40:05.544+0000][8926659.315s] GC(1375) User=0.02s Sys=0.00s Real=0.01s
[2018-11-04T15:51:20.152+0000][8930933.924s] GC(1376) Pause Young (Allocation Failure)
[2018-11-04T15:51:20.153+0000][8930933.924s] GC(1376) Using 4 workers of 4 for evacuation
[2018-11-04T15:51:20.167+0000][8930933.938s] GC(1376) ParNew: 87918K->447K(109248K)
[2018-11-04T15:51:20.167+0000][8930933.938s] GC(1376) CMS: 37026K->37026K(393216K)
[2018-11-04T15:51:20.167+0000][8930933.938s] GC(1376) Metaspace: 49782K->49782K(1095680K)
[2018-11-04T15:51:20.167+0000][8930933.938s] GC(1376) Pause Young (Allocation Failure) 122M->36M(490M) 14.281ms
[2018-11-04T15:51:20.167+0000][8930933.938s] GC(1376) User=0.02s Sys=0.00s Real=0.02s
[2018-11-04T16:50:27.882+0000][8934481.653s] GC(1377) Pause Young (Allocation Failure)
[2018-11-04T16:50:27.882+0000][8934481.653s] GC(1377) Using 4 workers of 4 for evacuation
[2018-11-04T16:50:27.896+0000][8934481.667s] GC(1377) ParNew: 87871K->508K(109248K)
[2018-11-04T16:50:27.896+0000][8934481.667s] GC(1377) CMS: 37026K->37026K(393216K)
[2018-11-04T16:50:27.896+0000][8934481.667s] GC(1377) Metaspace: 49782K->49782K(1095680K)
