[2018-10-30T16:07:40.781+0000][8499914.552s] GC(1314) ParNew: 87791K->437K(109248K)
[2018-10-30T16:07:40.781+0000][8499914.552s] GC(1314) CMS: 37023K->37023K(393216K)
[2018-10-30T16:07:40.781+0000][8499914.552s] GC(1314) Metaspace: 49782K->49782K(1095680K)
[2018-10-30T16:07:40.781+0000][8499914.552s] GC(1314) Pause Young (Allocation Failure) 121M->36M(490M) 7.978ms
[2018-10-30T16:07:40.781+0000][8499914.552s] GC(1314) User=0.01s Sys=0.00s Real=0.01s
[2018-10-30T18:11:41.160+0000][8507354.931s] GC(1315) Pause Young (Allocation Failure)
[2018-10-30T18:11:41.160+0000][8507354.931s] GC(1315) Using 4 workers of 4 for evacuation
[2018-10-30T18:11:41.171+0000][8507354.942s] GC(1315) ParNew: 87861K->395K(109248K)
[2018-10-30T18:11:41.171+0000][8507354.942s] GC(1315) CMS: 37023K->37023K(393216K)
[2018-10-30T18:11:41.171+0000][8507354.942s] GC(1315) Metaspace: 49782K->49782K(1095680K)
[2018-10-30T18:11:41.171+0000][8507354.942s] GC(1315) Pause Young (Allocation Failure) 121M->36M(490M) 10.735ms
[2018-10-30T18:11:41.171+0000][8507354.942s] GC(1315) User=0.02s Sys=0.00s Real=0.01s
[2018-10-30T19:51:31.385+0000][8513345.157s] GC(1316) Pause Young (Allocation Failure)
[2018-10-30T19:51:31.386+0000][8513345.157s] GC(1316) Using 4 workers of 4 for evacuation
[2018-10-30T19:51:31.395+0000][8513345.167s] GC(1316) ParNew: 87819K->443K(109248K)
[2018-10-30T19:51:31.395+0000][8513345.167s] GC(1316) CMS: 37023K->37023K(393216K)
[2018-10-30T19:51:31.396+0000][8513345.167s] GC(1316) Metaspace: 49782K->49782K(1095680K)
[2018-10-30T19:51:31.396+0000][8513345.167s] GC(1316) Pause Young (Allocation Failure) 121M->36M(490M) 10.056ms
[2018-10-30T19:51:31.396+0000][8513345.167s] GC(1316) User=0.02s Sys=0.00s Real=0.01s
[2018-10-30T21:44:48.154+0000][8520141.925s] GC(1317) Pause Young (Allocation Failure)
[2018-10-30T21:44:48.154+0000][8520141.925s] GC(1317) Using 4 workers of 4 for evacuation
[2018-10-30T21:44:48.166+0000][8520141.938s] GC(1317) ParNew: 87867K->435K(109248K)
[2018-10-30T21:44:48.167+0000][8520141.938s] GC(1317) CMS: 37023K->37023K(393216K)
[2018-10-30T21:44:48.167+0000][8520141.938s] GC(1317) Metaspace: 49782K->49782K(1095680K)
[2018-10-30T21:44:48.167+0000][8520141.938s] GC(1317) Pause Young (Allocation Failure) 121M->36M(490M) 12.881ms
[2018-10-30T21:44:48.167+0000][8520141.938s] GC(1317) User=0.02s Sys=0.00s Real=0.02s
[2018-10-30T23:34:42.128+0000][8526735.899s] GC(1318) Pause Young (Allocation Failure)
[2018-10-30T23:34:42.128+0000][8526735.899s] GC(1318) Using 4 workers of 4 for evacuation
[2018-10-30T23:34:42.136+0000][8526735.907s] GC(1318) ParNew: 87859K->459K(109248K)
[2018-10-30T23:34:42.136+0000][8526735.907s] GC(1318) CMS: 37023K->37023K(393216K)
[2018-10-30T23:34:42.136+0000][8526735.907s] GC(1318) Metaspace: 49782K->49782K(1095680K)
[2018-10-30T23:34:42.136+0000][8526735.907s] GC(1318) Pause Young (Allocation Failure) 121M->36M(490M) 8.270ms
[2018-10-30T23:34:42.136+0000][8526735.907s] GC(1318) User=0.01s Sys=0.00s Real=0.01s
[2018-10-31T01:16:06.061+0000][8532819.832s] GC(1319) Pause Young (Allocation Failure)
[2018-10-31T01:16:06.061+0000][8532819.832s] GC(1319) Using 4 workers of 4 for evacuation
[2018-10-31T01:16:06.075+0000][8532819.846s] GC(1319) ParNew: 87883K->345K(109248K)
[2018-10-31T01:16:06.075+0000][8532819.846s] GC(1319) CMS: 37023K->37023K(393216K)
[2018-10-31T01:16:06.075+0000][8532819.846s] GC(1319) Metaspace: 49782K->49782K(1095680K)
[2018-10-31T01:16:06.075+0000][8532819.846s] GC(1319) Pause Young (Allocation Failure) 121M->36M(490M) 14.298ms
[2018-10-31T01:16:06.075+0000][8532819.846s] GC(1319) User=0.02s Sys=0.00s Real=0.01s
[2018-10-31T03:19:42.817+0000][8540236.588s] GC(1320) Pause Young (Allocation Failure)
[2018-10-31T03:19:42.817+0000][8540236.588s] GC(1320) Using 4 workers of 4 for evacuation
[2018-10-31T03:19:42.832+0000][8540236.603s] GC(1320) ParNew: 87769K->508K(109248K)
[2018-10-31T03:19:42.832+0000][8540236.603s] GC(1320) CMS: 37023K->37023K(393216K)
[2018-10-31T03:19:42.832+0000][8540236.603s] GC(1320) Metaspace: 49782K->49782K(1095680K)
[2018-10-31T03:19:42.832+0000][8540236.603s] GC(1320) Pause Young (Allocation Failure) 121M->36M(490M) 14.972ms
[2018-10-31T03:19:42.832+0000][8540236.603s] GC(1320) User=0.03s Sys=0.00s Real=0.01s
[2018-10-31T04:39:43.072+0000][8545036.843s] GC(1321) Pause Young (Allocation Failure)
[2018-10-31T04:39:43.072+0000][8545036.843s] GC(1321) Using 4 workers of 4 for evacuation
[2018-10-31T04:39:43.080+0000][8545036.851s] GC(1321) ParNew: 87932K->451K(109248K)
[2018-10-31T04:39:43.080+0000][8545036.851s] GC(1321) CMS: 37023K->37023K(393216K)
[2018-10-31T04:39:43.080+0000][8545036.851s] GC(1321) Metaspace: 49782K->49782K(1095680K)
[2018-10-31T04:39:43.080+0000][8545036.851s] GC(1321) Pause Young (Allocation Failure) 122M->36M(490M) 8.370ms
[2018-10-31T04:39:43.080+0000][8545036.851s] GC(1321) User=0.01s Sys=0.00s Real=0.01s
[2018-10-31T06:42:43.462+0000][8552417.233s] GC(1322) Pause Young (Allocation Failure)
[2018-10-31T06:42:43.462+0000][8552417.233s] GC(1322) Using 4 workers of 4 for evacuation
[2018-10-31T06:42:43.471+0000][8552417.242s] GC(1322) ParNew: 87875K->483K(109248K)
[2018-10-31T06:42:43.471+0000][8552417.242s] GC(1322) CMS: 37023K->37023K(393216K)
[2018-10-31T06:42:43.471+0000][8552417.242s] GC(1322) Metaspace: 49782K->49782K(1095680K)
[2018-10-31T06:42:43.471+0000][8552417.242s] GC(1322) Pause Young (Allocation Failure) 121M->36M(490M) 9.116ms
[2018-10-31T06:42:43.471+0000][8552417.242s] GC(1322) User=0.01s Sys=0.00s Real=0.01s
[2018-10-31T09:08:43.921+0000][8561177.693s] GC(1323) Pause Young (Allocation Failure)
[2018-10-31T09:08:43.922+0000][8561177.693s] GC(1323) Using 4 workers of 4 for evacuation
[2018-10-31T09:08:43.934+0000][8561177.705s] GC(1323) ParNew: 87907K->382K(109248K)
[2018-10-31T09:08:43.934+0000][8561177.705s] GC(1323) CMS: 37023K->37023K(393216K)
[2018-10-31T09:08:43.934+0000][8561177.705s] GC(1323) Metaspace: 49782K->49782K(1095680K)
[2018-10-31T09:08:43.934+0000][8561177.705s] GC(1323) Pause Young (Allocation Failure) 122M->36M(490M) 12.437ms
[2018-10-31T09:08:43.934+0000][8561177.705s] GC(1323) User=0.03s Sys=0.00s Real=0.01s
[2018-10-31T11:34:44.401+0000][8569938.172s] GC(1324) Pause Young (Allocation Failure)
[2018-10-31T11:34:44.401+0000][8569938.173s] GC(1324) Using 4 workers of 4 for evacuation
[2018-10-31T11:34:44.412+0000][8569938.183s] GC(1324) ParNew: 87806K->446K(109248K)
[2018-10-31T11:34:44.412+0000][8569938.183s] GC(1324) CMS: 37023K->37023K(393216K)
[2018-10-31T11:34:44.412+0000][8569938.183s] GC(1324) Metaspace: 49782K->49782K(1095680K)
[2018-10-31T11:34:44.412+0000][8569938.183s] GC(1324) Pause Young (Allocation Failure) 121M->36M(490M) 10.566ms
[2018-10-31T11:34:44.412+0000][8569938.183s] GC(1324) User=0.02s Sys=0.00s Real=0.01s
[2018-10-31T13:56:44.856+0000][8578458.628s] GC(1325) Pause Young (Allocation Failure)
[2018-10-31T13:56:44.857+0000][8578458.628s] GC(1325) Using 4 workers of 4 for evacuation
[2018-10-31T13:56:44.875+0000][8578458.647s] GC(1325) ParNew: 87870K->403K(109248K)
[2018-10-31T13:56:44.876+0000][8578458.647s] GC(1325) CMS: 37023K->37023K(393216K)
[2018-10-31T13:56:44.876+0000][8578458.647s] GC(1325) Metaspace: 49782K->49782K(1095680K)
[2018-10-31T13:56:44.876+0000][8578458.647s] GC(1325) Pause Young (Allocation Failure) 121M->36M(490M) 19.161ms
[2018-10-31T13:56:44.876+0000][8578458.647s] GC(1325) User=0.04s Sys=0.00s Real=0.02s
[2018-10-31T15:12:59.834+0000][8583033.605s] GC(1326) Pause Young (Allocation Failure)
[2018-10-31T15:12:59.834+0000][8583033.605s] GC(1326) Using 4 workers of 4 for evacuation
[2018-10-31T15:12:59.845+0000][8583033.616s] GC(1326) ParNew: 87827K->359K(109248K)
[2018-10-31T15:12:59.845+0000][8583033.616s] GC(1326) CMS: 37023K->37023K(393216K)
[2018-10-31T15:12:59.845+0000][8583033.617s] GC(1326) Metaspace: 49782K->49782K(1095680K)
[2018-10-31T15:12:59.845+0000][8583033.617s] GC(1326) Pause Young (Allocation Failure) 121M->36M(490M) 11.730ms
[2018-10-31T15:12:59.845+0000][8583033.617s] GC(1326) User=0.02s Sys=0.00s Real=0.02s
[2018-10-31T17:39:45.618+0000][8591839.389s] GC(1327) Pause Young (Allocation Failure)
[2018-10-31T17:39:45.618+0000][8591839.389s] GC(1327) Using 4 workers of 4 for evacuation
[2018-10-31T17:39:45.632+0000][8591839.403s] GC(1327) ParNew: 87783K->387K(109248K)
[2018-10-31T17:39:45.632+0000][8591839.403s] GC(1327) CMS: 37023K->37023K(393216K)
[2018-10-31T17:39:45.632+0000][8591839.403s] GC(1327) Metaspace: 49782K->49782K(1095680K)
[2018-10-31T17:39:45.632+0000][8591839.403s] GC(1327) Pause Young (Allocation Failure) 121M->36M(490M) 13.969ms
[2018-10-31T17:39:45.632+0000][8591839.403s] GC(1327) User=0.03s Sys=0.00s Real=0.01s
[2018-10-31T19:15:27.502+0000][8597581.273s] GC(1328) Pause Young (Allocation Failure)
[2018-10-31T19:15:27.502+0000][8597581.273s] GC(1328) Using 4 workers of 4 for evacuation
[2018-10-31T19:15:27.514+0000][8597581.286s] GC(1328) ParNew: 87811K->394K(109248K)
[2018-10-31T19:15:27.514+0000][8597581.286s] GC(1328) CMS: 37023K->37023K(393216K)
[2018-10-31T19:15:27.514+0000][8597581.286s] GC(1328) Metaspace: 49782K->49782K(1095680K)
[2018-10-31T19:15:27.514+0000][8597581.286s] GC(1328) Pause Young (Allocation Failure) 121M->36M(490M) 12.752ms
[2018-10-31T19:15:27.514+0000][8597581.286s] GC(1328) User=0.02s Sys=0.00s Real=0.01s
[2018-10-31T21:18:46.294+0000][8604980.065s] GC(1329) Pause Young (Allocation Failure)
[2018-10-31T21:18:46.294+0000][8604980.065s] GC(1329) Using 4 workers of 4 for evacuation
[2018-10-31T21:18:46.300+0000][8604980.071s] GC(1329) ParNew: 87818K->419K(109248K)
[2018-10-31T21:18:46.300+0000][8604980.071s] GC(1329) CMS: 37023K->37023K(393216K)
[2018-10-31T21:18:46.300+0000][8604980.071s] GC(1329) Metaspace: 49782K->49782K(1095680K)
[2018-10-31T21:18:46.300+0000][8604980.071s] GC(1329) Pause Young (Allocation Failure) 121M->36M(490M) 6.428ms
[2018-10-31T21:18:46.300+0000][8604980.071s] GC(1329) User=0.01s Sys=0.00s Real=0.01s
[2018-10-31T23:22:46.683+0000][8612420.454s] GC(1330) Pause Young (Allocation Failure)
[2018-10-31T23:22:46.683+0000][8612420.454s] GC(1330) Using 4 workers of 4 for evacuation
[2018-10-31T23:22:46.689+0000][8612420.460s] GC(1330) ParNew: 87843K->509K(109248K)
[2018-10-31T23:22:46.689+0000][8612420.460s] GC(1330) CMS: 37023K->37023K(393216K)
[2018-10-31T23:22:46.689+0000][8612420.460s] GC(1330) Metaspace: 49782K->49782K(1095680K)
[2018-10-31T23:22:46.689+0000][8612420.460s] GC(1330) Pause Young (Allocation Failure) 121M->36M(490M) 6.273ms
[2018-10-31T23:22:46.689+0000][8612420.460s] GC(1330) User=0.01s Sys=0.00s Real=0.01s
[2018-11-01T00:41:46.935+0000][8617160.706s] GC(1331) Pause Young (Allocation Failure)
[2018-11-01T00:41:46.935+0000][8617160.706s] GC(1331) Using 4 workers of 4 for evacuation
[2018-11-01T00:41:46.941+0000][8617160.712s] GC(1331) ParNew: 87933K->433K(109248K)
[2018-11-01T00:41:46.941+0000][8617160.712s] GC(1331) CMS: 37023K->37023K(393216K)
[2018-11-01T00:41:46.941+0000][8617160.712s] GC(1331) Metaspace: 49782K->49782K(1095680K)
[2018-11-01T00:41:46.941+0000][8617160.712s] GC(1331) Pause Young (Allocation Failure) 122M->36M(490M) 6.330ms
[2018-11-01T00:41:46.941+0000][8617160.712s] GC(1331) User=0.01s Sys=0.00s Real=0.01s
[2018-11-01T03:07:47.396+0000][8625921.167s] GC(1332) Pause Young (Allocation Failure)
[2018-11-01T03:07:47.396+0000][8625921.167s] GC(1332) Using 4 workers of 4 for evacuation
[2018-11-01T03:07:47.403+0000][8625921.175s] GC(1332) ParNew: 87857K->439K(109248K)
[2018-11-01T03:07:47.403+0000][8625921.175s] GC(1332) CMS: 37023K->37023K(393216K)
[2018-11-01T03:07:47.403+0000][8625921.175s] GC(1332) Metaspace: 49782K->49782K(1095680K)
[2018-11-01T03:07:47.403+0000][8625921.175s] GC(1332) Pause Young (Allocation Failure) 121M->36M(490M) 7.916ms
[2018-11-01T03:07:47.404+0000][8625921.175s] GC(1332) User=0.01s Sys=0.00s Real=0.00s
[2018-11-01T05:29:47.870+0000][8634441.641s] GC(1333) Pause Young (Allocation Failure)
[2018-11-01T05:29:47.870+0000][8634441.641s] GC(1333) Using 4 workers of 4 for evacuation
[2018-11-01T05:29:47.877+0000][8634441.648s] GC(1333) ParNew: 87863K->411K(109248K)
[2018-11-01T05:29:47.877+0000][8634441.648s] GC(1333) CMS: 37023K->37023K(393216K)
[2018-11-01T05:29:47.877+0000][8634441.648s] GC(1333) Metaspace: 49782K->49782K(1095680K)
[2018-11-01T05:29:47.877+0000][8634441.648s] GC(1333) Pause Young (Allocation Failure) 121M->36M(490M) 7.146ms
[2018-11-01T05:29:47.877+0000][8634441.648s] GC(1333) User=0.01s Sys=0.00s Real=0.01s
[2018-11-01T07:33:48.281+0000][8641882.052s] GC(1334) Pause Young (Allocation Failure)
[2018-11-01T07:33:48.281+0000][8641882.052s] GC(1334) Using 4 workers of 4 for evacuation
[2018-11-01T07:33:48.287+0000][8641882.058s] GC(1334) ParNew: 87835K->511K(109248K)
[2018-11-01T07:33:48.287+0000][8641882.058s] GC(1334) CMS: 37023K->37023K(393216K)
[2018-11-01T07:33:48.287+0000][8641882.058s] GC(1334) Metaspace: 49782K->49782K(1095680K)
[2018-11-01T07:33:48.287+0000][8641882.058s] GC(1334) Pause Young (Allocation Failure) 121M->36M(490M) 5.656ms
[2018-11-01T07:33:48.287+0000][8641882.058s] GC(1334) User=0.01s Sys=0.00s Real=0.01s
[2018-11-01T09:36:48.751+0000][8649262.522s] GC(1335) Pause Young (Allocation Failure)
[2018-11-01T09:36:48.751+0000][8649262.522s] GC(1335) Using 4 workers of 4 for evacuation
[2018-11-01T09:36:48.758+0000][8649262.529s] GC(1335) ParNew: 87935K->429K(109248K)
[2018-11-01T09:36:48.758+0000][8649262.529s] GC(1335) CMS: 37023K->37023K(393216K)
[2018-11-01T09:36:48.758+0000][8649262.529s] GC(1335) Metaspace: 49782K->49782K(1095680K)
[2018-11-01T09:36:48.758+0000][8649262.529s] GC(1335) Pause Young (Allocation Failure) 122M->36M(490M) 7.208ms
[2018-11-01T09:36:48.758+0000][8649262.529s] GC(1335) User=0.02s Sys=0.00s Real=0.01s
[2018-11-01T11:56:49.215+0000][8657662.986s] GC(1336) Pause Young (Allocation Failure)
[2018-11-01T11:56:49.215+0000][8657662.986s] GC(1336) Using 4 workers of 4 for evacuation
[2018-11-01T11:56:49.222+0000][8657662.993s] GC(1336) ParNew: 87853K->483K(109248K)
[2018-11-01T11:56:49.222+0000][8657662.993s] GC(1336) CMS: 37023K->37023K(393216K)
[2018-11-01T11:56:49.222+0000][8657662.993s] GC(1336) Metaspace: 49782K->49782K(1095680K)
[2018-11-01T11:56:49.222+0000][8657662.993s] GC(1336) Pause Young (Allocation Failure) 121M->36M(490M) 7.491ms
[2018-11-01T11:56:49.222+0000][8657662.993s] GC(1336) User=0.01s Sys=0.00s Real=0.01s
[2018-11-01T13:38:49.597+0000][8663783.369s] GC(1337) Pause Young (Allocation Failure)
[2018-11-01T13:38:49.598+0000][8663783.369s] GC(1337) Using 4 workers of 4 for evacuation
[2018-11-01T13:38:49.607+0000][8663783.378s] GC(1337) ParNew: 87907K->456K(109248K)
[2018-11-01T13:38:49.607+0000][8663783.378s] GC(1337) CMS: 37023K->37023K(393216K)
[2018-11-01T13:38:49.607+0000][8663783.378s] GC(1337) Metaspace: 49782K->49782K(1095680K)
[2018-11-01T13:38:49.607+0000][8663783.378s] GC(1337) Pause Young (Allocation Failure) 122M->36M(490M) 9.377ms
[2018-11-01T13:38:49.607+0000][8663783.378s] GC(1337) User=0.01s Sys=0.00s Real=0.01s
[2018-11-01T15:33:14.410+0000][8670648.181s] GC(1338) Pause Young (Allocation Failure)
[2018-11-01T15:33:14.410+0000][8670648.181s] GC(1338) Using 4 workers of 4 for evacuation
[2018-11-01T15:33:14.425+0000][8670648.196s] GC(1338) ParNew: 87880K->413K(109248K)
[2018-11-01T15:33:14.425+0000][8670648.196s] GC(1338) CMS: 37023K->37023K(393216K)
[2018-11-01T15:33:14.425+0000][8670648.196s] GC(1338) Metaspace: 49782K->49782K(1095680K)
[2018-11-01T15:33:14.425+0000][8670648.196s] GC(1338) Pause Young (Allocation Failure) 121M->36M(490M) 15.131ms
[2018-11-01T15:33:14.425+0000][8670648.196s] GC(1338) User=0.03s Sys=0.00s Real=0.01s
[2018-11-01T17:20:50.334+0000][8677104.105s] GC(1339) Pause Young (Allocation Failure)
[2018-11-01T17:20:50.334+0000][8677104.105s] GC(1339) Using 4 workers of 4 for evacuation
[2018-11-01T17:20:50.349+0000][8677104.120s] GC(1339) ParNew: 87837K->444K(109248K)
[2018-11-01T17:20:50.349+0000][8677104.120s] GC(1339) CMS: 37023K->37023K(393216K)
[2018-11-01T17:20:50.349+0000][8677104.120s] GC(1339) Metaspace: 49782K->49782K(1095680K)
[2018-11-01T17:20:50.349+0000][8677104.120s] GC(1339) Pause Young (Allocation Failure) 121M->36M(490M) 14.713ms
[2018-11-01T17:20:50.349+0000][8677104.120s] GC(1339) User=0.02s Sys=0.00s Real=0.02s
[2018-11-01T20:08:50.849+0000][8687184.620s] GC(1340) Pause Young (Allocation Failure)
[2018-11-01T20:08:50.849+0000][8687184.620s] GC(1340) Using 4 workers of 4 for evacuation
[2018-11-01T20:08:50.857+0000][8687184.629s] GC(1340) ParNew: 87868K->432K(109248K)
[2018-11-01T20:08:50.857+0000][8687184.629s] GC(1340) CMS: 37023K->37023K(393216K)
[2018-11-01T20:08:50.857+0000][8687184.629s] GC(1340) Metaspace: 49782K->49782K(1095680K)
[2018-11-01T20:08:50.857+0000][8687184.629s] GC(1340) Pause Young (Allocation Failure) 121M->36M(490M) 8.774ms
[2018-11-01T20:08:50.857+0000][8687184.629s] GC(1340) User=0.01s Sys=0.00s Real=0.01s
[2018-11-01T22:34:51.289+0000][8695945.060s] GC(1341) Pause Young (Allocation Failure)
[2018-11-01T22:34:51.289+0000][8695945.060s] GC(1341) Using 4 workers of 4 for evacuation
[2018-11-01T22:34:51.304+0000][8695945.075s] GC(1341) ParNew: 87856K->374K(109248K)
[2018-11-01T22:34:51.304+0000][8695945.075s] GC(1341) CMS: 37023K->37024K(393216K)
[2018-11-01T22:34:51.304+0000][8695945.075s] GC(1341) Metaspace: 49782K->49782K(1095680K)
[2018-11-01T22:34:51.304+0000][8695945.075s] GC(1341) Pause Young (Allocation Failure) 121M->36M(490M) 14.944ms
[2018-11-01T22:34:51.304+0000][8695945.075s] GC(1341) User=0.03s Sys=0.00s Real=0.01s
[2018-11-02T00:17:15.904+0000][8702089.675s] GC(1342) Pause Young (Allocation Failure)
[2018-11-02T00:17:15.904+0000][8702089.675s] GC(1342) Using 4 workers of 4 for evacuation
[2018-11-02T00:17:15.916+0000][8702089.687s] GC(1342) ParNew: 87798K->503K(109248K)
[2018-11-02T00:17:15.916+0000][8702089.687s] GC(1342) CMS: 37024K->37024K(393216K)
[2018-11-02T00:17:15.916+0000][8702089.687s] GC(1342) Metaspace: 49782K->49782K(1095680K)
[2018-11-02T00:17:15.916+0000][8702089.687s] GC(1342) Pause Young (Allocation Failure) 121M->36M(490M) 11.547ms
[2018-11-02T00:17:15.916+0000][8702089.687s] GC(1342) User=0.02s Sys=0.00s Real=0.02s
[2018-11-02T01:25:51.849+0000][8706205.620s] GC(1343) Pause Young (Allocation Failure)
[2018-11-02T01:25:51.849+0000][8706205.620s] GC(1343) Using 4 workers of 4 for evacuation
[2018-11-02T01:25:51.856+0000][8706205.627s] GC(1343) ParNew: 87927K->451K(109248K)
[2018-11-02T01:25:51.856+0000][8706205.628s] GC(1343) CMS: 37024K->37024K(393216K)
[2018-11-02T01:25:51.856+0000][8706205.628s] GC(1343) Metaspace: 49782K->49782K(1095680K)
[2018-11-02T01:25:51.856+0000][8706205.628s] GC(1343) Pause Young (Allocation Failure) 122M->36M(490M) 7.225ms
[2018-11-02T01:25:51.856+0000][8706205.628s] GC(1343) User=0.01s Sys=0.00s Real=0.01s
[2018-11-02T03:45:30.212+0000][8714583.983s] GC(1344) Pause Young (Allocation Failure)
[2018-11-02T03:45:30.212+0000][8714583.983s] GC(1344) Using 4 workers of 4 for evacuation
[2018-11-02T03:45:30.224+0000][8714583.995s] GC(1344) ParNew: 87875K->444K(109248K)
[2018-11-02T03:45:30.224+0000][8714583.995s] GC(1344) CMS: 37024K->37024K(393216K)
[2018-11-02T03:45:30.224+0000][8714583.995s] GC(1344) Metaspace: 49782K->49782K(1095680K)
[2018-11-02T03:45:30.224+0000][8714583.995s] GC(1344) Pause Young (Allocation Failure) 121M->36M(490M) 11.592ms
[2018-11-02T03:45:30.224+0000][8714583.995s] GC(1344) User=0.02s Sys=0.00s Real=0.01s
[2018-11-02T04:30:31.453+0000][8717285.225s] GC(1345) Pause Young (Allocation Failure)
[2018-11-02T04:30:31.454+0000][8717285.225s] GC(1345) Using 4 workers of 4 for evacuation
[2018-11-02T04:30:31.468+0000][8717285.240s] GC(1345) ParNew: 87868K->388K(109248K)
[2018-11-02T04:30:31.468+0000][8717285.240s] GC(1345) CMS: 37024K->37024K(393216K)
[2018-11-02T04:30:31.468+0000][8717285.240s] GC(1345) Metaspace: 49782K->49782K(1095680K)
[2018-11-02T04:30:31.469+0000][8717285.240s] GC(1345) Pause Young (Allocation Failure) 121M->36M(490M) 15.095ms
[2018-11-02T04:30:31.469+0000][8717285.240s] GC(1345) User=0.02s Sys=0.00s Real=0.02s
